--------- beginning of system
01-14 12:53:01.560 22606 22606 W PackageParser: Unknown element under <manifest>: meta-data at /data/app/vmdl828683523.tmp/base.apk Binary XML file line #11
01-14 12:53:01.567  1729  3158 I chatty  : uid=1000(system) Binder:1729_B expire 2 lines
01-14 12:53:01.575  1729  1754 I chatty  : uid=1000(system) android.display expire 23 lines
01-14 12:53:01.578  1729  4285 I chatty  : uid=1000(system) Binder:1729_17 expire 4 lines
01-14 12:53:01.602  1729  4284 I chatty  : uid=1000(system) Binder:1729_16 expire 1 line
01-14 12:53:01.687  1729  3157 I chatty  : uid=1000(system) Binder:1729_A expire 4 lines
01-14 12:53:01.715 22606 22606 W PackageParser: Unknown element under <manifest>: meta-data at /storage/emulated/0/Android/data/com.android.packageinstaller/cache/package1521804649.apk Binary XML file line #11
01-14 12:53:01.720 22606 22606 W PackageParser: Unknown element under <manifest>: meta-data at /storage/emulated/0/Android/data/com.android.packageinstaller/cache/package1521804649.apk Binary XML file line #11
01-14 12:53:01.723   673   673 W PackageParser: Unknown element under <manifest>: meta-data at /data/data/com.tencent.tim/app_installed_plugin/mail_plugin.apk Binary XML file line #102
01-14 12:53:01.727 22606 22606 W PackageParser: Unknown element under <manifest>: meta-data at /storage/emulated/0/Android/data/com.android.packageinstaller/cache/package1521804649.apk Binary XML file line #11
01-14 12:53:01.751  1729  4287 I chatty  : uid=1000(system) Binder:1729_19 expire 3 lines
01-14 12:53:02.136  1729  1743 I chatty  : uid=1000(system) ActivityManager expire 2 lines
01-14 12:53:02.579   673   673 W PackageParser: Unknown element under <manifest>: meta-data at /data/user/0/com.tencent.tim/app_installed_plugin/mail_plugin.apk Binary XML file line #102
01-14 12:53:09.432  1729  4310 I chatty  : uid=1000(system) Binder:1729_1F expire 3 lines
01-14 12:53:09.474  1729  4295 I chatty  : uid=1000(system) Binder:1729_1C expire 1 line
01-14 12:53:09.503 24791 24803 W PackageParser: Unknown element under <manifest>: meta-data at /storage/emulated/0/Android/data/com.android.packageinstaller/cache/package1521804649.apk Binary XML file line #11
01-14 12:53:09.838  1729  1739 I chatty  : uid=1000(system) Binder:1729_1 expire 1 line
01-14 12:53:09.844  1729  3081 I chatty  : uid=1000(system) pool-3-thread-1 expire 1 line
01-14 12:53:09.848  1729  4291 I chatty  : uid=1000(system) Binder:1729_1B expire 1 line
01-14 12:53:15.133  1729  2913 I chatty  : uid=1000(system) Binder:1729_8 expire 2 lines
01-14 12:53:15.179  1729  2688 I chatty  : uid=1000(system) Binder:1729_6 expire 1 line
01-14 12:53:15.186 22606 22606 W PackageParser: Unknown element under <manifest>: meta-data at /storage/emulated/0/Android/data/com.android.packageinstaller/cache/package1521804649.apk Binary XML file line #11
01-14 12:53:15.210  1729 17562 I chatty  : uid=1000(system) Binder:1729_10 expire 1 line
01-14 12:53:15.223  1729  1957 I chatty  : uid=1000(system) PackageInstalle expire 3 lines
01-14 12:53:15.226  1729  1786 I chatty  : uid=1000(system) PackageManager expire 9 lines
01-14 12:53:15.226  1729  1754 I chatty  : uid=1000(system) android.display expire 69 lines
01-14 12:53:17.137  1729  1786 I chatty  : uid=1000(system) PackageManager expire 4 lines
01-14 12:53:17.149  1729  1760 I chatty  : uid=1000(system) Binder:1729_4 expire 3 lines
01-14 12:53:17.221  1729  1745 I chatty  : uid=1000(system) BroadcastQueue expire 18 lines
01-14 12:53:17.294  1729  1729 I chatty  : uid=1000 system_server expire 3 lines
01-14 12:53:17.302  1729  3350 I chatty  : uid=1000(system) Binder:1729_C expire 4 lines
01-14 12:53:17.316  1729  2857 I chatty  : uid=1000(system) Binder:1729_7 expire 3 lines
01-14 12:53:17.434  1729  3081 I chatty  : uid=1000(system) pool-3-thread-1 expire 2 lines
01-14 12:53:17.445  1729 17562 I chatty  : uid=1000(system) Binder:1729_10 expire 2 lines
01-14 12:53:17.453  1729  2975 I chatty  : uid=1000(system) Binder:1729_9 expire 4 lines
01-14 12:53:17.588  1729  1740 I chatty  : uid=1000(system) Binder:1729_2 expire 2 lines
01-14 12:53:17.624  1729  4309 I chatty  : uid=1000(system) Binder:1729_1E expire 1 line
01-14 12:53:17.745  1729  4286 I chatty  : uid=1000(system) Binder:1729_18 expire 5 lines
01-14 12:53:17.780  1729  1742 I chatty  : uid=1000(system) android.bg expire 5 lines
01-14 12:53:17.856  1729 24321 I chatty  : uid=1000(system) Binder:1729_14 expire 4 lines
01-14 12:53:17.909  1729  3351 I chatty  : uid=1000(system) Binder:1729_D expire 1 line
01-14 12:53:17.943  1729  1743 I chatty  : uid=1000(system) ActivityManager expire 6 lines
01-14 12:53:18.096  1729 17563 I chatty  : uid=1000(system) Binder:1729_11 expire 3 lines
01-14 12:53:18.173  1729  3158 I chatty  : uid=1000(system) Binder:1729_B expire 3 lines
01-14 12:53:18.250  1729  4287 I chatty  : uid=1000(system) Binder:1729_19 expire 2 lines
01-14 12:53:18.306  1729  4308 I chatty  : uid=1000(system) Binder:1729_1D expire 9 lines
01-14 12:53:18.320  1729  3379 I chatty  : uid=1000(system) Binder:1729_F expire 4 lines
01-14 12:53:18.408  1729  4288 I chatty  : uid=1000(system) Binder:1729_1A expire 1 line
01-14 12:53:18.482  1729  2913 I chatty  : uid=1000(system) Binder:1729_8 expire 1 line
01-14 12:53:18.588   945  1307 W FileUtils: Failed to chmod(/storage/emulated/0/.mcs/mcs.db): android.system.ErrnoException: chmod failed: EPERM (Operation not permitted)
01-14 12:53:18.601  1729 26221 I chatty  : uid=1000(system) Binder:1729_15 expire 2 lines
01-14 12:53:18.625  1729  2688 I chatty  : uid=1000(system) Binder:1729_6 expire 1 line
01-14 12:53:18.813  1729  4284 I chatty  : uid=1000(system) Binder:1729_16 expire 7 lines
01-14 12:53:19.351  1729  2687 I chatty  : uid=1000(system) Binder:1729_5 expire 2 lines
01-14 12:53:19.399   945  1387 W ActivityThread: ClassLoader.loadClass: The class loader returned by Thread.getContextClassLoader() may fail for processes that host multiple applications. You should explicitly specify a context class loader. For example: Thread.setContextClassLoader(getClass().getClassLoader());
01-14 12:53:20.093  1729  3172 I chatty  : uid=1000(system) backup expire 1 line
01-14 12:53:22.828  1729  4291 I chatty  : uid=1000(system) Binder:1729_1B expire 3 lines
01-14 12:53:27.381  1729  4295 I chatty  : uid=1000(system) Binder:1729_1C expire 2 lines
01-14 12:53:27.474  1729  1739 I chatty  : uid=1000(system) Binder:1729_1 expire 3 lines
01-14 12:53:33.962  1729  3157 I chatty  : uid=1000(system) Binder:1729_A expire 3 lines
01-14 12:53:34.674  1729  1757 I chatty  : uid=1000(system) Binder:1729_3 expire 3 lines
01-14 12:53:34.981  1729  3378 I chatty  : uid=1000(system) Binder:1729_E expire 1 line
01-14 12:53:38.869  1729  4312 I chatty  : uid=1000(system) Binder:1729_20 expire 3 lines
01-14 12:53:38.885  1729  4285 I chatty  : uid=1000(system) Binder:1729_17 expire 5 lines
01-14 12:54:00.902  1729 17677 I chatty  : uid=1000(system) Binder:1729_12 expire 14 lines
01-14 12:54:00.976  1729  3351 I chatty  : uid=1000(system) Binder:1729_D expire 4 lines
01-14 12:54:00.986  1729  4285 I chatty  : uid=1000(system) Binder:1729_17 expire 2 lines
01-14 12:54:00.989  1729  3157 I chatty  : uid=1000(system) Binder:1729_A expire 2 lines
01-14 12:54:00.996  1729  1754 I chatty  : uid=1000(system) android.display expire 13 lines
01-14 12:54:00.998  1729 26221 I chatty  : uid=1000(system) Binder:1729_15 expire 7 lines
01-14 12:54:01.002  1729  1729 I chatty  : uid=1000 system_server expire 4 lines
01-14 12:54:01.003  1729  1742 I chatty  : uid=1000(system) android.bg expire 6 lines
01-14 12:54:01.008  1729  4288 I chatty  : uid=1000(system) Binder:1729_1A expire 1 line
01-14 12:54:01.031  1729  1760 I chatty  : uid=1000(system) Binder:1729_4 expire 7 lines
01-14 12:54:13.172  1729  1957 I chatty  : uid=1000(system) PackageInstalle expire 4 lines
01-14 12:54:13.191 22606 22606 W PackageParser: Unknown element under <manifest>: meta-data at /data/app/vmdl1229462603.tmp/base.apk Binary XML file line #11
01-14 12:54:13.200  1729  4287 I chatty  : uid=1000(system) Binder:1729_19 expire 6 lines
01-14 12:54:13.209  1729  1754 I chatty  : uid=1000(system) android.display expire 64 lines
01-14 12:54:13.212  1729  2688 I chatty  : uid=1000(system) Binder:1729_6 expire 11 lines
01-14 12:54:13.236  1729 17563 I chatty  : uid=1000(system) Binder:1729_11 expire 1 line
01-14 12:54:13.327  1729  3158 I chatty  : uid=1000(system) Binder:1729_B expire 8 lines
01-14 12:54:13.342 22606 22606 W PackageParser: Unknown element under <manifest>: meta-data at /storage/emulated/0/Android/data/com.android.packageinstaller/cache/package2115952031.apk Binary XML file line #11
01-14 12:54:13.348 22606 22606 W PackageParser: Unknown element under <manifest>: meta-data at /storage/emulated/0/Android/data/com.android.packageinstaller/cache/package2115952031.apk Binary XML file line #11
01-14 12:54:13.354 22606 22606 W PackageParser: Unknown element under <manifest>: meta-data at /storage/emulated/0/Android/data/com.android.packageinstaller/cache/package2115952031.apk Binary XML file line #11
01-14 12:54:13.763  1729  1743 I chatty  : uid=1000(system) ActivityManager expire 4 lines
01-14 12:54:15.266  1729 17677 I chatty  : uid=1000(system) Binder:1729_12 expire 2 lines
01-14 12:54:15.280 24791 24802 W PackageParser: Unknown element under <manifest>: meta-data at /storage/emulated/0/Android/data/com.android.packageinstaller/cache/package2115952031.apk Binary XML file line #11
01-14 12:54:15.530  1729  4286 I chatty  : uid=1000(system) Binder:1729_18 expire 1 line
01-14 12:54:15.533  1729  3081 I chatty  : uid=1000(system) pool-3-thread-1 expire 3 lines
01-14 12:54:15.537  1729  4312 I chatty  : uid=1000(system) Binder:1729_20 expire 1 line
01-14 12:54:20.434  1729  4308 I chatty  : uid=1000(system) Binder:1729_1D expire 3 lines
01-14 12:54:20.485 22606 22606 W PackageParser: Unknown element under <manifest>: meta-data at /storage/emulated/0/Android/data/com.android.packageinstaller/cache/package2115952031.apk Binary XML file line #11
01-14 12:54:20.520  1729  1786 I chatty  : uid=1000(system) PackageManager expire 12 lines
01-14 12:54:22.201  1729  1745 I chatty  : uid=1000(system) BroadcastQueue expire 8 lines
01-14 12:54:22.451  1729  2857 I chatty  : uid=1000(system) Binder:1729_7 expire 3 lines
01-14 12:54:22.600  1729 24261 I chatty  : uid=1000(system) Binder:1729_13 expire 1 line
01-14 12:54:22.750  1729  1739 I chatty  : uid=1000(system) Binder:1729_1 expire 1 line
01-14 12:54:23.125  1729  3378 I chatty  : uid=1000(system) Binder:1729_E expire 2 lines
01-14 12:54:23.707  1729  1757 I chatty  : uid=1000(system) Binder:1729_3 expire 1 line
01-14 12:54:25.045  1729  3172 I chatty  : uid=1000(system) backup expire 1 line
01-14 12:54:25.610  1729  2975 I chatty  : uid=1000(system) Binder:1729_9 expire 2 lines
01-14 12:54:27.746  1729  1740 I chatty  : uid=1000(system) Binder:1729_2 expire 1 line
01-14 12:54:27.749  1729 24321 I chatty  : uid=1000(system) Binder:1729_14 expire 3 lines
01-14 12:54:28.132  1729  1754 I chatty  : uid=1000(system) android.display expire 37 lines
01-14 12:54:29.035  1729  4295 I chatty  : uid=1000(system) Binder:1729_1C expire 3 lines
01-14 12:54:29.075  1729  4284 I chatty  : uid=1000(system) Binder:1729_16 expire 2 lines
01-14 12:54:30.575  1729  1786 I chatty  : uid=1000(system) PackageManager expire 1 line
01-14 12:54:30.578  1729  2688 I chatty  : uid=1000(system) Binder:1729_6 expire 7 lines
01-14 12:54:30.588  1729  4286 I chatty  : uid=1000(system) Binder:1729_18 expire 2 lines
01-14 12:54:31.652  1729  4291 I chatty  : uid=1000(system) Binder:1729_1B expire 1 line
01-14 12:54:32.492  1729  2687 I chatty  : uid=1000(system) Binder:1729_5 expire 3 lines
01-14 12:54:32.535  1729  2857 I chatty  : uid=1000(system) Binder:1729_7 expire 2 lines
01-14 12:54:43.150  1729  1745 I chatty  : uid=1000(system) BroadcastQueue expire 22 lines
01-14 12:54:43.170  1729 17677 I chatty  : uid=1000(system) Binder:1729_12 expire 1 line
01-14 12:55:00.019  1729 17562 I chatty  : uid=1000(system) Binder:1729_10 expire 6 lines
01-14 12:55:00.063  1729  3158 I chatty  : uid=1000(system) Binder:1729_B expire 4 lines
01-14 12:55:32.581  1729  1751 I chatty  : uid=1000(system) batterystats-sy expire 3 lines
01-14 12:55:34.296  1729  1742 I chatty  : uid=1000(system) android.bg expire 8 lines
01-14 12:55:38.918  1729 17563 I chatty  : uid=1000(system) Binder:1729_11 expire 3 lines
01-14 12:55:46.542  1729  1729 I chatty  : uid=1000 system_server expire 9 lines
01-14 12:55:46.546  1729  1757 I chatty  : uid=1000(system) Binder:1729_3 expire 2 lines
01-14 12:55:46.672  1729  4309 I chatty  : uid=1000(system) Binder:1729_1E expire 3 lines
01-14 12:55:48.480  1729  2024 I chatty  : uid=1000(system) InputReader expire 5 lines
01-14 12:55:48.484  1729  2270 I chatty  : uid=1000(system) aceService.Main expire 1 line
01-14 12:55:48.651  1729  1780 I chatty  : uid=1000(system) PowerManagerSer expire 3 lines
01-14 12:55:48.762  1729  4310 I chatty  : uid=1000(system) Binder:1729_1F expire 3 lines
01-14 12:55:48.878  1729  3157 I chatty  : uid=1000(system) Binder:1729_A expire 1 line
01-14 12:55:48.912  1729  4312 I chatty  : uid=1000(system) Binder:1729_20 expire 14 lines
01-14 12:55:49.817  1729  4608 I chatty  : uid=1000(system) IzatServiceBase expire 1 line
01-14 12:55:49.969  1729  1739 I chatty  : uid=1000(system) Binder:1729_1 expire 6 lines
01-14 12:55:50.039  1729  1740 I chatty  : uid=1000(system) Binder:1729_2 expire 10 lines
01-14 12:55:50.260  1729  2913 I chatty  : uid=1000(system) Binder:1729_8 expire 6 lines
01-14 12:55:51.447  1729  1752 I chatty  : uid=1000(system) android.fg expire 1 line
01-14 12:55:51.553   527   535 D         : findAdb is 1
01-14 12:55:51.604  1729  1745 I chatty  : uid=1000(system) BroadcastQueue expire 6 lines
01-14 12:55:51.844  1729  1755 I chatty  : uid=1000(system) BpmThread expire 6 lines
01-14 12:56:01.727  1729  3350 I chatty  : uid=1000(system) Binder:1729_C expire 1 line
01-14 12:56:01.742  1729 24261 I chatty  : uid=1000(system) Binder:1729_13 expire 4 lines
01-14 12:56:06.736  1729  1746 I chatty  : uid=1000(system) ActivityManager expire 2 lines
01-14 12:56:06.748  1729 26221 I chatty  : uid=1000(system) Binder:1729_15 expire 1 line
01-14 12:56:06.796  1729  3351 I chatty  : uid=1000(system) Binder:1729_D expire 1 line
01-14 12:56:06.797  1729  4308 I chatty  : uid=1000(system) Binder:1729_1D expire 4 lines
01-14 12:56:06.798  1729  2229 I chatty  : uid=1000(system) ConnectivitySer expire 13 lines
01-14 12:56:11.831  1729  4308 I chatty  : uid=1000(system) Binder:1729_1D expire 5 lines
01-14 12:56:11.843  1729 24321 I chatty  : uid=1000(system) Binder:1729_14 expire 2 lines
01-14 12:56:11.845  1729  4291 I chatty  : uid=1000(system) Binder:1729_1B expire 2 lines
01-14 12:56:19.003  1729  2012 I chatty  : uid=1000(system) AlarmManager expire 1 line
01-14 12:56:19.019  1729  1739 I chatty  : uid=1000(system) Binder:1729_1 expire 11 lines
01-14 12:56:19.025  1729  1745 I chatty  : uid=1000(system) BroadcastQueue expire 24 lines
01-14 12:56:19.064  1729  4287 I chatty  : uid=1000(system) Binder:1729_19 expire 7 lines
01-14 12:56:24.443  1729  3378 I chatty  : uid=1000(system) Binder:1729_E expire 1 line
01-14 12:56:24.525  1729 17563 I chatty  : uid=1000(system) Binder:1729_11 expire 3 lines
01-14 12:56:24.882  1729  1729 I chatty  : uid=1000 system_server expire 19 lines
01-14 12:56:24.909  1729  3379 I chatty  : uid=1000(system) Binder:1729_F expire 4 lines
01-14 12:56:24.953  1729  4310 I chatty  : uid=1000(system) Binder:1729_1F expire 6 lines
01-14 12:56:25.031  1729  4284 I chatty  : uid=1000(system) Binder:1729_16 expire 3 lines
01-14 12:56:25.073  1729 24261 I chatty  : uid=1000(system) Binder:1729_13 expire 7 lines
01-14 12:56:25.077 24185 24185 I ActivityThread: Removing dead content provider:android.content.ContentProviderProxy@8c708f2
01-14 12:56:25.150  1729  1740 I chatty  : uid=1000(system) Binder:1729_2 expire 7 lines
01-14 12:56:25.167  1729  4295 I chatty  : uid=1000(system) Binder:1729_1C expire 6 lines
01-14 12:56:25.202  1729  3158 I chatty  : uid=1000(system) Binder:1729_B expire 6 lines
01-14 12:56:25.249  1729  4312 I chatty  : uid=1000(system) Binder:1729_20 expire 4 lines
01-14 12:56:25.255  1729  3157 I chatty  : uid=1000(system) Binder:1729_A expire 14 lines
01-14 12:56:25.287  1729 17677 I chatty  : uid=1000(system) Binder:1729_12 expire 16 lines
01-14 12:56:25.292  2513  2513 I ActivityThread: Removing dead content provider:android.content.ContentProviderProxy@db71d2f
01-14 12:56:25.305  3421  3421 I ActivityThread: Removing dead content provider:android.content.ContentProviderProxy@7e70bf4
01-14 12:56:25.305 21954 21954 I ActivityThread: Removing dead content provider:android.content.ContentProviderProxy@fd3a417
01-14 12:56:25.431  1729  1746 I chatty  : uid=1000(system) ActivityManager expire 4 lines
01-14 12:56:25.605  1729  4286 I chatty  : uid=1000(system) Binder:1729_18 expire 6 lines
01-14 12:56:25.614  1729 17562 I chatty  : uid=1000(system) Binder:1729_10 expire 5 lines
01-14 12:56:25.938  1729  3350 I chatty  : uid=1000(system) Binder:1729_C expire 2 lines
01-14 12:56:26.115  1729 26221 I chatty  : uid=1000(system) Binder:1729_15 expire 4 lines
01-14 12:56:37.523  1729  1751 I chatty  : uid=1000(system) batterystats-sy expire 1 line
01-14 12:56:52.426  1729  1760 I chatty  : uid=1000(system) Binder:1729_4 expire 1 line
01-14 12:56:52.656  1729  4309 I chatty  : uid=1000(system) Binder:1729_1E expire 2 lines
01-14 12:56:54.421  1729  2115 I chatty  : uid=1000(system) WifiStateMachin expire 1 line
01-14 12:56:56.973  1729  2687 I chatty  : uid=1000(system) Binder:1729_5 expire 1 line
01-14 12:56:57.129  1729  3081 I chatty  : uid=1000(system) pool-3-thread-1 expire 1 line
01-14 12:56:58.253  1729  1757 I chatty  : uid=1000(system) Binder:1729_3 expire 1 line
01-14 12:56:58.946  1729  4285 I chatty  : uid=1000(system) Binder:1729_17 expire 1 line
01-14 12:58:19.253  1729  2264 I chatty  : uid=1000(system) FingerprintServ expire 1 line
01-14 12:58:19.255  1729  2268 I chatty  : uid=1000(system) BackTouchSensor expire 3 lines
01-14 12:58:19.271  1729  1780 I chatty  : uid=1000(system) PowerManagerSer expire 1 line
01-14 12:58:19.272  1729  1754 I chatty  : uid=1000(system) android.display expire 38 lines
01-14 12:58:19.362  1729  2016 I chatty  : uid=1000(system) PhoneWinHandler expire 1 line
01-14 12:58:19.363  1729  1780 I chatty  : uid=1000(system) PowerManagerSer expire 3 lines
01-14 12:58:19.382  1729  2268 I chatty  : uid=1000(system) BackTouchSensor expire 2 lines
01-14 12:58:19.382  1729  3081 I chatty  : uid=1000(system) pool-3-thread-1 expire 1 line
01-14 12:58:19.388  1729  4285 I chatty  : uid=1000(system) Binder:1729_17 expire 2 lines
01-14 12:58:19.394  1729  1745 I chatty  : uid=1000(system) BroadcastQueue expire 61 lines
01-14 12:58:19.397  1729  1729 I chatty  : uid=1000 system_server expire 7 lines
01-14 12:58:19.420  1729  1742 I chatty  : uid=1000(system) android.bg expire 1 line
01-14 12:58:19.517  1729  4286 I chatty  : uid=1000(system) Binder:1729_18 expire 1 line
01-14 12:58:19.522  1729  4309 I chatty  : uid=1000(system) Binder:1729_1E expire 2 lines
01-14 12:58:19.537  1729  1757 I chatty  : uid=1000(system) Binder:1729_3 expire 1 line
01-14 12:58:19.537  1729  4291 I chatty  : uid=1000(system) Binder:1729_1B expire 3 lines
01-14 12:58:19.587  1729  4288 I chatty  : uid=1000(system) Binder:1729_1A expire 4 lines
01-14 12:58:19.593  1729 17677 I chatty  : uid=1000(system) Binder:1729_12 expire 3 lines
01-14 12:58:19.607  1729  4608 I chatty  : uid=1000(system) IzatServiceBase expire 1 line
01-14 12:58:19.619  1729 24261 I chatty  : uid=1000(system) Binder:1729_13 expire 3 lines
01-14 12:58:19.626  1729  2687 I chatty  : uid=1000(system) Binder:1729_5 expire 1 line
01-14 12:58:19.629  1729  2975 I chatty  : uid=1000(system) Binder:1729_9 expire 6 lines
01-14 12:58:19.648  1729  3157 I chatty  : uid=1000(system) Binder:1729_A expire 2 lines
01-14 12:58:19.665  1729  2913 I chatty  : uid=1000(system) Binder:1729_8 expire 11 lines
01-14 12:58:19.702  1729  1740 I chatty  : uid=1000(system) Binder:1729_2 expire 3 lines
01-14 12:58:19.716  1729  4310 I chatty  : uid=1000(system) Binder:1729_1F expire 6 lines
01-14 12:58:20.840  2513  2513 D ViewRootImpl: swipeFromBottom mIgnoring true downY 2109 mScreenHeight 2160 mStatusBarHeight 54 globalScale -1.0
01-14 12:58:20.939  2513  2513 D ViewRootImpl: swipeFromBottom mIgnoring true downY 2109 mScreenHeight 2160 mStatusBarHeight 54 globalScale -1.0
01-14 12:58:20.939  2513  2513 D ViewRootImpl: swipeFromBottom mIgnoring === false downY 2109 mStatusBarHeight 54
01-14 12:58:20.988  1729  1739 I chatty  : uid=1000(system) Binder:1729_1 expire 4 lines
01-14 12:58:21.025  1729  1743 I chatty  : uid=1000(system) ActivityManager expire 1 line
01-14 12:58:21.063  1729 24321 I chatty  : uid=1000(system) Binder:1729_14 expire 1 line
01-14 12:58:21.072  1729  4287 I chatty  : uid=1000(system) Binder:1729_19 expire 14 lines
01-14 12:58:21.074  1729  1760 I chatty  : uid=1000(system) Binder:1729_4 expire 3 lines
01-14 12:58:21.077  1729 17562 I chatty  : uid=1000(system) Binder:1729_10 expire 10 lines
01-14 12:58:21.777  1729  4308 I chatty  : uid=1000(system) Binder:1729_1D expire 1 line
01-14 12:58:21.779  1729  3351 I chatty  : uid=1000(system) Binder:1729_D expire 2 lines
01-14 12:58:22.006  1729  4312 I chatty  : uid=1000(system) Binder:1729_20 expire 1 line
01-14 12:58:22.036  1729  4284 I chatty  : uid=1000(system) Binder:1729_16 expire 1 line
01-14 12:58:22.298  1729  3350 I chatty  : uid=1000(system) Binder:1729_C expire 1 line
01-14 12:58:23.217  1729 26221 I chatty  : uid=1000(system) Binder:1729_15 expire 3 lines
01-14 12:58:23.241  1729  1745 I chatty  : uid=1000(system) BroadcastQueue expire 15 lines
01-14 12:58:23.246  1729  2688 I chatty  : uid=1000(system) Binder:1729_6 expire 6 lines
01-14 12:58:23.269  1729  1754 I chatty  : uid=1000(system) android.display expire 58 lines
01-14 12:58:23.363  1729  3350 I chatty  : uid=1000(system) Binder:1729_C expire 4 lines
01-14 12:58:23.625  1729  4310 I chatty  : uid=1000(system) Binder:1729_1F expire 2 lines
01-14 12:58:23.627  1729  4309 I chatty  : uid=1000(system) Binder:1729_1E expire 11 lines
01-14 12:58:24.794  1729  4284 I chatty  : uid=1000(system) Binder:1729_16 expire 5 lines
01-14 12:58:24.823  1729  1743 I chatty  : uid=1000(system) ActivityManager expire 2 lines
01-14 12:58:24.864  1729  3351 I chatty  : uid=1000(system) Binder:1729_D expire 2 lines
01-14 12:58:26.025  1729 24321 I chatty  : uid=1000(system) Binder:1729_14 expire 6 lines
01-14 12:58:26.037  1729  4287 I chatty  : uid=1000(system) Binder:1729_19 expire 3 lines
01-14 12:58:26.049  1729  1729 I chatty  : uid=1000 system_server expire 3 lines
01-14 12:58:26.050  1729  1739 I chatty  : uid=1000(system) Binder:1729_1 expire 4 lines
01-14 12:58:27.746  1729  2857 I chatty  : uid=1000(system) Binder:1729_7 expire 12 lines
01-14 12:58:27.771  1729  3157 I chatty  : uid=1000(system) Binder:1729_A expire 4 lines
01-14 12:58:28.574  1729  3378 I chatty  : uid=1000(system) Binder:1729_E expire 3 lines
01-14 12:58:28.648  1729  4286 I chatty  : uid=1000(system) Binder:1729_18 expire 2 lines
01-14 12:58:28.652  1729 17562 I chatty  : uid=1000(system) Binder:1729_10 expire 3 lines
01-14 12:58:29.177  1729  3379 I chatty  : uid=1000(system) Binder:1729_F expire 2 lines
01-14 12:58:29.235  1729  4285 I chatty  : uid=1000(system) Binder:1729_17 expire 5 lines
01-14 12:58:29.237  1729  4295 I chatty  : uid=1000(system) Binder:1729_1C expire 2 lines
01-14 12:58:29.237  1729  1757 I chatty  : uid=1000(system) Binder:1729_3 expire 7 lines
01-14 12:58:29.238  1729  2229 I chatty  : uid=1000(system) ConnectivitySer expire 3 lines
01-14 12:58:29.242  1729  2687 I chatty  : uid=1000(system) Binder:1729_5 expire 4 lines
01-14 12:58:29.353  1729  2913 I chatty  : uid=1000(system) Binder:1729_8 expire 9 lines
01-14 12:58:29.658  1729 24261 I chatty  : uid=1000(system) Binder:1729_13 expire 3 lines
01-14 12:58:31.216  1729  4291 I chatty  : uid=1000(system) Binder:1729_1B expire 1 line
01-14 12:58:31.280  1729  1752 I chatty  : uid=1000(system) android.fg expire 1 line
01-14 12:58:31.316  1729  1753 I chatty  : uid=1000(system) android.io expire 2 lines
01-14 12:58:31.369  1729  4308 I chatty  : uid=1000(system) Binder:1729_1D expire 1 line
01-14 12:58:31.671  1729  3158 I chatty  : uid=1000(system) Binder:1729_B expire 3 lines
01-14 12:58:31.739  1729  4312 I chatty  : uid=1000(system) Binder:1729_20 expire 2 lines
01-14 12:58:32.258  1729  3081 I chatty  : uid=1000(system) pool-3-thread-1 expire 2 lines
01-14 12:58:32.294  1729  1760 I chatty  : uid=1000(system) Binder:1729_4 expire 1 line
01-14 12:58:32.307  1729  2975 I chatty  : uid=1000(system) Binder:1729_9 expire 1 line
01-14 12:58:35.286  1729  1742 I chatty  : uid=1000(system) android.bg expire 1 line
01-14 12:58:37.392  1729  1754 I chatty  : uid=1000(system) android.display expire 26 lines
01-14 12:58:37.513  1729  1740 I chatty  : uid=1000(system) Binder:1729_2 expire 6 lines
01-14 12:58:37.560  1729  2688 I chatty  : uid=1000(system) Binder:1729_6 expire 4 lines
01-14 12:58:37.582  1729  4291 I chatty  : uid=1000(system) Binder:1729_1B expire 8 lines
01-14 12:58:37.635  5807  5880 W FileUtils: Failed to chmod(/storage/emulated/0/.mcs/mcs.db): android.system.ErrnoException: chmod failed: EPERM (Operation not permitted)
01-14 12:58:37.665  1729 17562 I chatty  : uid=1000(system) Binder:1729_10 expire 7 lines
01-14 12:58:37.687  1729  4287 I chatty  : uid=1000(system) Binder:1729_19 expire 4 lines
01-14 12:58:37.688  1729  1760 I chatty  : uid=1000(system) Binder:1729_4 expire 4 lines
01-14 12:58:37.701  1729 17677 I chatty  : uid=1000(system) Binder:1729_12 expire 8 lines
01-14 12:58:37.704  1729  3378 I chatty  : uid=1000(system) Binder:1729_E expire 4 lines
01-14 12:58:37.716  1729  3157 I chatty  : uid=1000(system) Binder:1729_A expire 3 lines
01-14 12:58:37.720  1729 24321 I chatty  : uid=1000(system) Binder:1729_14 expire 6 lines
01-14 12:58:37.751  5807  5920 W ActivityThread: ClassLoader.loadClass: The class loader returned by Thread.getContextClassLoader() may fail for processes that host multiple applications. You should explicitly specify a context class loader. For example: Thread.setContextClassLoader(getClass().getClassLoader());
01-14 12:58:37.758  1729  2857 I chatty  : uid=1000(system) Binder:1729_7 expire 7 lines
01-14 12:58:37.781  1729  2975 I chatty  : uid=1000(system) Binder:1729_9 expire 6 lines
01-14 12:58:37.855  1729  1743 I chatty  : uid=1000(system) ActivityManager expire 1 line
01-14 12:58:38.061  1729  3351 I chatty  : uid=1000(system) Binder:1729_D expire 11 lines
01-14 12:58:38.184  1729  2687 I chatty  : uid=1000(system) Binder:1729_5 expire 5 lines
01-14 12:58:38.367  1729  3379 I chatty  : uid=1000(system) Binder:1729_F expire 7 lines
01-14 12:58:38.368  1729  4285 I chatty  : uid=1000(system) Binder:1729_17 expire 2 lines
01-14 12:58:38.371  1729  4288 I chatty  : uid=1000(system) Binder:1729_1A expire 5 lines
01-14 12:58:38.405  1729  1757 I chatty  : uid=1000(system) Binder:1729_3 expire 4 lines
01-14 12:58:38.464  1729  3350 I chatty  : uid=1000(system) Binder:1729_C expire 6 lines
01-14 12:58:38.471  1729  4309 I chatty  : uid=1000(system) Binder:1729_1E expire 5 lines
01-14 12:58:38.492  1729  4286 I chatty  : uid=1000(system) Binder:1729_18 expire 4 lines
01-14 12:58:38.509  1729  4310 I chatty  : uid=1000(system) Binder:1729_1F expire 5 lines
01-14 12:58:38.511  1729  4312 I chatty  : uid=1000(system) Binder:1729_20 expire 7 lines
01-14 12:58:38.850  1729  1755 I chatty  : uid=1000(system) BpmThread expire 1 line
01-14 12:58:39.480  1729  2913 I chatty  : uid=1000(system) Binder:1729_8 expire 3 lines
01-14 12:58:39.482  1729  3158 I chatty  : uid=1000(system) Binder:1729_B expire 6 lines
01-14 12:58:42.638  1729  4295 I chatty  : uid=1000(system) Binder:1729_1C expire 5 lines
01-14 12:58:42.959  1729  1745 I chatty  : uid=1000(system) BroadcastQueue expire 1 line
01-14 12:58:44.381  1729 24261 I chatty  : uid=1000(system) Binder:1729_13 expire 3 lines
01-14 12:58:44.433  1729  4308 I chatty  : uid=1000(system) Binder:1729_1D expire 5 lines
01-14 12:58:44.467  1729 26221 I chatty  : uid=1000(system) Binder:1729_15 expire 2 lines
01-14 12:58:44.599  1729  1739 I chatty  : uid=1000(system) Binder:1729_1 expire 8 lines
01-14 12:58:44.632  1729 17563 I chatty  : uid=1000(system) Binder:1729_11 expire 5 lines
01-14 12:58:45.114  1729  4284 I chatty  : uid=1000(system) Binder:1729_16 expire 5 lines
01-14 12:58:46.113  1729  4310 I chatty  : uid=1000(system) Binder:1729_1F expire 1 line
01-14 12:58:46.119  1729  2687 I chatty  : uid=1000(system) Binder:1729_5 expire 2 lines
01-14 12:58:46.149  1729 17563 I chatty  : uid=1000(system) Binder:1729_11 expire 1 line
01-14 12:58:46.162  1729  4295 I chatty  : uid=1000(system) Binder:1729_1C expire 1 line
01-14 12:58:46.179  1729  4286 I chatty  : uid=1000(system) Binder:1729_18 expire 4 lines
01-14 12:58:46.199  1729 24261 I chatty  : uid=1000(system) Binder:1729_13 expire 2 lines
01-14 12:58:46.210  1729  4309 I chatty  : uid=1000(system) Binder:1729_1E expire 1 line
01-14 12:58:46.228  1729  4287 I chatty  : uid=1000(system) Binder:1729_19 expire 5 lines
01-14 12:58:46.243  1729  3379 I chatty  : uid=1000(system) Binder:1729_F expire 1 line
01-14 12:58:46.265  1729  2857 I chatty  : uid=1000(system) Binder:1729_7 expire 2 lines
01-14 12:58:46.283  1729  1739 I chatty  : uid=1000(system) Binder:1729_1 expire 1 line
01-14 12:58:46.299  1729  1760 I chatty  : uid=1000(system) Binder:1729_4 expire 13 lines
01-14 12:58:46.398  1729  4285 I chatty  : uid=1000(system) Binder:1729_17 expire 13 lines
01-14 12:58:46.401  1729 17677 I chatty  : uid=1000(system) Binder:1729_12 expire 2 lines
01-14 12:58:47.475  1729  2688 I chatty  : uid=1000(system) Binder:1729_6 expire 3 lines
01-14 12:58:47.481  1729  1754 I chatty  : uid=1000(system) android.display expire 12 lines
01-14 12:58:47.568  1729  3351 I chatty  : uid=1000(system) Binder:1729_D expire 3 lines
01-14 12:58:47.571  1729  4312 I chatty  : uid=1000(system) Binder:1729_20 expire 4 lines
01-14 12:58:47.739  1729  1753 I chatty  : uid=1000(system) android.io expire 4 lines
01-14 12:58:47.779  1729  3350 I chatty  : uid=1000(system) Binder:1729_C expire 8 lines
01-14 12:58:48.376  1729  1743 I chatty  : uid=1000(system) ActivityManager expire 1 line
01-14 12:58:49.490  1729  4291 I chatty  : uid=1000(system) Binder:1729_1B expire 9 lines
01-14 12:58:54.176  1729  1745 I chatty  : uid=1000(system) BroadcastQueue expire 20 lines
01-14 12:58:54.502  1729  2913 I chatty  : uid=1000(system) Binder:1729_8 expire 9 lines
01-14 12:58:55.947  1729  4308 I chatty  : uid=1000(system) Binder:1729_1D expire 3 lines
01-14 12:58:59.515  1729  1740 I chatty  : uid=1000(system) Binder:1729_2 expire 1 line
01-14 12:59:04.526  1729  3378 I chatty  : uid=1000(system) Binder:1729_E expire 2 lines
01-14 12:59:05.666  1729  2024 I chatty  : uid=1000(system) InputReader expire 5 lines
01-14 12:59:05.666  1729  2270 I chatty  : uid=1000(system) aceService.Main expire 1 line
01-14 12:59:05.819  1729  4288 I chatty  : uid=1000(system) Binder:1729_1A expire 5 lines
01-14 12:59:05.821  1729  3157 I chatty  : uid=1000(system) Binder:1729_A expire 2 lines
01-14 12:59:05.827  1729  1780 I chatty  : uid=1000(system) PowerManagerSer expire 3 lines
01-14 12:59:06.056  1729 26221 I chatty  : uid=1000(system) Binder:1729_15 expire 5 lines
01-14 12:59:06.066  1729  1729 I chatty  : uid=1000 system_server expire 12 lines
01-14 12:59:06.122  1729  2012 I chatty  : uid=1000(system) AlarmManager expire 2 lines
01-14 12:59:06.204  1729  4608 I chatty  : uid=1000(system) IzatServiceBase expire 1 line
01-14 12:59:42.313  1729 24321 I chatty  : uid=1000(system) Binder:1729_14 expire 12 lines
01-14 12:59:42.458  1729 17562 I chatty  : uid=1000(system) Binder:1729_10 expire 3 lines
01-14 12:59:42.565  1729  2975 I chatty  : uid=1000(system) Binder:1729_9 expire 7 lines
01-14 12:59:42.706  5506  5506 I ActivityThread: Removing dead content provider:android.content.ContentProviderProxy@15ce658
01-14 12:59:42.721  1729  1729 I chatty  : uid=1000 system_server expire 13 lines
01-14 12:59:43.131  1729  1745 I chatty  : uid=1000(system) BroadcastQueue expire 46 lines
01-14 12:59:43.159  1729  4310 I chatty  : uid=1000(system) Binder:1729_1F expire 7 lines
01-14 12:59:43.398  1729  4287 I chatty  : uid=1000(system) Binder:1729_19 expire 2 lines
01-14 12:59:43.427  1729  4286 I chatty  : uid=1000(system) Binder:1729_18 expire 1 line
01-14 12:59:43.617  1729 26221 I chatty  : uid=1000(system) Binder:1729_15 expire 8 lines
01-14 13:00:49.123  1729  2264 I chatty  : uid=1000(system) FingerprintServ expire 1 line
01-14 13:00:49.125  1729  2268 I chatty  : uid=1000(system) BackTouchSensor expire 5 lines
01-14 13:00:49.141  1729  1780 I chatty  : uid=1000(system) PowerManagerSer expire 4 lines
01-14 13:00:49.141  1729  1754 I chatty  : uid=1000(system) android.display expire 37 lines
01-14 13:00:49.158  1729  3157 I chatty  : uid=1000(system) Binder:1729_A expire 7 lines
01-14 13:00:49.229  1729  3081 I chatty  : uid=1000(system) pool-3-thread-1 expire 1 line
01-14 13:00:49.258  1729  3350 I chatty  : uid=1000(system) Binder:1729_C expire 3 lines
01-14 13:00:49.261  1729  4312 I chatty  : uid=1000(system) Binder:1729_20 expire 2 lines
01-14 13:00:49.309  1729  1742 I chatty  : uid=1000(system) android.bg expire 2 lines
01-14 13:00:49.378  1729  2688 I chatty  : uid=1000(system) Binder:1729_6 expire 2 lines
01-14 13:00:49.380  1729  2016 I chatty  : uid=1000(system) PhoneWinHandler expire 1 line
01-14 13:00:49.410  1729  4288 I chatty  : uid=1000(system) Binder:1729_1A expire 6 lines
01-14 13:00:49.420  1729  4309 I chatty  : uid=1000(system) Binder:1729_1E expire 1 line
01-14 13:00:49.422  1729  2913 I chatty  : uid=1000(system) Binder:1729_8 expire 7 lines
01-14 13:00:49.446  1729  1760 I chatty  : uid=1000(system) Binder:1729_4 expire 2 lines
01-14 13:00:49.449  1729 24321 I chatty  : uid=1000(system) Binder:1729_14 expire 1 line
01-14 13:00:49.450  1729  4295 I chatty  : uid=1000(system) Binder:1729_1C expire 1 line
01-14 13:00:49.510  1729  4608 I chatty  : uid=1000(system) IzatServiceBase expire 1 line
01-14 13:00:49.523  1729  4291 I chatty  : uid=1000(system) Binder:1729_1B expire 2 lines
01-14 13:00:49.533  1729  1740 I chatty  : uid=1000(system) Binder:1729_2 expire 3 lines
01-14 13:00:49.546  1729 17677 I chatty  : uid=1000(system) Binder:1729_12 expire 5 lines
01-14 13:00:49.567  1729 17562 I chatty  : uid=1000(system) Binder:1729_10 expire 7 lines
01-14 13:00:49.598  1729  3378 I chatty  : uid=1000(system) Binder:1729_E expire 2 lines
01-14 13:00:50.114  2513  2513 D ViewRootImpl: swipeFromBottom mIgnoring true downY 2123 mScreenHeight 2160 mStatusBarHeight 54 globalScale -1.0
01-14 13:00:50.222  2513  2513 D ViewRootImpl: swipeFromBottom mIgnoring true downY 2123 mScreenHeight 2160 mStatusBarHeight 54 globalScale -1.0
01-14 13:00:50.222  2513  2513 D ViewRootImpl: swipeFromBottom mIgnoring === false downY 2123 mStatusBarHeight 54
01-14 13:00:50.280  1729 17563 I chatty  : uid=1000(system) Binder:1729_11 expire 7 lines
01-14 13:00:50.286  1729  1743 I chatty  : uid=1000(system) ActivityManager expire 1 line
01-14 13:00:50.296  1729  1745 I chatty  : uid=1000(system) BroadcastQueue expire 6 lines
01-14 13:00:51.453  1729  3351 I chatty  : uid=1000(system) Binder:1729_D expire 1 line
01-14 13:00:51.498  1729  3379 I chatty  : uid=1000(system) Binder:1729_F expire 2 lines
01-14 13:00:51.619  1729  4285 I chatty  : uid=1000(system) Binder:1729_17 expire 1 line
01-14 13:00:51.679  1729  1729 I chatty  : uid=1000 system_server expire 2 lines
01-14 13:00:51.816  1729  3158 I chatty  : uid=1000(system) Binder:1729_B expire 1 line
01-14 13:00:51.828  1729  1739 I chatty  : uid=1000(system) Binder:1729_1 expire 1 line
01-14 13:00:51.840  1729 24261 I chatty  : uid=1000(system) Binder:1729_13 expire 1 line
01-14 13:00:51.889  1729  4284 I chatty  : uid=1000(system) Binder:1729_16 expire 3 lines
01-14 13:00:51.922  1729  1754 I chatty  : uid=1000(system) android.display expire 42 lines
01-14 13:00:52.249  1729  3351 I chatty  : uid=1000(system) Binder:1729_D expire 5 lines
01-14 13:00:52.251  1729 17563 I chatty  : uid=1000(system) Binder:1729_11 expire 12 lines
01-14 13:00:54.082  1729 24321 I chatty  : uid=1000(system) Binder:1729_14 expire 3 lines
01-14 13:00:54.109  1729  3378 I chatty  : uid=1000(system) Binder:1729_E expire 3 lines
01-14 13:00:54.129  1729  1745 I chatty  : uid=1000(system) BroadcastQueue expire 18 lines
01-14 13:00:54.136  1729  4291 I chatty  : uid=1000(system) Binder:1729_1B expire 3 lines
01-14 13:00:54.481  1729  1757 I chatty  : uid=1000(system) Binder:1729_3 expire 1 line
01-14 13:00:54.510  1729  1753 I chatty  : uid=1000(system) android.io expire 4 lines
01-14 13:00:54.538  1729  4308 I chatty  : uid=1000(system) Binder:1729_1D expire 3 lines
01-14 13:00:54.539  1729  4288 I chatty  : uid=1000(system) Binder:1729_1A expire 2 lines
01-14 13:00:54.629  1729 24261 I chatty  : uid=1000(system) Binder:1729_13 expire 3 lines
01-14 13:00:54.632  1729  4312 I chatty  : uid=1000(system) Binder:1729_20 expire 1 line
01-14 13:00:54.696  1729  1760 I chatty  : uid=1000(system) Binder:1729_4 expire 3 lines
01-14 13:00:54.769  1729  3157 I chatty  : uid=1000(system) Binder:1729_A expire 3 lines
01-14 13:00:56.756  1729  4309 I chatty  : uid=1000(system) Binder:1729_1E expire 3 lines
01-14 13:00:56.881  1729  4285 I chatty  : uid=1000(system) Binder:1729_17 expire 2 lines
01-14 13:01:00.018  1729  4287 I chatty  : uid=1000(system) Binder:1729_19 expire 3 lines
01-14 13:01:04.975  1729  4310 I chatty  : uid=1000(system) Binder:1729_1F expire 4 lines
01-14 13:01:05.069  1729  3350 I chatty  : uid=1000(system) Binder:1729_C expire 1 line
01-14 13:01:07.018  1729  2857 I chatty  : uid=1000(system) Binder:1729_7 expire 4 lines
01-14 13:01:07.040  1729  1740 I chatty  : uid=1000(system) Binder:1729_2 expire 5 lines
01-14 13:01:11.663  1729 26221 I chatty  : uid=1000(system) Binder:1729_15 expire 2 lines
01-14 13:01:14.408  1729  2913 I chatty  : uid=1000(system) Binder:1729_8 expire 4 lines
01-14 13:01:14.534  1729  2688 I chatty  : uid=1000(system) Binder:1729_6 expire 1 line
01-14 13:01:18.166  2513  2513 D ViewRootImpl: swipeFromBottom mIgnoring true downY 2142 mScreenHeight 2160 mStatusBarHeight 54 globalScale -1.0
01-14 13:01:18.259  1729  1754 I chatty  : uid=1000(system) android.display expire 15 lines
01-14 13:01:18.277  1729  4286 I chatty  : uid=1000(system) Binder:1729_18 expire 3 lines
01-14 13:01:18.282  1729  2975 I chatty  : uid=1000(system) Binder:1729_9 expire 2 lines
01-14 13:01:18.418  1729  1729 I chatty  : uid=1000 system_server expire 2 lines
01-14 13:01:19.570  1729  2229 I chatty  : uid=1000(system) ConnectivitySer expire 11 lines
01-14 13:01:19.659  1729  3081 I chatty  : uid=1000(system) pool-3-thread-1 expire 1 line
01-14 13:01:19.947  1729  4295 I chatty  : uid=1000(system) Binder:1729_1C expire 1 line
01-14 13:01:20.262  1729 17677 I chatty  : uid=1000(system) Binder:1729_12 expire 4 lines
01-14 13:01:20.309  1729  3158 I chatty  : uid=1000(system) Binder:1729_B expire 2 lines
01-14 13:01:20.620  1729 17562 I chatty  : uid=1000(system) Binder:1729_10 expire 2 lines
01-14 13:01:20.893  1729  1739 I chatty  : uid=1000(system) Binder:1729_1 expire 1 line
01-14 13:01:20.927  1729  1751 I chatty  : uid=1000(system) batterystats-sy expire 5 lines
01-14 13:01:21.111  1729  2687 I chatty  : uid=1000(system) Binder:1729_5 expire 1 line
01-14 13:01:21.782  1729  1742 I chatty  : uid=1000(system) android.bg expire 2 lines
01-14 13:01:27.157  1729  1755 I chatty  : uid=1000(system) BpmThread expire 13 lines
01-14 13:01:31.515  2513  2513 D ViewRootImpl: swipeFromBottom mIgnoring true downY 2113 mScreenHeight 2160 mStatusBarHeight 54 globalScale -1.0
01-14 13:01:31.609  2513  2513 D ViewRootImpl: swipeFromBottom mIgnoring true downY 2113 mScreenHeight 2160 mStatusBarHeight 54 globalScale -1.0
01-14 13:01:31.609  2513  2513 D ViewRootImpl: swipeFromBottom mIgnoring === false downY 2113 mStatusBarHeight 54
01-14 13:01:31.685  1729  3350 I chatty  : uid=1000(system) Binder:1729_C expire 2 lines
01-14 13:01:31.725  1729  1754 I chatty  : uid=1000(system) android.display expire 49 lines
01-14 13:01:32.860  1729  4291 I chatty  : uid=1000(system) Binder:1729_1B expire 1 line
01-14 13:01:33.634  1729  3158 I chatty  : uid=1000(system) Binder:1729_B expire 2 lines
01-14 13:01:33.731  1729  1740 I chatty  : uid=1000(system) Binder:1729_2 expire 9 lines
01-14 13:01:34.457  2513  2513 D ViewRootImpl: swipeFromBottom mIgnoring true downY 2143 mScreenHeight 2160 mStatusBarHeight 54 globalScale -1.0
01-14 13:01:34.547  1729 17562 I chatty  : uid=1000(system) Binder:1729_10 expire 3 lines
01-14 13:01:34.586  1729  1760 I chatty  : uid=1000(system) Binder:1729_4 expire 2 lines
01-14 13:01:34.589  1729  2687 I chatty  : uid=1000(system) Binder:1729_5 expire 2 lines
01-14 13:01:35.017  1729  1742 I chatty  : uid=1000(system) android.bg expire 6 lines
01-14 13:01:35.631  1729 24261 I chatty  : uid=1000(system) Binder:1729_13 expire 5 lines
01-14 13:01:35.638  1729 24321 I chatty  : uid=1000(system) Binder:1729_14 expire 1 line
01-14 13:01:37.912  1729  4310 I chatty  : uid=1000(system) Binder:1729_1F expire 7 lines
01-14 13:01:38.016  1729 17677 I chatty  : uid=1000(system) Binder:1729_12 expire 2 lines
01-14 13:01:41.522  1729  4288 I chatty  : uid=1000(system) Binder:1729_1A expire 2 lines
01-14 13:01:41.611  1729  2857 I chatty  : uid=1000(system) Binder:1729_7 expire 5 lines
01-14 13:01:57.881  1729  3081 I chatty  : uid=1000(system) pool-3-thread-1 expire 1 line
01-14 13:02:00.037  1729  3378 I chatty  : uid=1000(system) Binder:1729_E expire 1 line
01-14 13:02:00.043  1729  1745 I chatty  : uid=1000(system) BroadcastQueue expire 30 lines
01-14 13:02:00.078  1729  2913 I chatty  : uid=1000(system) Binder:1729_8 expire 9 lines
01-14 13:02:24.171  1729  1751 I chatty  : uid=1000(system) batterystats-sy expire 1 line
01-14 13:03:00.017  1729  4308 I chatty  : uid=1000(system) Binder:1729_1D expire 5 lines
01-14 13:03:04.522  1729  4287 I chatty  : uid=1000(system) Binder:1729_19 expire 5 lines
01-14 13:03:12.659  1729  2024 I chatty  : uid=1000(system) InputReader expire 5 lines
01-14 13:03:12.662  1729  2270 I chatty  : uid=1000(system) aceService.Main expire 1 line
01-14 13:03:12.714  1729  3157 I chatty  : uid=1000(system) Binder:1729_A expire 6 lines
01-14 13:03:12.814  1729  1780 I chatty  : uid=1000(system) PowerManagerSer expire 3 lines
01-14 13:03:12.895  1729 17563 I chatty  : uid=1000(system) Binder:1729_11 expire 1 line
01-14 13:03:13.041  1729  2975 I chatty  : uid=1000(system) Binder:1729_9 expire 1 line
01-14 13:03:13.045  1729  1729 I chatty  : uid=1000 system_server expire 8 lines
01-14 13:03:13.077  1729 26221 I chatty  : uid=1000(system) Binder:1729_15 expire 1 line
01-14 13:03:13.096  1729  1739 I chatty  : uid=1000(system) Binder:1729_1 expire 2 lines
01-14 13:03:13.158  1729  4608 I chatty  : uid=1000(system) IzatServiceBase expire 1 line
01-14 13:03:13.187  1729  4285 I chatty  : uid=1000(system) Binder:1729_17 expire 5 lines
01-14 13:03:13.205  1729  4284 I chatty  : uid=1000(system) Binder:1729_16 expire 1 line
01-14 13:03:43.592  1729  2012 I chatty  : uid=1000(system) AlarmManager expire 1 line
01-14 13:03:44.403  1729  1757 I chatty  : uid=1000(system) Binder:1729_3 expire 3 lines
01-14 13:03:44.512  1729  1746 I chatty  : uid=1000(system) ActivityManager expire 1 line
01-14 13:03:44.523  1729  4312 I chatty  : uid=1000(system) Binder:1729_20 expire 4 lines
01-14 13:03:44.596  1729  4287 I chatty  : uid=1000(system) Binder:1729_19 expire 6 lines
01-14 13:03:44.598  6698  6698 I ActivityThread: Removing dead content provider:android.content.ContentProviderProxy@3294f3b
01-14 13:03:44.605  1729  1729 I chatty  : uid=1000 system_server expire 16 lines
01-14 13:03:44.627  1729  4310 I chatty  : uid=1000(system) Binder:1729_1F expire 6 lines
01-14 13:03:44.654  1729  2975 I chatty  : uid=1000(system) Binder:1729_9 expire 5 lines
01-14 13:03:44.677  1729 17677 I chatty  : uid=1000(system) Binder:1729_12 expire 8 lines
01-14 13:03:44.724  1729  1760 I chatty  : uid=1000(system) Binder:1729_4 expire 4 lines
01-14 13:03:44.805  1729 24321 I chatty  : uid=1000(system) Binder:1729_14 expire 11 lines
01-14 13:03:44.978  1729  1745 I chatty  : uid=1000(system) BroadcastQueue expire 58 lines
01-14 13:03:45.007  1729  3157 I chatty  : uid=1000(system) Binder:1729_A expire 1 line
01-14 13:03:45.199  1729  1757 I chatty  : uid=1000(system) Binder:1729_3 expire 6 lines
01-14 13:03:45.420  1729 24261 I chatty  : uid=1000(system) Binder:1729_13 expire 3 lines
01-14 13:03:45.435  1729 17562 I chatty  : uid=1000(system) Binder:1729_10 expire 2 lines
01-14 13:03:45.462  1729  4309 I chatty  : uid=1000(system) Binder:1729_1E expire 5 lines
01-14 13:05:46.849  1729  2687 I chatty  : uid=1000(system) Binder:1729_5 expire 4 lines
01-14 13:08:13.528  1729  2012 I chatty  : uid=1000(system) AlarmManager expire 1 line
01-14 13:08:13.654  1729  3081 I chatty  : uid=1000(system) pool-3-thread-1 expire 2 lines
01-14 13:08:13.654  1729  1742 I chatty  : uid=1000(system) android.bg expire 3 lines
01-14 13:08:13.796  1729  4291 I chatty  : uid=1000(system) Binder:1729_1B expire 2 lines
01-14 13:08:14.531  1729  1739 I chatty  : uid=1000(system) Binder:1729_1 expire 2 lines
01-14 13:08:14.535  1729  1740 I chatty  : uid=1000(system) Binder:1729_2 expire 2 lines
01-14 13:08:20.956  1729  3378 I chatty  : uid=1000(system) Binder:1729_E expire 4 lines
01-14 13:11:17.102  1729  2688 I chatty  : uid=1000(system) Binder:1729_6 expire 1 line
01-14 13:11:17.151  1729  3350 I chatty  : uid=1000(system) Binder:1729_C expire 4 lines
01-14 13:13:13.700  1729  1755 I chatty  : uid=1000(system) BpmThread expire 3 lines
01-14 13:13:13.712  1729  4295 I chatty  : uid=1000(system) Binder:1729_1C expire 4 lines
01-14 13:13:13.826  1729  3351 I chatty  : uid=1000(system) Binder:1729_D expire 1 line
01-14 13:13:19.553  1729  1751 I chatty  : uid=1000(system) batterystats-sy expire 2 lines
01-14 13:13:22.156  1729  2857 I chatty  : uid=1000(system) Binder:1729_7 expire 2 lines
01-14 13:15:29.263  1729  2264 I chatty  : uid=1000(system) FingerprintServ expire 1 line
01-14 13:15:29.265  1729  2268 I chatty  : uid=1000(system) BackTouchSensor expire 5 lines
01-14 13:15:29.279  1729  1780 I chatty  : uid=1000(system) PowerManagerSer expire 4 lines
01-14 13:15:29.280  1729  1754 I chatty  : uid=1000(system) android.display expire 14 lines
01-14 13:15:29.378  1729  2016 I chatty  : uid=1000(system) PhoneWinHandler expire 1 line
01-14 13:15:29.533  1729  3379 I chatty  : uid=1000(system) Binder:1729_F expire 1 line
01-14 13:15:29.581  1729  4288 I chatty  : uid=1000(system) Binder:1729_1A expire 2 lines
01-14 13:15:29.629  1729  1754 I chatty  : uid=1000(system) android.display expire 23 lines
01-14 13:15:29.630  1729  4608 I chatty  : uid=1000(system) IzatServiceBase expire 2 lines
01-14 13:15:29.635  1729  4312 I chatty  : uid=1000(system) Binder:1729_20 expire 2 lines
01-14 13:15:29.646  1729  1729 I chatty  : uid=1000 system_server expire 12 lines
01-14 13:15:29.648  1729  1739 I chatty  : uid=1000(system) Binder:1729_1 expire 4 lines
01-14 13:15:29.654  1729 17677 I chatty  : uid=1000(system) Binder:1729_12 expire 6 lines
01-14 13:15:29.658  1729  1745 I chatty  : uid=1000(system) BroadcastQueue expire 46 lines
01-14 13:15:29.667  1729  3378 I chatty  : uid=1000(system) Binder:1729_E expire 2 lines
01-14 13:15:29.688  1729  3158 I chatty  : uid=1000(system) Binder:1729_B expire 7 lines
01-14 13:15:29.730  1729  1757 I chatty  : uid=1000(system) Binder:1729_3 expire 3 lines
01-14 13:15:29.750  1729  3157 I chatty  : uid=1000(system) Binder:1729_A expire 8 lines
01-14 13:15:31.656  1729 24321 I chatty  : uid=1000(system) Binder:1729_14 expire 6 lines
01-14 13:15:31.695  1729 26221 I chatty  : uid=1000(system) Binder:1729_15 expire 7 lines
01-14 13:15:31.849  1729  4295 I chatty  : uid=1000(system) Binder:1729_1C expire 5 lines
01-14 13:15:31.855  1729 24261 I chatty  : uid=1000(system) Binder:1729_13 expire 7 lines
01-14 13:15:31.947  1729  4291 I chatty  : uid=1000(system) Binder:1729_1B expire 1 line
01-14 13:15:32.014  1729  4308 I chatty  : uid=1000(system) Binder:1729_1D expire 2 lines
01-14 13:15:32.098  1729  4285 I chatty  : uid=1000(system) Binder:1729_17 expire 4 lines
01-14 13:15:32.124  1729  2913 I chatty  : uid=1000(system) Binder:1729_8 expire 4 lines
01-14 13:15:51.691  1729  1742 I chatty  : uid=1000(system) android.bg expire 7 lines
01-14 13:16:00.018  1729  1743 I chatty  : uid=1000(system) ActivityManager expire 3 lines
01-14 13:16:00.029  1729  3379 I chatty  : uid=1000(system) Binder:1729_F expire 1 line
01-14 13:16:23.216  1729  1755 I chatty  : uid=1000(system) BpmThread expire 7 lines
01-14 13:16:41.537  1729  1751 I chatty  : uid=1000(system) batterystats-sy expire 1 line
01-14 13:16:41.674  1729  4310 I chatty  : uid=1000(system) Binder:1729_1F expire 4 lines
01-14 13:16:41.776  1729  3351 I chatty  : uid=1000(system) Binder:1729_D expire 2 lines
01-14 13:16:41.820  1729  3081 I chatty  : uid=1000(system) pool-3-thread-1 expire 3 lines
01-14 13:16:41.981  1729  4286 I chatty  : uid=1000(system) Binder:1729_18 expire 4 lines
01-14 13:16:42.038  1729  1752 I chatty  : uid=1000(system) android.fg expire 1 line
01-14 13:16:42.061  1729  2687 I chatty  : uid=1000(system) Binder:1729_5 expire 2 lines
01-14 13:16:42.064  1729  4284 I chatty  : uid=1000(system) Binder:1729_16 expire 1 line
