01-14 14:02:58.030  1729  1746 I libprocessgroup: Killing pid 18366 in uid 10121 as part of process group 18268
01-14 14:02:58.040  1729  1746 I libprocessgroup: Killing pid 18366 in uid 10121 as part of process group 18268
01-14 14:02:58.058  1729 17562 I ActivityManager: Start proc 22714:com.tencent.tim:MSF/u0a121 for service com.tencent.tim/com.tencent.mobileqq.app.DaemonMsfService
01-14 14:02:58.058  1729  3157 I ActivityManager: Process com.tencent.tim:web (pid 22150) has died
01-14 14:02:58.059  1729  3157 D ActivityManager: cleanUpApplicationRecord -- 22150
01-14 14:02:58.064  1729 17562 D elsa    : app is ProcessRecord{b302b07 18347:com.tencent.tim:assist/u0a121}, isInBlackList is false, isNeedSetProcessGroup is true
01-14 14:02:58.073  1729  2913 I ActivityManager: Process com.tencent.tim:assist (pid 18347) has died
01-14 14:02:58.073  1729  2913 D ActivityManager: cleanUpApplicationRecord -- 18347
01-14 14:02:58.078  1729  4291 I ActivityManager: Process com.tencent.tim:Daemon (pid 18315) has died
01-14 14:02:58.081  1729  4291 D ActivityManager: cleanUpApplicationRecord -- 18315
01-14 14:02:58.081  1729  4291 W ActivityManager: Service crashed 0 times, stopping: ServiceRecord{375f17d u0 com.tencent.tim/com.tencent.mobileqq.app.DaemonAssistService}this is not core appcom.tencent.tim:Daemon
01-14 14:02:58.123  1729  3378 D ConnectivityService: ConnectivityService NetworkRequestInfo binderDied(NetworkRequest [ LISTEN id=120, [ Capabilities: INTERNET&NOT_RESTRICTED&TRUSTED] ], android.os.BinderProxy@24cbb3f)
01-14 14:02:58.124  1729  2229 E ConnectivityService: RemoteException caught trying to send a callback msg for NetworkRequest [ LISTEN id=120, [ Capabilities: INTERNET&NOT_RESTRICTED&TRUSTED] ]
01-14 14:02:58.125  1729  3351 I ActivityManager: Process com.tencent.tim:mail (pid 18900) has died
01-14 14:02:58.125  1729  3351 D ActivityManager: cleanUpApplicationRecord -- 18900
01-14 14:02:58.126  1729  3351 W ActivityManager: Service crashed 0 times, stopping: ServiceRecord{3cbcf7e u0 com.tencent.tim/cooperation.mailplugin.MailPluginProxyService}this is not core appcom.tencent.tim:mail
01-14 14:02:58.151  1729  3351 W ActivityManager: Failure disconnecting service ComponentInfo{com.tencent.tim/cooperation.mailplugin.MailPluginProxyService} to connection android.os.BinderProxy@4e0d100 (in com.tencent.tim)
01-14 14:02:58.151  1729  3351 W ActivityManager: android.os.DeadObjectException: Transaction failed on small parcel; remote process probably died
01-14 14:02:58.151  1729  3351 W ActivityManager: 	at android.os.BinderProxy.transactNative(Native Method)
01-14 14:02:58.151  1729  3351 W ActivityManager: 	at android.os.BinderProxy.transact(Binder.java:615)
01-14 14:02:58.151  1729  3351 W ActivityManager: 	at android.app.IServiceConnection$Stub$Proxy.connected(IServiceConnection.java:93)
01-14 14:02:58.151  1729  3351 W ActivityManager: 	at com.android.server.am.ActiveServices.bringDownServiceLocked(ActiveServices.java:2387)
01-14 14:02:58.151  1729  3351 W ActivityManager: 	at com.android.server.am.ActiveServices.killServicesLocked(ActiveServices.java:3088)
01-14 14:02:58.151  1729  3351 W ActivityManager: 	at com.android.server.am.ActivityManagerService.cleanUpApplicationRecordLocked(ActivityManagerService.java:19685)
01-14 14:02:58.151  1729  3351 W ActivityManager: 	at com.android.server.am.ActivityManagerService.handleAppDiedLocked(ActivityManagerService.java:6004)
01-14 14:02:58.151  1729  3351 W ActivityManager: 	at com.android.server.am.ActivityManagerService.appDiedLocked(ActivityManagerService.java:6186)
01-14 14:02:58.151  1729  3351 W ActivityManager: 	at com.android.server.am.ActivityManagerService$AppDeathRecipient.binderDied(ActivityManagerService.java:1714)
01-14 14:02:58.151  1729  3351 W ActivityManager: 	at android.os.BinderProxy.sendDeathNotice(Binder.java:688)
01-14 14:02:58.154  1729 17563 I ActivityManager: Process com.tencent.tim (pid 18375) has died
01-14 14:02:58.156  1729 17563 D ActivityManager: cleanUpApplicationRecord -- 18375
01-14 14:02:58.157  1729 17563 W ActivityManager: Service crashed 0 times, stopping: ServiceRecord{d3ea411 u0 com.tencent.tim/com.tencent.mobileqq.app.CoreService}this is not core appcom.tencent.tim
01-14 14:02:58.232  1729  3379 I ActivityManager: Start proc 22742:com.tencent.tim:Daemon/u0a121 for service com.tencent.tim/com.tencent.mobileqq.app.DaemonAssistService
01-14 14:02:58.262  1729 17562 I ActivityManager: Start proc 22758:com.tencent.tim/u0a121 for content provider com.tencent.tim/com.tencent.mqq.shared_file_accessor.ContentProviderImpl
01-14 14:02:58.310  1729  3157 I ActivityManager: Start proc 22775:com.tencent.tim:assist/u0a121 for service com.tencent.tim/com.tencent.mobileqq.app.DaemonAssistService2
01-14 14:02:58.335  1729  3158 D elsa    : app is ProcessRecord{e89cf6a 22775:com.tencent.tim:assist/u0a121}, isInBlackList is false, isNeedSetProcessGroup is true
01-14 14:02:58.354  1729  4308 D elsa    : app is ProcessRecord{e89cf6a 22775:com.tencent.tim:assist/u0a121}, isInBlackList is false, isNeedSetProcessGroup is true
01-14 14:02:58.435  1729  4286 D elsa    : app is ProcessRecord{b30f22f 22714:com.tencent.tim:MSF/u0a121}, isInBlackList is false, isNeedSetProcessGroup is true
01-14 14:02:58.449  1729  2975 D elsa    : app is ProcessRecord{b30f22f 22714:com.tencent.tim:MSF/u0a121}, isInBlackList is false, isNeedSetProcessGroup is true
01-14 14:02:58.452  1729 26221 D elsa    : app is ProcessRecord{b30f22f 22714:com.tencent.tim:MSF/u0a121}, isInBlackList is false, isNeedSetProcessGroup is true
01-14 14:02:58.462  1729  4285 D elsa    : app is ProcessRecord{b30f22f 22714:com.tencent.tim:MSF/u0a121}, isInBlackList is false, isNeedSetProcessGroup is true
01-14 14:02:58.668  1729  1757 D elsa    : app is ProcessRecord{1008428 22742:com.tencent.tim:Daemon/u0a121}, isInBlackList is false, isNeedSetProcessGroup is true
01-14 14:02:58.753  1729  3379 D elsa    : app is ProcessRecord{e4f3eff 22758:com.tencent.tim/u0a121}, isInBlackList is false, isNeedSetProcessGroup is true
01-14 14:02:58.761  1729 17677 D elsa    : app is ProcessRecord{e89cf6a 22775:com.tencent.tim:assist/u0a121}, isInBlackList is false, isNeedSetProcessGroup is true
01-14 14:02:58.776  1729  4312 D elsa    : app is ProcessRecord{b30f22f 22714:com.tencent.tim:MSF/u0a121}, isInBlackList is false, isNeedSetProcessGroup is true
01-14 14:03:00.035  1729  1739 D OppoBroadcastManager: skip broadcast for pkg:com.greenpoint.android.mc10086.activity, action:android.intent.action.TIME_TICK , app:ProcessRecord{1716ca9 22978:com.greenpoint.android.mc10086.activity:channel/u0a127}
01-14 14:03:00.044  1729  1745 D OppoBroadcastManager: skip broadcast for pkg:com.greenpoint.android.mc10086.activity, action:android.intent.action.TIME_TICK , app:ProcessRecord{a182093 29938:com.greenpoint.android.mc10086.activity/u0a127}
01-14 14:03:00.049  1729  1745 D OppoBroadcastManager: skip broadcast for pkg:com.greenpoint.android.mc10086.activity, action:android.intent.action.TIME_TICK , app:ProcessRecord{13a2962 4925:com.water.richprocess.push.keepaliveservice/u0a127}
01-14 14:03:03.420  1729  1753 D BluetoothManagerService: Message: 20
01-14 14:03:03.420  1729  1753 D BluetoothManagerService: Added callback: android.bluetooth.IBluetoothManagerCallback$Stub$Proxy@7870268:true
01-14 14:03:03.652  1729 24321 I ActivityManager: Start proc 23259:com.tencent.tim:mail/u0a121 for service com.tencent.tim/cooperation.mailplugin.MailPluginProxyService
01-14 14:03:03.676  1729  1739 D elsa    : app is ProcessRecord{65cf0fe 23259:com.tencent.tim:mail/u0a121}, isInBlackList is false, isNeedSetProcessGroup is true
01-14 14:03:03.909 23259 23259 W PackageParser: Unknown element under <manifest>: meta-data at /data/data/com.tencent.tim/app_installed_plugin/mail_plugin.apk Binary XML file line #102
01-14 14:03:04.937 23259 23259 W PackageParser: Unknown element under <manifest>: meta-data at /data/user/0/com.tencent.tim/app_installed_plugin/mail_plugin.apk Binary XML file line #102
01-14 14:03:46.359  1729  1751 E BatteryStatsService: no controller energy info supplied
01-14 14:03:46.398  1729  1751 E BatteryStatsService: modem info is invalid: ModemActivityInfo{ mTimestamp=35555081 mSleepTimeMs=27203 mIdleTimeMs=-19790 mTxTimeMs[]=[9925, 6189, 11050, 4726, 808] mRxTimeMs=220727 mEnergyUsed=0}
01-14 14:04:00.042  1729  2688 D OppoBroadcastManager: skip broadcast for pkg:com.greenpoint.android.mc10086.activity, action:android.intent.action.TIME_TICK , app:ProcessRecord{1716ca9 22978:com.greenpoint.android.mc10086.activity:channel/u0a127}
01-14 14:04:00.046  1729  1745 D OppoBroadcastManager: skip broadcast for pkg:com.greenpoint.android.mc10086.activity, action:android.intent.action.TIME_TICK , app:ProcessRecord{a182093 29938:com.greenpoint.android.mc10086.activity/u0a127}
01-14 14:04:00.052  1729  1745 D OppoBroadcastManager: skip broadcast for pkg:com.greenpoint.android.mc10086.activity, action:android.intent.action.TIME_TICK , app:ProcessRecord{13a2962 4925:com.water.richprocess.push.keepaliveservice/u0a127}
01-14 14:05:00.031  1729  3158 D OppoBroadcastManager: skip broadcast for pkg:com.greenpoint.android.mc10086.activity, action:android.intent.action.TIME_TICK , app:ProcessRecord{1716ca9 22978:com.greenpoint.android.mc10086.activity:channel/u0a127}
01-14 14:05:00.035  1729  1745 D OppoBroadcastManager: skip broadcast for pkg:com.greenpoint.android.mc10086.activity, action:android.intent.action.TIME_TICK , app:ProcessRecord{a182093 29938:com.greenpoint.android.mc10086.activity/u0a127}
01-14 14:05:00.039  1729  1745 D OppoBroadcastManager: skip broadcast for pkg:com.greenpoint.android.mc10086.activity, action:android.intent.action.TIME_TICK , app:ProcessRecord{13a2962 4925:com.water.richprocess.push.keepaliveservice/u0a127}
01-14 14:05:21.556  1729  2688 I ActivityManager: START u0 {cmp=net.shopin.testactivitylaunch/.singleinstance.SingleInstanceActivity} from uid 10247 and from pid 22190 on display 0
01-14 14:05:21.559  1729  2688 V WindowManager: Changing focus from Window{ba65ff9 u0 net.shopin.testactivitylaunch/net.shopin.testactivitylaunch.MainActivity} to null
01-14 14:05:21.612  1729  1754 V WindowManager: reevaluateVisibility focusApp:AppWindowToken{cd60ec3 token=Token{27f9b7d ActivityRecord{fe0bdd4 u0 net.shopin.testactivitylaunch/.singleinstance.SingleInstanceActivity t5260}}}
01-14 14:05:21.615  1729  1743 I ActivityManager: Killing 22056:com.coloros.oppomultiapp/1000 (adj 906): empty #17
01-14 14:05:21.624  1729 24321 D ActivityManager: cleanUpApplicationRecord -- 22056
01-14 14:05:21.649  1729  1754 V WindowManager: reevaluateVisibility focusApp:AppWindowToken{cd60ec3 token=Token{27f9b7d ActivityRecord{fe0bdd4 u0 net.shopin.testactivitylaunch/.singleinstance.SingleInstanceActivity t5260}}}
01-14 14:05:21.654  1729  1754 V WindowManager: reevaluateVisibility focusApp:AppWindowToken{cd60ec3 token=Token{27f9b7d ActivityRecord{fe0bdd4 u0 net.shopin.testactivitylaunch/.singleinstance.SingleInstanceActivity t5260}}}
01-14 14:05:21.656  1729  1754 V WindowManager: reevaluateVisibility focusApp:AppWindowToken{cd60ec3 token=Token{27f9b7d ActivityRecord{fe0bdd4 u0 net.shopin.testactivitylaunch/.singleinstance.SingleInstanceActivity t5260}}}
01-14 14:05:21.664  1729  1754 V WindowManager: reevaluateVisibility focusApp:AppWindowToken{cd60ec3 token=Token{27f9b7d ActivityRecord{fe0bdd4 u0 net.shopin.testactivitylaunch/.singleinstance.SingleInstanceActivity t5260}}}
01-14 14:05:21.665  1729  1754 V WindowManager: reevaluateVisibility focusApp:AppWindowToken{cd60ec3 token=Token{27f9b7d ActivityRecord{fe0bdd4 u0 net.shopin.testactivitylaunch/.singleinstance.SingleInstanceActivity t5260}}}
01-14 14:05:21.671  1729  4286 V WindowManager: Changing focus from null to Window{8482eb3 u0 net.shopin.testactivitylaunch/net.shopin.testactivitylaunch.singleinstance.SingleInstanceActivity}
01-14 14:05:21.686  1729  1754 V WindowManager: reevaluateVisibility focusApp:AppWindowToken{cd60ec3 token=Token{27f9b7d ActivityRecord{fe0bdd4 u0 net.shopin.testactivitylaunch/.singleinstance.SingleInstanceActivity t5260}}}
01-14 14:05:21.689  1729  1754 V WindowManager: reevaluateVisibility focusApp:AppWindowToken{cd60ec3 token=Token{27f9b7d ActivityRecord{fe0bdd4 u0 net.shopin.testactivitylaunch/.singleinstance.SingleInstanceActivity t5260}}}
01-14 14:05:21.727  1729  1754 V WindowManager: reevaluateVisibility focusApp:AppWindowToken{cd60ec3 token=Token{27f9b7d ActivityRecord{fe0bdd4 u0 net.shopin.testactivitylaunch/.singleinstance.SingleInstanceActivity t5260}}}
01-14 14:05:21.730  1729  1754 V WindowManager: reevaluateVisibility focusApp:AppWindowToken{cd60ec3 token=Token{27f9b7d ActivityRecord{fe0bdd4 u0 net.shopin.testactivitylaunch/.singleinstance.SingleInstanceActivity t5260}}}
01-14 14:05:21.756  1729  1754 V WindowManager: reevaluateVisibility focusApp:AppWindowToken{cd60ec3 token=Token{27f9b7d ActivityRecord{fe0bdd4 u0 net.shopin.testactivitylaunch/.singleinstance.SingleInstanceActivity t5260}}}
01-14 14:05:21.756  1729  1754 V WindowManager: reevaluateVisibility focusApp:AppWindowToken{cd60ec3 token=Token{27f9b7d ActivityRecord{fe0bdd4 u0 net.shopin.testactivitylaunch/.singleinstance.SingleInstanceActivity t5260}}}
01-14 14:05:21.763  1729  1754 V WindowManager: reevaluateVisibility focusApp:AppWindowToken{cd60ec3 token=Token{27f9b7d ActivityRecord{fe0bdd4 u0 net.shopin.testactivitylaunch/.singleinstance.SingleInstanceActivity t5260}}}
01-14 14:05:21.836  1729  1754 V WindowManager: reevaluateVisibility focusApp:AppWindowToken{cd60ec3 token=Token{27f9b7d ActivityRecord{fe0bdd4 u0 net.shopin.testactivitylaunch/.singleinstance.SingleInstanceActivity t5260}}}
01-14 14:05:21.838  1729  1754 V WindowManager: reevaluateVisibility focusApp:AppWindowToken{cd60ec3 token=Token{27f9b7d ActivityRecord{fe0bdd4 u0 net.shopin.testactivitylaunch/.singleinstance.SingleInstanceActivity t5260}}}
01-14 14:05:22.372  1729  1754 V WindowManager: reevaluateVisibility focusApp:AppWindowToken{cd60ec3 token=Token{27f9b7d ActivityRecord{fe0bdd4 u0 net.shopin.testactivitylaunch/.singleinstance.SingleInstanceActivity t5260}}}
01-14 14:05:22.409  1729  1754 V WindowManager: reevaluateVisibility focusApp:AppWindowToken{cd60ec3 token=Token{27f9b7d ActivityRecord{fe0bdd4 u0 net.shopin.testactivitylaunch/.singleinstance.SingleInstanceActivity t5260}}}
01-14 14:05:28.334  1729  4312 I ActivityManager: Process com.tencent.tim:assist (pid 22775) has died
01-14 14:05:28.335  1729  4312 D ActivityManager: cleanUpApplicationRecord -- 22775
01-14 14:05:28.335  1729  1746 I libprocessgroup: Killing pid 22843 in uid 10121 as part of process group 22775
01-14 14:05:28.335  1729  4312 W ActivityManager: Service crashed 0 times, stopping: ServiceRecord{d9b54c3 u0 com.tencent.tim/com.tencent.mobileqq.app.DaemonAssistService2}this is not core appcom.tencent.tim:assist
01-14 14:05:28.350  1729  4310 D ConnectivityService: ConnectivityService NetworkRequestInfo binderDied(NetworkRequest [ LISTEN id=121, [ Capabilities: INTERNET&NOT_RESTRICTED&TRUSTED] ], android.os.BinderProxy@cc782fa)
01-14 14:05:28.351  1729  2229 E ConnectivityService: RemoteException caught trying to send a callback msg for NetworkRequest [ LISTEN id=121, [ Capabilities: INTERNET&NOT_RESTRICTED&TRUSTED] ]
01-14 14:05:28.358  1729  4286 I ActivityManager: Start proc 25621:com.tencent.tim:assist/u0a121 for service com.tencent.tim/com.tencent.mobileqq.app.DaemonAssistService2
01-14 14:05:28.359  1729  2687 I ActivityManager: Process com.tencent.tim:Daemon (pid 22742) has died
01-14 14:05:28.359  1729  2687 D ActivityManager: cleanUpApplicationRecord -- 22742
01-14 14:05:28.359  1729  2687 W ActivityManager: Service crashed 0 times, stopping: ServiceRecord{9d6c955 u0 com.tencent.tim/com.tencent.mobileqq.app.DaemonAssistService}this is not core appcom.tencent.tim:Daemon
01-14 14:05:28.361  1729  4308 I ActivityManager: Process com.tencent.tim:mail (pid 23259) has died
01-14 14:05:28.362  1729  4308 D ActivityManager: cleanUpApplicationRecord -- 23259
01-14 14:05:28.362  1729  4308 W ActivityManager: Service crashed 0 times, stopping: ServiceRecord{be9e4b9 u0 com.tencent.tim/cooperation.mailplugin.MailPluginProxyService}this is not core appcom.tencent.tim:mail
01-14 14:05:28.366  1729  3379 I ActivityManager: Process com.tencent.tim:MSF (pid 22714) has died
01-14 14:05:28.367  1729  3379 D ActivityManager: cleanUpApplicationRecord -- 22714
01-14 14:05:28.367  1729  3379 W ActivityManager: Service crashed 0 times, stopping: ServiceRecord{be4824b u0 com.tencent.tim/com.tencent.mobileqq.msf.service.MsfService}this is not core appcom.tencent.tim:MSF
01-14 14:05:28.367  1729  3379 W ActivityManager: Service crashed 0 times, stopping: ServiceRecord{7275b5e u0 com.tencent.tim/com.tencent.mobileqq.app.DaemonMsfService}this is not core appcom.tencent.tim:MSF
01-14 14:05:28.383  1729  4286 I ActivityManager: Start proc 25634:com.tencent.tim:Daemon/u0a121 for service com.tencent.tim/com.tencent.mobileqq.app.DaemonAssistService
01-14 14:05:28.409  1729  1739 I ActivityManager: Process com.tencent.tim (pid 22758) has died
01-14 14:05:28.410  1729  1739 D ActivityManager: cleanUpApplicationRecord -- 22758
01-14 14:05:28.410  1729  1739 W ActivityManager: Service crashed 0 times, stopping: ServiceRecord{9f49c90 u0 com.tencent.tim/com.tencent.mobileqq.app.CoreService}this is not core appcom.tencent.tim
01-14 14:05:28.501  1729  4288 I ActivityManager: Start proc 25658:com.tencent.tim:MSF/u0a121 for service com.tencent.tim/com.tencent.mobileqq.app.DaemonMsfService
01-14 14:05:28.558  1729 17677 I ActivityManager: Start proc 25685:com.tencent.tim/u0a121 for content provider com.tencent.tim/com.tencent.mqq.shared_file_accessor.ContentProviderImpl
01-14 14:05:28.799  1729  3378 D elsa    : app is ProcessRecord{ab92e11 25658:com.tencent.tim:MSF/u0a121}, isInBlackList is false, isNeedSetProcessGroup is true
01-14 14:05:28.819  1729  1740 D elsa    : app is ProcessRecord{ab92e11 25658:com.tencent.tim:MSF/u0a121}, isInBlackList is false, isNeedSetProcessGroup is true
01-14 14:05:29.000  1729  1739 D elsa    : app is ProcessRecord{1ca8e49 25634:com.tencent.tim:Daemon/u0a121}, isInBlackList is false, isNeedSetProcessGroup is true
01-14 14:05:29.038  1729  4288 D elsa    : app is ProcessRecord{55d5d7c 25621:com.tencent.tim:assist/u0a121}, isInBlackList is false, isNeedSetProcessGroup is true
01-14 14:05:29.050  1729  4284 D elsa    : app is ProcessRecord{ab92e11 25658:com.tencent.tim:MSF/u0a121}, isInBlackList is false, isNeedSetProcessGroup is true
01-14 14:05:29.052  1729  4284 D elsa    : app is ProcessRecord{3cd49dc 25685:com.tencent.tim/u0a121}, isInBlackList is false, isNeedSetProcessGroup is true
01-14 14:05:33.865  1729  1753 D BluetoothManagerService: Message: 20
01-14 14:05:33.865  1729  1753 D BluetoothManagerService: Added callback: android.bluetooth.IBluetoothManagerCallback$Stub$Proxy@cd19c78:true
01-14 14:05:34.154  1729  4308 I ActivityManager: Start proc 26125:com.tencent.tim:mail/u0a121 for service com.tencent.tim/cooperation.mailplugin.MailPluginProxyService
01-14 14:05:34.180  1729  4312 D elsa    : app is ProcessRecord{99b438e 26125:com.tencent.tim:mail/u0a121}, isInBlackList is false, isNeedSetProcessGroup is true
01-14 14:05:34.426 26125 26125 W PackageParser: Unknown element under <manifest>: meta-data at /data/data/com.tencent.tim/app_installed_plugin/mail_plugin.apk Binary XML file line #102
01-14 14:05:35.355 26125 26125 W PackageParser: Unknown element under <manifest>: meta-data at /data/user/0/com.tencent.tim/app_installed_plugin/mail_plugin.apk Binary XML file line #102
01-14 14:06:00.026  1729  3378 D OppoBroadcastManager: skip broadcast for pkg:com.greenpoint.android.mc10086.activity, action:android.intent.action.TIME_TICK , app:ProcessRecord{1716ca9 22978:com.greenpoint.android.mc10086.activity:channel/u0a127}
01-14 14:06:00.029  1729  1745 D OppoBroadcastManager: skip broadcast for pkg:com.greenpoint.android.mc10086.activity, action:android.intent.action.TIME_TICK , app:ProcessRecord{a182093 29938:com.greenpoint.android.mc10086.activity/u0a127}
01-14 14:06:00.033  1729  1745 D OppoBroadcastManager: skip broadcast for pkg:com.greenpoint.android.mc10086.activity, action:android.intent.action.TIME_TICK , app:ProcessRecord{13a2962 4925:com.water.richprocess.push.keepaliveservice/u0a127}
01-14 14:06:34.936  1729  1742 V CountryDetector:     getCountry is Country {ISO=CN, source=0, time=35723652}
01-14 14:06:38.668  1729  1742 V CountryDetector:     getCountry is Country {ISO=CN, source=0, time=35727384}
01-14 14:06:53.080  1729  1742 V CountryDetector:     getCountry is Country {ISO=CN, source=0, time=35741795}
01-14 14:06:53.139  1729  1742 V CountryDetector:     getCountry is Country {ISO=CN, source=0, time=35741854}
01-14 14:06:55.695  1729  1742 V CountryDetector:     getCountry is Country {ISO=CN, source=0, time=35744411}
01-14 14:06:55.749  1729  1742 V CountryDetector:     getCountry is Country {ISO=CN, source=0, time=35744465}
01-14 14:07:00.027  1729  4284 D OppoBroadcastManager: skip broadcast for pkg:com.greenpoint.android.mc10086.activity, action:android.intent.action.TIME_TICK , app:ProcessRecord{1716ca9 22978:com.greenpoint.android.mc10086.activity:channel/u0a127}
01-14 14:07:00.033  1729  1745 D OppoBroadcastManager: skip broadcast for pkg:com.greenpoint.android.mc10086.activity, action:android.intent.action.TIME_TICK , app:ProcessRecord{a182093 29938:com.greenpoint.android.mc10086.activity/u0a127}
01-14 14:07:00.036  1729  1745 D OppoBroadcastManager: skip broadcast for pkg:com.greenpoint.android.mc10086.activity, action:android.intent.action.TIME_TICK , app:ProcessRecord{13a2962 4925:com.water.richprocess.push.keepaliveservice/u0a127}
01-14 14:07:05.514  1729  1742 V CountryDetector:     getCountry is Country {ISO=CN, source=0, time=35754229}
01-14 14:07:07.362  1729  1742 V CountryDetector:     getCountry is Country {ISO=CN, source=0, time=35756077}
01-14 14:07:11.132  1729  1957 D PackageManager: installStage send adb install pkg:net.shopin.testactivitylaunch   path: /data/app/vmdl6019937.tmp/base.apk
01-14 14:07:11.151 20970 20970 W PackageParser: Unknown element under <manifest>: meta-data at /data/app/vmdl6019937.tmp/base.apk Binary XML file line #11
01-14 14:07:11.158  1729 24261 I ActivityManager: START u0 {act=android.intent.action.VIEW dat=content://com.oppo.packageinstaller.fileprovider/root-dir/vmdl6019937.tmp/base.apk typ=application/vnd.android.package-archive flg=0x10000000 cmp=com.android.packageinstaller/.PackageInstallerActivity (has extras)} from uid 10024 and from pid 20970 on display 0
01-14 14:07:11.163  1729 24261 V WindowManager: Changing focus from Window{8482eb3 u0 net.shopin.testactivitylaunch/net.shopin.testactivitylaunch.singleinstance.SingleInstanceActivity} to null
01-14 14:07:11.167  1729  1754 V WindowManager: reevaluateVisibility focusApp:AppWindowToken{4fa2d05 token=Token{a91ab6f ActivityRecord{5862e4e u0 com.android.packageinstaller/.PackageInstallerActivity t5261}}}
01-14 14:07:11.170  1729  3351 V OppoProcessManager: 20970 com.android.packageinstaller curadj 0: top-activity: setAdj = 0
01-14 14:07:11.170  1729  3351 D elsa    : app is ProcessRecord{bb8740b 20970:com.android.packageinstaller/u0a24}, isInBlackList is false, isNeedSetProcessGroup is true
01-14 14:07:11.171  1729  3351 D elsa    : app is ProcessRecord{d766a00 22190:net.shopin.testactivitylaunch/u0a247}, isInBlackList is false, isNeedSetProcessGroup is true
01-14 14:07:11.194  1729  2975 I ActivityManager: START u0 {act=oppo.intent.action.INSTALL_PACKAGE cmp=com.android.packageinstaller/.OppoPackageInstallerActivity (has extras)} from uid 10024 and from pid 20970 on display 0
01-14 14:07:11.258  1729  1754 V WindowManager: reevaluateVisibility focusApp:AppWindowToken{115b926 token=Token{b759481 ActivityRecord{66a868 u0 com.android.packageinstaller/.OppoPackageInstallerActivity t5261}}}
01-14 14:07:11.259  1729  1754 V WindowManager: reevaluateVisibility focusApp:AppWindowToken{115b926 token=Token{b759481 ActivityRecord{66a868 u0 com.android.packageinstaller/.OppoPackageInstallerActivity t5261}}}
01-14 14:07:11.325  1729  1740 V WindowManager: Changing focus from null to Window{c6a4e5f u0 com.android.packageinstaller/com.android.packageinstaller.OppoPackageInstallerActivity}
01-14 14:07:11.342  1729  1754 V WindowManager: reevaluateVisibility focusApp:AppWindowToken{115b926 token=Token{b759481 ActivityRecord{66a868 u0 com.android.packageinstaller/.OppoPackageInstallerActivity t5261}}}
01-14 14:07:11.343  1729  1754 V WindowManager: reevaluateVisibility focusApp:AppWindowToken{115b926 token=Token{b759481 ActivityRecord{66a868 u0 com.android.packageinstaller/.OppoPackageInstallerActivity t5261}}}
01-14 14:07:11.344  1729  1754 V WindowManager: reevaluateVisibility focusApp:AppWindowToken{115b926 token=Token{b759481 ActivityRecord{66a868 u0 com.android.packageinstaller/.OppoPackageInstallerActivity t5261}}}
01-14 14:07:11.344  1729  1754 V WindowManager: reevaluateVisibility focusApp:AppWindowToken{115b926 token=Token{b759481 ActivityRecord{66a868 u0 com.android.packageinstaller/.OppoPackageInstallerActivity t5261}}}
01-14 14:07:11.362 20970 20970 W PackageParser: Unknown element under <manifest>: meta-data at /storage/emulated/0/Android/data/com.android.packageinstaller/cache/package809941759.apk Binary XML file line #11
01-14 14:07:11.369 20970 20970 W PackageParser: Unknown element under <manifest>: meta-data at /storage/emulated/0/Android/data/com.android.packageinstaller/cache/package809941759.apk Binary XML file line #11
01-14 14:07:11.376 20970 20970 W PackageParser: Unknown element under <manifest>: meta-data at /storage/emulated/0/Android/data/com.android.packageinstaller/cache/package809941759.apk Binary XML file line #11
01-14 14:07:11.407  1729  2687 V WindowManager: Changing focus from Window{c6a4e5f u0 com.android.packageinstaller/com.android.packageinstaller.OppoPackageInstallerActivity} to Window{4b96175 u0 com.android.packageinstaller/com.android.packageinstaller.OppoPackageInstallerActivity}
01-14 14:07:11.407  1729  2687 V WindowManager: disableStatusBar state: 65536 , disable: true
01-14 14:07:11.407  1729  2687 I StatusBarManagerService: disable, what:65536, pkg:android
01-14 14:07:11.413  1729  1754 V WindowManager: reevaluateVisibility focusApp:AppWindowToken{115b926 token=Token{b759481 ActivityRecord{66a868 u0 com.android.packageinstaller/.OppoPackageInstallerActivity t5261}}}
01-14 14:07:11.432  1729  1754 V WindowManager: reevaluateVisibility focusApp:AppWindowToken{115b926 token=Token{b759481 ActivityRecord{66a868 u0 com.android.packageinstaller/.OppoPackageInstallerActivity t5261}}}
01-14 14:07:11.442  1729  1754 V WindowManager: reevaluateVisibility focusApp:AppWindowToken{115b926 token=Token{b759481 ActivityRecord{66a868 u0 com.android.packageinstaller/.OppoPackageInstallerActivity t5261}}}
01-14 14:07:11.442  1729  1754 V WindowManager: reevaluateVisibility focusApp:AppWindowToken{115b926 token=Token{b759481 ActivityRecord{66a868 u0 com.android.packageinstaller/.OppoPackageInstallerActivity t5261}}}
01-14 14:07:11.447  1729  1754 V WindowManager: reevaluateVisibility focusApp:AppWindowToken{115b926 token=Token{b759481 ActivityRecord{66a868 u0 com.android.packageinstaller/.OppoPackageInstallerActivity t5261}}}
01-14 14:07:11.447  1729  1754 V WindowManager: reevaluateVisibility focusApp:AppWindowToken{115b926 token=Token{b759481 ActivityRecord{66a868 u0 com.android.packageinstaller/.OppoPackageInstallerActivity t5261}}}
01-14 14:07:11.460  1729  1754 V WindowManager: reevaluateVisibility focusApp:AppWindowToken{115b926 token=Token{b759481 ActivityRecord{66a868 u0 com.android.packageinstaller/.OppoPackageInstallerActivity t5261}}}
01-14 14:07:11.475  1729  1754 V WindowManager: reevaluateVisibility focusApp:AppWindowToken{115b926 token=Token{b759481 ActivityRecord{66a868 u0 com.android.packageinstaller/.OppoPackageInstallerActivity t5261}}}
01-14 14:07:11.523  1729  1754 V WindowManager: reevaluateVisibility focusApp:AppWindowToken{115b926 token=Token{b759481 ActivityRecord{66a868 u0 com.android.packageinstaller/.OppoPackageInstallerActivity t5261}}}
01-14 14:07:11.789  1729  1743 D elsa    : app is ProcessRecord{d766a00 22190:net.shopin.testactivitylaunch/u0a247}, isInBlackList is false, isNeedSetProcessGroup is true
01-14 14:07:11.791  1729  1754 V WindowManager: reevaluateVisibility focusApp:AppWindowToken{115b926 token=Token{b759481 ActivityRecord{66a868 u0 com.android.packageinstaller/.OppoPackageInstallerActivity t5261}}}
01-14 14:07:13.205  1729  4287 D ActivityManager: bringUpService for proc:com.coloros.safecenter:task, isolated:false
01-14 14:07:13.206  1729  4287 D elsa    : app is ProcessRecord{cd5b792 21245:com.coloros.safecenter:task/1000}, isInBlackList is false, isNeedSetProcessGroup is true
01-14 14:07:13.207  1729  4287 D elsa    : app is ProcessRecord{69e0a66 21273:com.coloros.safesdkproxy/u0a91}, isInBlackList is false, isNeedSetProcessGroup is true
01-14 14:07:13.212  1729  4310 V WindowManager: Changing focus from Window{4b96175 u0 com.android.packageinstaller/com.android.packageinstaller.OppoPackageInstallerActivity EXITING} to Window{c6a4e5f u0 com.android.packageinstaller/com.android.packageinstaller.OppoPackageInstallerActivity}
01-14 14:07:13.213  1729  4310 V WindowManager: disableStatusBar state: 0 , disable: false
01-14 14:07:13.213  1729  4310 I StatusBarManagerService: disable, what:0, pkg:android
01-14 14:07:13.221  1729  1754 V WindowManager: reevaluateVisibility focusApp:AppWindowToken{115b926 token=Token{b759481 ActivityRecord{66a868 u0 com.android.packageinstaller/.OppoPackageInstallerActivity t5261}}}
01-14 14:07:13.225  1729 24321 W InputMethodManagerService: Window already focused, ignoring focus gain of: com.android.internal.view.IInputMethodClient$Stub$Proxy@b67a5b0 attribute=null, token = android.os.BinderProxy@d00c6fe
01-14 14:07:13.240 21273 21285 W PackageParser: Unknown element under <manifest>: meta-data at /storage/emulated/0/Android/data/com.android.packageinstaller/cache/package809941759.apk Binary XML file line #11
01-14 14:07:13.557  1729  1754 V WindowManager: reevaluateVisibility focusApp:AppWindowToken{115b926 token=Token{b759481 ActivityRecord{66a868 u0 com.android.packageinstaller/.OppoPackageInstallerActivity t5261}}}
01-14 14:07:13.559  1729  1754 V WindowManager: reevaluateVisibility focusApp:AppWindowToken{115b926 token=Token{b759481 ActivityRecord{66a868 u0 com.android.packageinstaller/.OppoPackageInstallerActivity t5261}}}
01-14 14:07:13.578  1729  3351 D elsa    : app is ProcessRecord{69e0a66 21273:com.coloros.safesdkproxy/u0a91}, isInBlackList is false, isNeedSetProcessGroup is true
01-14 14:07:13.581  1729  3081 D elsa    : app is ProcessRecord{2b25f92 2937:com.nearme.statistics.rom/1000}, isInBlackList is false, isNeedSetProcessGroup is true
01-14 14:07:13.585  1729  3158 D elsa    : app is ProcessRecord{2b25f92 2937:com.nearme.statistics.rom/1000}, isInBlackList is false, isNeedSetProcessGroup is true
01-14 14:07:16.516  1729  1742 V CountryDetector:     getCountry is Country {ISO=CN, source=0, time=35765231}
01-14 14:07:18.162  1729  1742 V CountryDetector:     getCountry is Country {ISO=CN, source=0, time=35766877}
01-14 14:07:22.729  1729  4295 I ActivityManager: START u0 {dat=file:///storage/emulated/0/Android/data/com.android.packageinstaller/cache/package809941759.apk cmp=com.android.packageinstaller/.InstallAppProgress (has extras)} from uid 10024 and from pid 20970 on display 0
01-14 14:07:22.734  1729  4295 V WindowManager: Changing focus from Window{c6a4e5f u0 com.android.packageinstaller/com.android.packageinstaller.OppoPackageInstallerActivity} to null
01-14 14:07:22.768  1729  2975 D elsa    : app is ProcessRecord{16e7f1 18197:com.coloros.securepay/1000}, isInBlackList is false, isNeedSetProcessGroup is true
01-14 14:07:22.775 20970 20970 W PackageParser: Unknown element under <manifest>: meta-data at /storage/emulated/0/Android/data/com.android.packageinstaller/cache/package809941759.apk Binary XML file line #11
01-14 14:07:22.800  1729  2913 V WindowManager: Changing focus from null to Window{dee683f u0 com.android.packageinstaller/com.android.packageinstaller.InstallAppProgress}
01-14 14:07:22.815  1729  1957 D PackageManager: installStage from oppo adb installer, set INSTALL_FROM_ADB flag
01-14 14:07:22.815  1729  1957 D PackageManager: installStage net.shopin.testactivitylaunch, dir=/data/app/vmdl920215076.tmp, installerPackageName=com.android.packageinstaller, installerUid=10024, full=false
01-14 14:07:22.815  1729  1957 D PackageManager: multi app: change adb install all to owner
01-14 14:07:22.816  1729  1754 V WindowManager: reevaluateVisibility focusApp:AppWindowToken{968c286 token=Token{4336761 ActivityRecord{7be7ac8 u0 com.android.packageinstaller/.InstallAppProgress t5261}}}
01-14 14:07:22.818  1729  1786 D elsa    : app is ProcessRecord{677129f 24839:com.android.defcontainer/u0a6}, isInBlackList is false, isNeedSetProcessGroup is true
01-14 14:07:22.818  1729  1754 V WindowManager: reevaluateVisibility focusApp:AppWindowToken{968c286 token=Token{4336761 ActivityRecord{7be7ac8 u0 com.android.packageinstaller/.InstallAppProgress t5261}}}
01-14 14:07:22.827  1729  1754 V WindowManager: reevaluateVisibility focusApp:AppWindowToken{968c286 token=Token{4336761 ActivityRecord{7be7ac8 u0 com.android.packageinstaller/.InstallAppProgress t5261}}}
01-14 14:07:22.836  1729  1786 W PackageParser: Unknown element under <manifest>: meta-data at /data/app/vmdl920215076.tmp/base.apk Binary XML file line #11
01-14 14:07:22.841  1729  1754 V WindowManager: reevaluateVisibility focusApp:AppWindowToken{968c286 token=Token{4336761 ActivityRecord{7be7ac8 u0 com.android.packageinstaller/.InstallAppProgress t5261}}}
01-14 14:07:22.843  1729  1754 V WindowManager: reevaluateVisibility focusApp:AppWindowToken{968c286 token=Token{4336761 ActivityRecord{7be7ac8 u0 com.android.packageinstaller/.InstallAppProgress t5261}}}
01-14 14:07:22.857  1729  1754 V WindowManager: reevaluateVisibility focusApp:AppWindowToken{968c286 token=Token{4336761 ActivityRecord{7be7ac8 u0 com.android.packageinstaller/.InstallAppProgress t5261}}}
01-14 14:07:23.168  1729  1754 V WindowManager: reevaluateVisibility focusApp:AppWindowToken{968c286 token=Token{4336761 ActivityRecord{7be7ac8 u0 com.android.packageinstaller/.InstallAppProgress t5261}}}
01-14 14:07:23.178  1729  2975 D elsa    : app is ProcessRecord{cd5b792 21245:com.coloros.safecenter:task/1000}, isInBlackList is false, isNeedSetProcessGroup is true
01-14 14:07:23.184  1729  1754 V WindowManager: reevaluateVisibility focusApp:AppWindowToken{968c286 token=Token{4336761 ActivityRecord{7be7ac8 u0 com.android.packageinstaller/.InstallAppProgress t5261}}}
01-14 14:07:23.762  1729  1743 I ActivityManager: Force stopping net.shopin.testactivitylaunch appid=10247 user=-1: installPackageLI
01-14 14:07:23.931  1729  1786 D PackageManager: delete older mBackupVerifiedFilename backup
01-14 14:07:23.968  1729  1743 I ActivityManager: Killing 22190:net.shopin.testactivitylaunch/u0a247 (adj 700): stop net.shopin.testactivitylaunch
01-14 14:07:23.969  1729  1743 D ActivityManager: cleanUpApplicationRecord -- 22190
01-14 14:07:23.969  1729  1786 I PackageManager: Package net.shopin.testactivitylaunch codePath changed from /data/app/net.shopin.testactivitylaunch-2 to /data/app/net.shopin.testactivitylaunch-1; Retaining data and using new
01-14 14:07:23.970  1729  1743 I ActivityManager:   Force finishing activity ActivityRecord{fe0bdd4 u0 net.shopin.testactivitylaunch/.singleinstance.SingleInstanceActivity t5260}
01-14 14:07:23.970  1729  1786 W PackageManager: Code path for net.shopin.testactivitylaunch changing from /data/app/net.shopin.testactivitylaunch-2 to /data/app/net.shopin.testactivitylaunch-1
01-14 14:07:23.970  1729  1786 W PackageManager: Resource path for net.shopin.testactivitylaunch changing from /data/app/net.shopin.testactivitylaunch-2 to /data/app/net.shopin.testactivitylaunch-1
01-14 14:07:23.971  1729  1743 I ActivityManager:   Force finishing activity ActivityRecord{fbda3d2 u0 net.shopin.testactivitylaunch/.MainActivity t5259}
01-14 14:07:23.971  1729  1743 W ActivityManager: Next up task set to return home TaskRecord{2c1ab66 #5260 A=.single_instance_tag U=0 StackId=1 sz=1}
01-14 14:07:23.974  1729  1754 V WindowManager: reevaluateVisibility focusApp:AppWindowToken{968c286 token=Token{4336761 ActivityRecord{7be7ac8 u0 com.android.packageinstaller/.InstallAppProgress t5261}}}
01-14 14:07:23.978  1729  1754 V WindowManager: reevaluateVisibility focusApp:AppWindowToken{968c286 token=Token{4336761 ActivityRecord{7be7ac8 u0 com.android.packageinstaller/.InstallAppProgress t5261}}}
01-14 14:07:24.137  1729  1786 D PackageManager: delete older mBackupVerifiedFilename backup
01-14 14:07:24.462  1729  1786 D PackageManager: delete older mBackupVerifiedFilename backup
01-14 14:07:24.619  1729  1786 D ColorPackageManager: addPkgToNotLaunchedList net.shopin.testactivitylaunch
01-14 14:07:24.624  1729  1786 I ActivityManager: Force stopping net.shopin.testactivitylaunch appid=10247 user=0: pkg removed
01-14 14:07:24.671  1729  4308 D ActivityManager: bringUpService for proc:com.coloros.safecenter, isolated:false
01-14 14:07:24.671  1729  1729 W RemoteDisplayProvider: Ignoring remote display provider service because it does not have the CAPTURE_VIDEO_OUTPUT or CAPTURE_SECURE_VIDEO_OUTPUT permission: com.google.android.gms/com.google.android.gms.cast.media.CastRemoteDisplayProviderService
01-14 14:07:24.739  1729  1745 I ActivityManager: Start proc 27987:com.android.keychain/1000 for broadcast com.android.keychain/.KeyChainBroadcastReceiver
01-14 14:07:24.765  1729 17563 D elsa    : app is ProcessRecord{9ba4940 27987:com.android.keychain/1000}, isInBlackList is false, isNeedSetProcessGroup is true
01-14 14:07:24.811  1729  1745 I ActivityManager: Start proc 28006:com.coloros.childrenspace/1000 for broadcast com.coloros.childrenspace/.controller.ChildrenReceiver
01-14 14:07:24.843  1729  3378 D elsa    : app is ProcessRecord{300058 28006:com.coloros.childrenspace/1000}, isInBlackList is false, isNeedSetProcessGroup is true
01-14 14:07:24.887  1729  1745 I ActivityManager: Start proc 28030:com.coloros.oppomultiapp/1000 for broadcast com.coloros.oppomultiapp/.OppoMultiAppReceiver
01-14 14:07:24.914  1729  3081 D elsa    : app is ProcessRecord{2b25f92 2937:com.nearme.statistics.rom/1000}, isInBlackList is false, isNeedSetProcessGroup is true
01-14 14:07:24.916  1729  2975 D elsa    : app is ProcessRecord{2b25f92 2937:com.nearme.statistics.rom/1000}, isInBlackList is false, isNeedSetProcessGroup is true
01-14 14:07:24.919  1729  1786 D ColorPackageManager: mIconCacheMaxNum:200,mIconCacheMinMemory:0.0
01-14 14:07:24.923  1729  1786 D ColorPackageManager: mIconCacheMaxNum:200,mIconCacheMinMemory:0.0
01-14 14:07:24.923  1729  3081 D elsa    : app is ProcessRecord{2b25f92 2937:com.nearme.statistics.rom/1000}, isInBlackList is false, isNeedSetProcessGroup is true
01-14 14:07:24.929  1729  4308 D elsa    : app is ProcessRecord{2b25f92 2937:com.nearme.statistics.rom/1000}, isInBlackList is false, isNeedSetProcessGroup is true
01-14 14:07:24.935  1729  4291 D elsa    : app is ProcessRecord{a248fd2 28030:com.coloros.oppomultiapp/1000}, isInBlackList is false, isNeedSetProcessGroup is true
01-14 14:07:24.987  1729 26221 D ActivityManager: bringUpService for proc:com.coloros.safecenter, isolated:false
01-14 14:07:25.027  1729  1745 I ActivityManager: Start proc 28052:com.tencent.tim:web/u0a121 for broadcast com.tencent.tim/com.tencent.open.business.base.appreport.AppReportReceiver
01-14 14:07:25.065  1729  1729 W RemoteDisplayProvider: Ignoring remote display provider service because it does not have the CAPTURE_VIDEO_OUTPUT or CAPTURE_SECURE_VIDEO_OUTPUT permission: com.google.android.gms/com.google.android.gms.cast.media.CastRemoteDisplayProviderService
01-14 14:07:25.089  1729  3379 D elsa    : app is ProcessRecord{a6a4b24 28052:com.tencent.tim:web/u0a121}, isInBlackList is false, isNeedSetProcessGroup is true
01-14 14:07:25.089  1729  1729 W RemoteDisplayProvider: Ignoring remote display provider service because it does not have the CAPTURE_VIDEO_OUTPUT or CAPTURE_SECURE_VIDEO_OUTPUT permission: com.google.android.gms/com.google.android.gms.cast.media.CastRemoteDisplayProviderService
01-14 14:07:25.145  1729  1739 D ActivityManager: bringUpService for proc:com.coloros.safecenter:task, isolated:false
01-14 14:07:25.148  1729  1739 D elsa    : app is ProcessRecord{cd5b792 21245:com.coloros.safecenter:task/1000}, isInBlackList is false, isNeedSetProcessGroup is true
01-14 14:07:25.164  1729  4308 D elsa    : app is ProcessRecord{69e0a66 21273:com.coloros.safesdkproxy/u0a91}, isInBlackList is false, isNeedSetProcessGroup is true
01-14 14:07:25.212  1729  3081 D elsa    : app is ProcessRecord{2b25f92 2937:com.nearme.statistics.rom/1000}, isInBlackList is false, isNeedSetProcessGroup is true
01-14 14:07:25.275  1729  1745 I ActivityManager: Start proc 28083:com.nearme.themespace/u0a18 for broadcast com.nearme.themespace/.receiver.ThemeOppoReceiver
01-14 14:07:25.304  1729  4312 D elsa    : app is ProcessRecord{cd5b792 21245:com.coloros.safecenter:task/1000}, isInBlackList is false, isNeedSetProcessGroup is true
01-14 14:07:25.311  1729  4312 D elsa    : app is ProcessRecord{69e0a66 21273:com.coloros.safesdkproxy/u0a91}, isInBlackList is false, isNeedSetProcessGroup is true
01-14 14:07:25.328  1729  4291 D ColorPackageManager: removePkgFromNotLaunchedList net.shopin.testactivitylaunch
01-14 14:07:25.329  1729  4291 I ActivityManager: START u0 {act=android.intent.action.MAIN cat=[android.intent.category.LAUNCHER] flg=0x10000000 cmp=net.shopin.testactivitylaunch/.MainActivity} from uid 2000 and from pid 28029 on display 0
01-14 14:07:25.345  1729  4291 V WindowManager: Changing focus from Window{dee683f u0 com.android.packageinstaller/com.android.packageinstaller.InstallAppProgress} to null
01-14 14:07:25.355  1729  1754 V WindowManager: reevaluateVisibility focusApp:AppWindowToken{d175c11 token=Token{c0889b ActivityRecord{7d6d4aa u0 net.shopin.testactivitylaunch/.MainActivity t5262}}}
01-14 14:07:25.385  1729  1754 V WindowManager: reevaluateVisibility focusApp:AppWindowToken{d175c11 token=Token{c0889b ActivityRecord{7d6d4aa u0 net.shopin.testactivitylaunch/.MainActivity t5262}}}
01-14 14:07:25.386  1729  1754 V WindowManager: reevaluateVisibility focusApp:AppWindowToken{d175c11 token=Token{c0889b ActivityRecord{7d6d4aa u0 net.shopin.testactivitylaunch/.MainActivity t5262}}}
01-14 14:07:25.389  1729  1760 I ActivityManager: Start proc 28108:net.shopin.testactivitylaunch/u0a247 for activity net.shopin.testactivitylaunch/.MainActivity
01-14 14:07:25.424  1729  4286 D elsa    : app is ProcessRecord{bb8740b 20970:com.android.packageinstaller/u0a24}, isInBlackList is false, isNeedSetProcessGroup is true
01-14 14:07:25.427  1729  4286 D elsa    : app is ProcessRecord{7c49 28083:com.nearme.themespace/u0a18}, isInBlackList is false, isNeedSetProcessGroup is true
01-14 14:07:25.430  1729  1754 V WindowManager: reevaluateVisibility focusApp:AppWindowToken{d175c11 token=Token{c0889b ActivityRecord{7d6d4aa u0 net.shopin.testactivitylaunch/.MainActivity t5262}}}
01-14 14:07:25.461  1729 24261 D elsa    : app is ProcessRecord{da5bc5a 28108:net.shopin.testactivitylaunch/u0a247}, isInBlackList is false, isNeedSetProcessGroup is true
01-14 14:07:25.494  1729  1754 V WindowManager: reevaluateVisibility focusApp:AppWindowToken{d175c11 token=Token{c0889b ActivityRecord{7d6d4aa u0 net.shopin.testactivitylaunch/.MainActivity t5262}}}
01-14 14:07:25.497  1729  4312 D elsa    : app is ProcessRecord{2b25f92 2937:com.nearme.statistics.rom/1000}, isInBlackList is false, isNeedSetProcessGroup is true
01-14 14:07:25.498  1729  1754 V WindowManager: reevaluateVisibility focusApp:AppWindowToken{d175c11 token=Token{c0889b ActivityRecord{7d6d4aa u0 net.shopin.testactivitylaunch/.MainActivity t5262}}}
01-14 14:07:25.539  1729  1742 D elsa    : app is ProcessRecord{863c1e0 22271:com.android.printspooler/u0a85}, isInBlackList is false, isNeedSetProcessGroup is true
01-14 14:07:25.608  1729  1742 W FusedProxy: Odd, no component found for service com.android.location.service.FusedProvider
01-14 14:07:25.609  1729  1742 W GeofenceProxy: Odd, no component found for service com.android.location.service.GeofenceProvider
01-14 14:07:25.609  1729  1742 W ActivityRecognitionProxy: Odd, no component found for service com.android.location.service.ActivityRecognitionProvider
01-14 14:07:25.729  1729 24321 V WindowManager: Changing focus from null to Window{2d18fdc u0 net.shopin.testactivitylaunch/net.shopin.testactivitylaunch.MainActivity}
01-14 14:07:25.759  1729  1754 V WindowManager: reevaluateVisibility focusApp:AppWindowToken{d175c11 token=Token{c0889b ActivityRecord{7d6d4aa u0 net.shopin.testactivitylaunch/.MainActivity t5262}}}
01-14 14:07:25.759  1729 24321 D PackageManager:  getInstalledPackages shareName = oppo.uid.nearme
01-14 14:07:25.763  1729  1754 V WindowManager: reevaluateVisibility focusApp:AppWindowToken{d175c11 token=Token{c0889b ActivityRecord{7d6d4aa u0 net.shopin.testactivitylaunch/.MainActivity t5262}}}
01-14 14:07:25.802  1729  1754 V WindowManager: reevaluateVisibility focusApp:AppWindowToken{d175c11 token=Token{c0889b ActivityRecord{7d6d4aa u0 net.shopin.testactivitylaunch/.MainActivity t5262}}}
01-14 14:07:25.850  1729  1740 D PackageManager:  getInstalledPackages shareName = oppo.uid.gc
01-14 14:07:25.850  1729  1740 D PackageManager:  getInstalledPackages shareUidPkg = com.nearme.deamon
01-14 14:07:25.905  1729  1754 V WindowManager: reevaluateVisibility focusApp:AppWindowToken{d175c11 token=Token{c0889b ActivityRecord{7d6d4aa u0 net.shopin.testactivitylaunch/.MainActivity t5262}}}
01-14 14:07:25.906  1729  1754 V WindowManager: reevaluateVisibility focusApp:AppWindowToken{d175c11 token=Token{c0889b ActivityRecord{7d6d4aa u0 net.shopin.testactivitylaunch/.MainActivity t5262}}}
01-14 14:07:25.933  1729  1754 V WindowManager: reevaluateVisibility focusApp:AppWindowToken{d175c11 token=Token{c0889b ActivityRecord{7d6d4aa u0 net.shopin.testactivitylaunch/.MainActivity t5262}}}
01-14 14:07:25.996  1729  2857 I ActivityManager: Process com.nearme.themespace (pid 28083) has died
01-14 14:07:25.997  1729  2857 D ActivityManager: cleanUpApplicationRecord -- 28083
01-14 14:07:26.001  1729  1754 V WindowManager: reevaluateVisibility focusApp:AppWindowToken{d175c11 token=Token{c0889b ActivityRecord{7d6d4aa u0 net.shopin.testactivitylaunch/.MainActivity t5262}}}
01-14 14:07:26.011  1729  1754 V WindowManager: reevaluateVisibility focusApp:AppWindowToken{d175c11 token=Token{c0889b ActivityRecord{7d6d4aa u0 net.shopin.testactivitylaunch/.MainActivity t5262}}}
01-14 14:07:26.218  1729  1743 D elsa    : app is ProcessRecord{bb8740b 20970:com.android.packageinstaller/u0a24}, isInBlackList is false, isNeedSetProcessGroup is true
01-14 14:07:26.220  1729  1743 D elsa    : app is ProcessRecord{16e7f1 18197:com.coloros.securepay/1000}, isInBlackList is false, isNeedSetProcessGroup is true
01-14 14:07:26.222  1729  1754 V WindowManager: reevaluateVisibility focusApp:AppWindowToken{d175c11 token=Token{c0889b ActivityRecord{7d6d4aa u0 net.shopin.testactivitylaunch/.MainActivity t5262}}}
01-14 14:07:26.224  1729  4286 W ActivityManager: Next up task set to return home TaskRecord{b06f73f #5262 A=net.shopin.testactivitylaunch U=0 StackId=1 sz=1}
01-14 14:07:26.232  1729 17677 I ActivityManager: Activity reported stop, but no longer stopping: ActivityRecord{7be7ac8 u0 com.android.packageinstaller/.InstallAppProgress t5261 f}
01-14 14:07:27.593  1729  3172 I BackupManagerService: FullBackupJob.schedule canceled from scheduleNextFullBackupJob Method
01-14 14:07:28.393  1729  4308 I ActivityManager: START u0 {cmp=net.shopin.testactivitylaunch/.singleinstance.SingleInstanceActivity} from uid 10247 and from pid 28108 on display 0
01-14 14:07:28.397  1729  4308 V WindowManager: Changing focus from Window{2d18fdc u0 net.shopin.testactivitylaunch/net.shopin.testactivitylaunch.MainActivity} to null
01-14 14:07:28.435  1729  1743 I ActivityManager: Killing 22303:com.oppo.usercenter/u0a83 (adj 906): empty #17
01-14 14:07:28.436  1729  1754 V WindowManager: reevaluateVisibility focusApp:AppWindowToken{e6ecdc2 token=Token{bb7eca4 ActivityRecord{cc68f37 u0 net.shopin.testactivitylaunch/.singleinstance.SingleInstanceActivity t5263}}}
01-14 14:07:28.457  1729 26221 D ActivityManager: cleanUpApplicationRecord -- 22303
01-14 14:07:28.498  1729  1754 V WindowManager: reevaluateVisibility focusApp:AppWindowToken{e6ecdc2 token=Token{bb7eca4 ActivityRecord{cc68f37 u0 net.shopin.testactivitylaunch/.singleinstance.SingleInstanceActivity t5263}}}
01-14 14:07:28.502  1729  1754 V WindowManager: reevaluateVisibility focusApp:AppWindowToken{e6ecdc2 token=Token{bb7eca4 ActivityRecord{cc68f37 u0 net.shopin.testactivitylaunch/.singleinstance.SingleInstanceActivity t5263}}}
01-14 14:07:28.505  1729  3379 V WindowManager: Changing focus from null to Window{d9a2b72 u0 net.shopin.testactivitylaunch/net.shopin.testactivitylaunch.singleinstance.SingleInstanceActivity}
01-14 14:07:28.512  1729  1754 V WindowManager: reevaluateVisibility focusApp:AppWindowToken{e6ecdc2 token=Token{bb7eca4 ActivityRecord{cc68f37 u0 net.shopin.testactivitylaunch/.singleinstance.SingleInstanceActivity t5263}}}
01-14 14:07:28.513  1729  1754 V WindowManager: reevaluateVisibility focusApp:AppWindowToken{e6ecdc2 token=Token{bb7eca4 ActivityRecord{cc68f37 u0 net.shopin.testactivitylaunch/.singleinstance.SingleInstanceActivity t5263}}}
