01-14 14:19:44.166  6761  6761 I chromium: [INFO:CONSOLE(1)] "TypeError: a.slidersWrap.scrollTo is not a function", source: https://static001.geekbang.org/static/time/js/19.5e672bf32c46a84a1baa.js (1)
01-14 14:19:45.166  6761  6761 I chromium: [INFO:CONSOLE(1)] "TypeError: a.slidersWrap.scrollTo is not a function", source: https://static001.geekbang.org/static/time/js/19.5e672bf32c46a84a1baa.js (1)
01-14 14:19:45.736  1729  2612 W Watchdog_N: !@WatchDog_436;
01-14 14:19:46.167  6761  6761 I chromium: [INFO:CONSOLE(1)] "TypeError: a.slidersWrap.scrollTo is not a function", source: https://static001.geekbang.org/static/time/js/19.5e672bf32c46a84a1baa.js (1)
01-14 14:19:46.549 17703 17767 W Settings: Setting airplane_mode_on has moved from android.provider.Settings.System to android.provider.Settings.Global, returning read-only value.
01-14 14:19:46.795  1729 17563 E Process : get_ion_cache_memory: Unable to open /d/ion/heaps/ion_mm_heap
01-14 14:19:46.858  1729  2857 E Process : get_ion_cache_memory: Unable to open /d/ion/heaps/ion_mm_heap
01-14 14:19:46.868 12832 12832 I chatty  : uid=10121(com.tencent.tim) expire 2 lines
01-14 14:19:47.005 12613 13573 I chatty  : uid=10121(com.tencent.tim) expire 2 lines
01-14 14:19:47.166  6761  6761 I chromium: [INFO:CONSOLE(1)] "TypeError: a.slidersWrap.scrollTo is not a function", source: https://static001.geekbang.org/static/time/js/19.5e672bf32c46a84a1baa.js (1)
01-14 14:19:48.169  6761  6761 I chromium: [INFO:CONSOLE(1)] "TypeError: a.slidersWrap.scrollTo is not a function", source: https://static001.geekbang.org/static/time/js/19.5e672bf32c46a84a1baa.js (1)
01-14 14:19:49.164  6761  6761 I chromium: [INFO:CONSOLE(1)] "TypeError: a.slidersWrap.scrollTo is not a function", source: https://static001.geekbang.org/static/time/js/19.5e672bf32c46a84a1baa.js (1)
01-14 14:19:49.745 12613 12816 I chatty  : uid=10121(com.tencent.tim) expire 1 line
01-14 14:19:50.047  4925  4925 E panym   : enter heartCallBack
01-14 14:19:50.170  6761  6761 I chromium: [INFO:CONSOLE(1)] "TypeError: a.slidersWrap.scrollTo is not a function", source: https://static001.geekbang.org/static/time/js/19.5e672bf32c46a84a1baa.js (1)
01-14 14:19:51.167  6761  6761 I chromium: [INFO:CONSOLE(1)] "TypeError: a.slidersWrap.scrollTo is not a function", source: https://static001.geekbang.org/static/time/js/19.5e672bf32c46a84a1baa.js (1)
01-14 14:19:52.164  6761  6761 I chromium: [INFO:CONSOLE(1)] "TypeError: a.slidersWrap.scrollTo is not a function", source: https://static001.geekbang.org/static/time/js/19.5e672bf32c46a84a1baa.js (1)
01-14 14:19:53.165  6761  6761 I chromium: [INFO:CONSOLE(1)] "TypeError: a.slidersWrap.scrollTo is not a function", source: https://static001.geekbang.org/static/time/js/19.5e672bf32c46a84a1baa.js (1)
01-14 14:19:54.164  6761  6761 I chromium: [INFO:CONSOLE(1)] "TypeError: a.slidersWrap.scrollTo is not a function", source: https://static001.geekbang.org/static/time/js/19.5e672bf32c46a84a1baa.js (1)
01-14 14:19:55.167  6761  6761 I chromium: [INFO:CONSOLE(1)] "TypeError: a.slidersWrap.scrollTo is not a function", source: https://static001.geekbang.org/static/time/js/19.5e672bf32c46a84a1baa.js (1)
01-14 14:19:56.163  6761  6761 I chromium: [INFO:CONSOLE(1)] "TypeError: a.slidersWrap.scrollTo is not a function", source: https://static001.geekbang.org/static/time/js/19.5e672bf32c46a84a1baa.js (1)
01-14 14:19:57.165  6761  6761 I chromium: [INFO:CONSOLE(1)] "TypeError: a.slidersWrap.scrollTo is not a function", source: https://static001.geekbang.org/static/time/js/19.5e672bf32c46a84a1baa.js (1)
01-14 14:19:58.169  6761  6761 I chromium: [INFO:CONSOLE(1)] "TypeError: a.slidersWrap.scrollTo is not a function", source: https://static001.geekbang.org/static/time/js/19.5e672bf32c46a84a1baa.js (1)
01-14 14:19:58.602 17703 17767 W Settings: Setting airplane_mode_on has moved from android.provider.Settings.System to android.provider.Settings.Global, returning read-only value.
01-14 14:19:59.168  6761  6761 I chromium: [INFO:CONSOLE(1)] "TypeError: a.slidersWrap.scrollTo is not a function", source: https://static001.geekbang.org/static/time/js/19.5e672bf32c46a84a1baa.js (1)
01-14 14:19:59.837   980  1586 D AudioFlinger: getActiveAudioPids pids :
01-14 14:19:59.868  1729  3379 D OppoListManager: no romupdate, use default
01-14 14:19:59.871  3336  5678 D nscore  : PollingHandler package freeze: org.geekbang.geekTime oomAdj:9 cpuLoad:0.1901048 packageRecord:10185
01-14 14:19:59.895   686   732 D         : power_monitor upthreshold 0, downthreshold 0 , temp1 352, temp2 333
01-14 14:20:00.017  2513  2513 D PhoneStatusBar: recevie time tick broadcast
01-14 14:20:00.036   980   980 D AudioFlinger: getActiveAudioPids pids :
01-14 14:20:00.037  1729  4310 D OppoBroadcastManager: skip broadcast for pkg:com.greenpoint.android.mc10086.activity, action:android.intent.action.TIME_TICK , app:ProcessRecord{1716ca9 22978:com.greenpoint.android.mc10086.activity:channel/u0a127}
01-14 14:20:00.043   980  1587 D AudioFlinger: getActiveAudioPids pids :
01-14 14:20:00.044  1729  1745 D OppoBroadcastManager: skip broadcast for pkg:com.greenpoint.android.mc10086.activity, action:android.intent.action.TIME_TICK , app:ProcessRecord{a182093 29938:com.greenpoint.android.mc10086.activity/u0a127}
01-14 14:20:00.046   980  2934 D AudioFlinger: getActiveAudioPids pids :
01-14 14:20:00.047  1729  1745 D OppoBroadcastManager: skip broadcast for pkg:com.greenpoint.android.mc10086.activity, action:android.intent.action.TIME_TICK , app:ProcessRecord{13a2962 4925:com.water.richprocess.push.keepaliveservice/u0a127}
01-14 14:20:00.166  6761  6761 I chromium: [INFO:CONSOLE(1)] "TypeError: a.slidersWrap.scrollTo is not a function", source: https://static001.geekbang.org/static/time/js/19.5e672bf32c46a84a1baa.js (1)
01-14 14:20:01.166  6761  6761 I chromium: [INFO:CONSOLE(1)] "TypeError: a.slidersWrap.scrollTo is not a function", source: https://static001.geekbang.org/static/time/js/19.5e672bf32c46a84a1baa.js (1)
01-14 14:20:02.192  6761  6761 I chromium: [INFO:CONSOLE(1)] "TypeError: a.slidersWrap.scrollTo is not a function", source: https://static001.geekbang.org/static/time/js/19.5e672bf32c46a84a1baa.js (1)
01-14 14:20:03.164  6761  6761 I chromium: [INFO:CONSOLE(1)] "TypeError: a.slidersWrap.scrollTo is not a function", source: https://static001.geekbang.org/static/time/js/19.5e672bf32c46a84a1baa.js (1)
01-14 14:20:04.167  6761  6761 I chromium: [INFO:CONSOLE(1)] "TypeError: a.slidersWrap.scrollTo is not a function", source: https://static001.geekbang.org/static/time/js/19.5e672bf32c46a84a1baa.js (1)
01-14 14:20:05.167  6761  6761 I chromium: [INFO:CONSOLE(1)] "TypeError: a.slidersWrap.scrollTo is not a function", source: https://static001.geekbang.org/static/time/js/19.5e672bf32c46a84a1baa.js (1)
01-14 14:20:06.167  6761  6761 I chromium: [INFO:CONSOLE(1)] "TypeError: a.slidersWrap.scrollTo is not a function", source: https://static001.geekbang.org/static/time/js/19.5e672bf32c46a84a1baa.js (1)
01-14 14:20:07.167  6761  6761 I chromium: [INFO:CONSOLE(1)] "TypeError: a.slidersWrap.scrollTo is not a function", source: https://static001.geekbang.org/static/time/js/19.5e672bf32c46a84a1baa.js (1)
01-14 14:20:08.167  6761  6761 I chromium: [INFO:CONSOLE(1)] "TypeError: a.slidersWrap.scrollTo is not a function", source: https://static001.geekbang.org/static/time/js/19.5e672bf32c46a84a1baa.js (1)
01-14 14:20:09.166  6761  6761 I chromium: [INFO:CONSOLE(1)] "TypeError: a.slidersWrap.scrollTo is not a function", source: https://static001.geekbang.org/static/time/js/19.5e672bf32c46a84a1baa.js (1)
01-14 14:20:10.164  6761  6761 I chromium: [INFO:CONSOLE(1)] "TypeError: a.slidersWrap.scrollTo is not a function", source: https://static001.geekbang.org/static/time/js/19.5e672bf32c46a84a1baa.js (1)
01-14 14:20:10.654 17703 17767 W Settings: Setting airplane_mode_on has moved from android.provider.Settings.System to android.provider.Settings.Global, returning read-only value.
01-14 14:20:11.165  6761  6761 I chromium: [INFO:CONSOLE(1)] "TypeError: a.slidersWrap.scrollTo is not a function", source: https://static001.geekbang.org/static/time/js/19.5e672bf32c46a84a1baa.js (1)
01-14 14:20:12.167  6761  6761 I chromium: [INFO:CONSOLE(1)] "TypeError: a.slidersWrap.scrollTo is not a function", source: https://static001.geekbang.org/static/time/js/19.5e672bf32c46a84a1baa.js (1)
01-14 14:20:13.167  6761  6761 I chromium: [INFO:CONSOLE(1)] "TypeError: a.slidersWrap.scrollTo is not a function", source: https://static001.geekbang.org/static/time/js/19.5e672bf32c46a84a1baa.js (1)
01-14 14:20:14.167  6761  6761 I chromium: [INFO:CONSOLE(1)] "TypeError: a.slidersWrap.scrollTo is not a function", source: https://static001.geekbang.org/static/time/js/19.5e672bf32c46a84a1baa.js (1)
01-14 14:20:14.318  2673  2673 D OppoSpnOverride: getXmlFile
01-14 14:20:14.318  2673  2673 D OppoSpnOverride: mSpnInfoDataPath=/data/data/com.android.phone/spn_zh_cn.xml
01-14 14:20:14.319  2673  2673 D OppoSpnOverride: getXmlFile
01-14 14:20:14.319  2673  2673 D OppoSpnOverride: mSpnInfoDataPath=/data/data/com.android.phone/spn_en.xml
01-14 14:20:14.325 18516 18533 I Kgd.AsyncKeyguardUpdateMonitor: onReceive SPN_STRINGS_UPDATED_ACTION on sub = 0, we need Update = false
01-14 14:20:14.354  1729  1742 V CountryDetector:     getCountry is Country {ISO=CN, source=0, time=36543070}
01-14 14:20:14.370  2673  2673 D CdmaVolteServiceChecker: onReceive, action = android.intent.action.SERVICE_STATE
01-14 14:20:14.370  2673  2673 D CdmaVolteServiceChecker: updateState, checking = false
01-14 14:20:14.371  2673  2673 D CdmaVolteServiceChecker: getMainCapabilitySubId = 3
01-14 14:20:14.381  1729  2975 D elsa    : app is ProcessRecord{2b25f92 2937:com.nearme.statistics.rom/1000}, isInBlackList is false, isNeedSetProcessGroup is true
01-14 14:20:14.384  1729  4287 D elsa    : app is ProcessRecord{2b25f92 2937:com.nearme.statistics.rom/1000}, isInBlackList is false, isNeedSetProcessGroup is true
01-14 14:20:15.166  6761  6761 I chromium: [INFO:CONSOLE(1)] "TypeError: a.slidersWrap.scrollTo is not a function", source: https://static001.geekbang.org/static/time/js/19.5e672bf32c46a84a1baa.js (1)
01-14 14:20:15.745  1729  2612 W Watchdog_N: !@WatchDog_437;
01-14 14:20:16.166  6761  6761 I chromium: [INFO:CONSOLE(1)] "TypeError: a.slidersWrap.scrollTo is not a function", source: https://static001.geekbang.org/static/time/js/19.5e672bf32c46a84a1baa.js (1)
01-14 14:20:17.166  6761  6761 I chromium: [INFO:CONSOLE(1)] "TypeError: a.slidersWrap.scrollTo is not a function", source: https://static001.geekbang.org/static/time/js/19.5e672bf32c46a84a1baa.js (1)
01-14 14:20:18.061  2673  2673 D OppoSpnOverride: getXmlFile
01-14 14:20:18.061  2673  2673 D OppoSpnOverride: mSpnInfoDataPath=/data/data/com.android.phone/spn_zh_cn.xml
01-14 14:20:18.061  2673  2673 D OppoSpnOverride: getXmlFile
01-14 14:20:18.061  2673  2673 D OppoSpnOverride: mSpnInfoDataPath=/data/data/com.android.phone/spn_en.xml
01-14 14:20:18.066 18516 18533 I Kgd.AsyncKeyguardUpdateMonitor: onReceive SPN_STRINGS_UPDATED_ACTION on sub = 0, we need Update = false
01-14 14:20:18.108  1729  1742 V CountryDetector:     getCountry is Country {ISO=CN, source=0, time=36546822}
01-14 14:20:18.109  2673  2673 D CdmaVolteServiceChecker: onReceive, action = android.intent.action.SERVICE_STATE
01-14 14:20:18.109  2673  2673 D CdmaVolteServiceChecker: updateState, checking = false
01-14 14:20:18.109  2673  2673 D CdmaVolteServiceChecker: getMainCapabilitySubId = 3
01-14 14:20:18.165  6761  6761 I chromium: [INFO:CONSOLE(1)] "TypeError: a.slidersWrap.scrollTo is not a function", source: https://static001.geekbang.org/static/time/js/19.5e672bf32c46a84a1baa.js (1)
01-14 14:20:19.166  6761  6761 I chromium: [INFO:CONSOLE(1)] "TypeError: a.slidersWrap.scrollTo is not a function", source: https://static001.geekbang.org/static/time/js/19.5e672bf32c46a84a1baa.js (1)
01-14 14:20:19.583 12613 13042 I chatty  : uid=10121(com.tencent.tim) expire 1 line
01-14 14:20:19.854 12964 12964 D libc-netbsd: [getaddrinfo]:  hostname=ipv4only.arpa;  servname=(null);  app_pid=12964;  app_uid=1029;  ai_flags=0;  ai_family=10; ai_socktype=0 from prox result 7
01-14 14:20:19.854 12964 12964 E clatd   : plat_prefix/dns(ipv4only.arpa) status = 7/No address associated with hostname
01-14 14:20:19.854 12964 12964 W clatd   : dns64_detection -- error, sleeping for 120 seconds
01-14 14:20:19.897   686   732 D         : power_monitor upthreshold 0, downthreshold 0 , temp1 359, temp2 336
01-14 14:20:20.164  6761  6761 I chromium: [INFO:CONSOLE(1)] "TypeError: a.slidersWrap.scrollTo is not a function", source: https://static001.geekbang.org/static/time/js/19.5e672bf32c46a84a1baa.js (1)
01-14 14:20:21.166  6761  6761 I chromium: [INFO:CONSOLE(1)] "TypeError: a.slidersWrap.scrollTo is not a function", source: https://static001.geekbang.org/static/time/js/19.5e672bf32c46a84a1baa.js (1)
01-14 14:20:21.349 12598 12775 I chatty  : uid=10121 com.tencent.tim:MSF expire 1 line
01-14 14:20:22.166  6761  6761 I chromium: [INFO:CONSOLE(1)] "TypeError: a.slidersWrap.scrollTo is not a function", source: https://static001.geekbang.org/static/time/js/19.5e672bf32c46a84a1baa.js (1)
01-14 14:20:22.718 17703 17767 W Settings: Setting airplane_mode_on has moved from android.provider.Settings.System to android.provider.Settings.Global, returning read-only value.
01-14 14:20:23.167  6761  6761 I chromium: [INFO:CONSOLE(1)] "TypeError: a.slidersWrap.scrollTo is not a function", source: https://static001.geekbang.org/static/time/js/19.5e672bf32c46a84a1baa.js (1)
01-14 14:20:23.470  2673  2673 D OppoSpnOverride: getXmlFile
01-14 14:20:23.470  2673  2673 D OppoSpnOverride: mSpnInfoDataPath=/data/data/com.android.phone/spn_zh_cn.xml
01-14 14:20:23.470  2673  2673 D OppoSpnOverride: getXmlFile
01-14 14:20:23.470  2673  2673 D OppoSpnOverride: mSpnInfoDataPath=/data/data/com.android.phone/spn_en.xml
01-14 14:20:23.481 18516 18533 I Kgd.AsyncKeyguardUpdateMonitor: onReceive SPN_STRINGS_UPDATED_ACTION on sub = 0, we need Update = false
01-14 14:20:23.516  1729  1742 V CountryDetector:     getCountry is Country {ISO=CN, source=0, time=36552232}
01-14 14:20:23.517  2673  2673 D CdmaVolteServiceChecker: onReceive, action = android.intent.action.SERVICE_STATE
01-14 14:20:23.517  2673  2673 D CdmaVolteServiceChecker: updateState, checking = false
01-14 14:20:23.517  2673  2673 D CdmaVolteServiceChecker: getMainCapabilitySubId = 3
01-14 14:20:24.163  6761  6761 I chromium: [INFO:CONSOLE(1)] "TypeError: a.slidersWrap.scrollTo is not a function", source: https://static001.geekbang.org/static/time/js/19.5e672bf32c46a84a1baa.js (1)
01-14 14:20:25.165  6761  6761 I chromium: [INFO:CONSOLE(1)] "TypeError: a.slidersWrap.scrollTo is not a function", source: https://static001.geekbang.org/static/time/js/19.5e672bf32c46a84a1baa.js (1)
01-14 14:20:26.166  6761  6761 I chromium: [INFO:CONSOLE(1)] "TypeError: a.slidersWrap.scrollTo is not a function", source: https://static001.geekbang.org/static/time/js/19.5e672bf32c46a84a1baa.js (1)
01-14 14:20:26.638  2673  2673 D OppoSpnOverride: getXmlFile
01-14 14:20:26.638  2673  2673 D OppoSpnOverride: mSpnInfoDataPath=/data/data/com.android.phone/spn_zh_cn.xml
01-14 14:20:26.638  2673  2673 D OppoSpnOverride: getXmlFile
01-14 14:20:26.638  2673  2673 D OppoSpnOverride: mSpnInfoDataPath=/data/data/com.android.phone/spn_en.xml
01-14 14:20:26.643 18516 18533 I Kgd.AsyncKeyguardUpdateMonitor: onReceive SPN_STRINGS_UPDATED_ACTION on sub = 0, we need Update = false
01-14 14:20:26.679  2673  2673 D CdmaVolteServiceChecker: onReceive, action = android.intent.action.SERVICE_STATE
01-14 14:20:26.679  2673  2673 D CdmaVolteServiceChecker: updateState, checking = false
01-14 14:20:26.679  2673  2673 D CdmaVolteServiceChecker: getMainCapabilitySubId = 3
01-14 14:20:26.684  1729  1742 V CountryDetector:     getCountry is Country {ISO=CN, source=0, time=36555400}
01-14 14:20:27.164  6761  6761 I chromium: [INFO:CONSOLE(1)] "TypeError: a.slidersWrap.scrollTo is not a function", source: https://static001.geekbang.org/static/time/js/19.5e672bf32c46a84a1baa.js (1)
01-14 14:20:28.167  6761  6761 I chromium: [INFO:CONSOLE(1)] "TypeError: a.slidersWrap.scrollTo is not a function", source: https://static001.geekbang.org/static/time/js/19.5e672bf32c46a84a1baa.js (1)
01-14 14:20:29.047  2673  2673 D OppoSpnOverride: getXmlFile
01-14 14:20:29.047  2673  2673 D OppoSpnOverride: mSpnInfoDataPath=/data/data/com.android.phone/spn_zh_cn.xml
01-14 14:20:29.047  2673  2673 D OppoSpnOverride: getXmlFile
01-14 14:20:29.047  2673  2673 D OppoSpnOverride: mSpnInfoDataPath=/data/data/com.android.phone/spn_en.xml
01-14 14:20:29.052 18516 18533 I Kgd.AsyncKeyguardUpdateMonitor: onReceive SPN_STRINGS_UPDATED_ACTION on sub = 0, we need Update = false
01-14 14:20:29.076  1729  1742 V CountryDetector:     getCountry is Country {ISO=CN, source=0, time=36557791}
01-14 14:20:29.093  2673  2673 D CdmaVolteServiceChecker: onReceive, action = android.intent.action.SERVICE_STATE
01-14 14:20:29.093  2673  2673 D CdmaVolteServiceChecker: updateState, checking = false
01-14 14:20:29.093  2673  2673 D CdmaVolteServiceChecker: getMainCapabilitySubId = 3
01-14 14:20:29.166  6761  6761 I chromium: [INFO:CONSOLE(1)] "TypeError: a.slidersWrap.scrollTo is not a function", source: https://static001.geekbang.org/static/time/js/19.5e672bf32c46a84a1baa.js (1)
01-14 14:20:29.898   980  1586 D AudioFlinger: getActiveAudioPids pids :
01-14 14:20:29.920  1729  4285 D OppoListManager: no romupdate, use default
01-14 14:20:29.921  3336  5678 D nscore  : PollingHandler package freeze: org.geekbang.geekTime oomAdj:9 cpuLoad:0.18898489 packageRecord:10185
01-14 14:20:30.164  6761  6761 I chromium: [INFO:CONSOLE(1)] "TypeError: a.slidersWrap.scrollTo is not a function", source: https://static001.geekbang.org/static/time/js/19.5e672bf32c46a84a1baa.js (1)
01-14 14:20:30.719  2673  2673 D OppoSpnOverride: getXmlFile
01-14 14:20:30.719  2673  2673 D OppoSpnOverride: mSpnInfoDataPath=/data/data/com.android.phone/spn_zh_cn.xml
01-14 14:20:30.720  2673  2673 D OppoSpnOverride: getXmlFile
01-14 14:20:30.720  2673  2673 D OppoSpnOverride: mSpnInfoDataPath=/data/data/com.android.phone/spn_en.xml
01-14 14:20:30.729 18516 18533 I Kgd.AsyncKeyguardUpdateMonitor: onReceive SPN_STRINGS_UPDATED_ACTION on sub = 0, we need Update = false
01-14 14:20:30.767  2673  2673 D CdmaVolteServiceChecker: onReceive, action = android.intent.action.SERVICE_STATE
01-14 14:20:30.767  2673  2673 D CdmaVolteServiceChecker: updateState, checking = false
01-14 14:20:30.767  2673  2673 D CdmaVolteServiceChecker: getMainCapabilitySubId = 3
01-14 14:20:30.778  1729  1742 V CountryDetector:     getCountry is Country {ISO=CN, source=0, time=36559492}
01-14 14:20:31.166  6761  6761 I chromium: [INFO:CONSOLE(1)] "TypeError: a.slidersWrap.scrollTo is not a function", source: https://static001.geekbang.org/static/time/js/19.5e672bf32c46a84a1baa.js (1)
01-14 14:20:31.564  6970  7025 I tnet-jni: 1489 - [spdyPingRecvCallback] - 
01-14 14:20:31.564  6970  7025 I tnet-jni: 1489 - [SpdySessionCallBack.spdyPingRecvCallback] - org.android.spdy.SpdySession@69fa8aa
01-14 14:20:32.166  6761  6761 I chromium: [INFO:CONSOLE(1)] "TypeError: a.slidersWrap.scrollTo is not a function", source: https://static001.geekbang.org/static/time/js/19.5e672bf32c46a84a1baa.js (1)
01-14 14:20:33.166  6761  6761 I chromium: [INFO:CONSOLE(1)] "TypeError: a.slidersWrap.scrollTo is not a function", source: https://static001.geekbang.org/static/time/js/19.5e672bf32c46a84a1baa.js (1)
01-14 14:20:33.571  1729  3081 D elsa    : app is ProcessRecord{2b25f92 2937:com.nearme.statistics.rom/1000}, isInBlackList is false, isNeedSetProcessGroup is true
01-14 14:20:33.580  1729 24261 D elsa    : app is ProcessRecord{2b25f92 2937:com.nearme.statistics.rom/1000}, isInBlackList is false, isNeedSetProcessGroup is true
01-14 14:20:33.753  3336  3336 D nscore  : abnormal alarm number: 2
01-14 14:20:34.164  6761  6761 I chromium: [INFO:CONSOLE(1)] "TypeError: a.slidersWrap.scrollTo is not a function", source: https://static001.geekbang.org/static/time/js/19.5e672bf32c46a84a1baa.js (1)
01-14 14:20:34.776 17703 17767 W Settings: Setting airplane_mode_on has moved from android.provider.Settings.System to android.provider.Settings.Global, returning read-only value.
01-14 14:20:35.164  6761  6761 I chromium: [INFO:CONSOLE(1)] "TypeError: a.slidersWrap.scrollTo is not a function", source: https://static001.geekbang.org/static/time/js/19.5e672bf32c46a84a1baa.js (1)
01-14 14:20:36.008  2673  2673 D OppoSpnOverride: getXmlFile
01-14 14:20:36.008  2673  2673 D OppoSpnOverride: mSpnInfoDataPath=/data/data/com.android.phone/spn_zh_cn.xml
01-14 14:20:36.008  2673  2673 D OppoSpnOverride: getXmlFile
01-14 14:20:36.008  2673  2673 D OppoSpnOverride: mSpnInfoDataPath=/data/data/com.android.phone/spn_en.xml
01-14 14:20:36.013 18516 18533 I Kgd.AsyncKeyguardUpdateMonitor: onReceive SPN_STRINGS_UPDATED_ACTION on sub = 0, we need Update = false
01-14 14:20:36.048  2673  2673 D CdmaVolteServiceChecker: onReceive, action = android.intent.action.SERVICE_STATE
01-14 14:20:36.048  2673  2673 D CdmaVolteServiceChecker: updateState, checking = false
01-14 14:20:36.048  2673  2673 D CdmaVolteServiceChecker: getMainCapabilitySubId = 3
01-14 14:20:36.049  1729  1742 V CountryDetector:     getCountry is Country {ISO=CN, source=0, time=36564765}
01-14 14:20:36.166  6761  6761 I chromium: [INFO:CONSOLE(1)] "TypeError: a.slidersWrap.scrollTo is not a function", source: https://static001.geekbang.org/static/time/js/19.5e672bf32c46a84a1baa.js (1)
01-14 14:20:36.797  1729  4312 D OppoListManager: no romupdate, use default
01-14 14:20:36.799   980   980 D AudioFlinger: getActiveAudioPids pids :
01-14 14:20:36.808  3336  5678 I Process : Sending signal. PID: 12598 SIG: 9
01-14 14:20:36.810  3336  5678 I Process : Sending signal. PID: 12613 SIG: 9
01-14 14:20:36.812  3336  5678 I Process : Sending signal. PID: 13066 SIG: 9
01-14 14:20:36.814  3336  5678 I Process : Sending signal. PID: 12582 SIG: 9
01-14 14:20:36.815  3336  5678 I Process : Sending signal. PID: 12559 SIG: 9
01-14 14:20:36.820  3336  5678 D nscore  : ns(susph/kill): com.tencent.tim
01-14 14:20:36.861  1729  2975 I ActivityManager: Process com.tencent.tim:assist (pid 12582) has died
01-14 14:20:36.861  1729  1746 I libprocessgroup: Killing pid 12662 in uid 10121 as part of process group 12582
01-14 14:20:36.861  1729  2975 D ActivityManager: cleanUpApplicationRecord -- 12582
01-14 14:20:36.862  1729  2975 W ActivityManager: Service crashed 0 times, stopping: ServiceRecord{330bc8 u0 com.tencent.tim/com.tencent.mobileqq.app.DaemonAssistService2}this is not core appcom.tencent.tim:assist
01-14 14:20:36.866  1729  1729 I OppoPhoneWindowManager: KeyLockModeReceiver KeyLockMode: 0 ProcessName: com.tencent.tim:assist
01-14 14:20:36.872 12619 12619 I chatty  : uid=10121(com.tencent.tim) app_d expire 4 lines
01-14 14:20:36.882 12660 12660 I chatty  : uid=10121(com.tencent.tim) app_d expire 4 lines
01-14 14:20:36.892  1729 17563 D SensorService: ~SensorEventConnection(0x7f6aaecd80)
01-14 14:20:36.892  1729 17563 D SensorService: 1 active sensors
01-14 14:20:36.892  1729 17563 D SensorService: 0: disabling handle=0x00000014
01-14 14:20:36.892  1729 17563 D SensorService: SensorDevice::activate: ident=0x7f6aaecd80, handle=0x00000014, enabled=0, count=2
01-14 14:20:36.892  1729 17563 D SensorService: disable index=1
01-14 14:20:36.892  1729 17563 D SensorService: 	>>> actuating h/w batch 20 0 600000000 0
01-14 14:20:36.893  1729 17563 E qti_sensors_hal: batch:sensor(android.sensor.step_counter) handle:5 enabled:1 flags:0x0 period_ns 600000000
01-14 14:20:36.893  1729 17563 E qti_sensors_hal: batch:sensor(android.sensor.step_counter) sample_rate=5.000000Hz report_rate_f=0.000000Hz curr sample rate:5.000000 cur rpt rate:0 max:5.000000 min:0.100000
01-14 14:20:36.893  1729 17563 D SensorService: removing connection 0x7f6aaecd80 for sensor[0].handle=0x00000014
01-14 14:20:36.899  1729  4288 I ActivityManager: Start proc 14364:com.tencent.tim:assist/u0a121 for service com.tencent.tim/com.tencent.mobileqq.app.DaemonAssistService2
01-14 14:20:36.899  1729  3157 I ActivityManager: Process com.tencent.tim:MSF (pid 12598) has died
01-14 14:20:36.900  1729  3157 D ActivityManager: cleanUpApplicationRecord -- 12598
01-14 14:20:36.900  1729  3157 W ActivityManager: Service crashed 0 times, stopping: ServiceRecord{8032461 u0 com.tencent.tim/com.tencent.mobileqq.app.DaemonMsfService}this is not core appcom.tencent.tim:MSF
01-14 14:20:36.901  1729  3157 W ActivityManager: Service crashed 0 times, stopping: ServiceRecord{5f9974 u0 com.tencent.tim/com.tencent.mobileqq.msf.service.MsfService}this is not core appcom.tencent.tim:MSF
01-14 14:20:36.903  1729  3157 W ActivityManager: Failure disconnecting service ComponentInfo{com.tencent.tim/com.tencent.mobileqq.msf.service.MsfService} to connection android.os.BinderProxy@463c009 (in com.tencent.tim:Daemon)
01-14 14:20:36.903  1729  3157 W ActivityManager: android.os.DeadObjectException
01-14 14:20:36.903  1729  3157 W ActivityManager: 	at android.os.BinderProxy.transactNative(Native Method)
01-14 14:20:36.903  1729  3157 W ActivityManager: 	at android.os.BinderProxy.transact(Binder.java:615)
01-14 14:20:36.903  1729  3157 W ActivityManager: 	at android.app.IServiceConnection$Stub$Proxy.connected(IServiceConnection.java:93)
01-14 14:20:36.903  1729  3157 W ActivityManager: 	at com.android.server.am.ActiveServices.bringDownServiceLocked(ActiveServices.java:2387)
01-14 14:20:36.903  1729  3157 W ActivityManager: 	at com.android.server.am.ActiveServices.killServicesLocked(ActiveServices.java:3088)
01-14 14:20:36.903  1729  3157 W ActivityManager: 	at com.android.server.am.ActivityManagerService.cleanUpApplicationRecordLocked(ActivityManagerService.java:19685)
01-14 14:20:36.903  1729  3157 W ActivityManager: 	at com.android.server.am.ActivityManagerService.handleAppDiedLocked(ActivityManagerService.java:6004)
01-14 14:20:36.903  1729  3157 W ActivityManager: 	at com.android.server.am.ActivityManagerService.appDiedLocked(ActivityManagerService.java:6186)
01-14 14:20:36.903  1729  3157 W ActivityManager: 	at com.android.server.am.ActivityManagerService$AppDeathRecipient.binderDied(ActivityManagerService.java:1714)
01-14 14:20:36.903  1729  3157 W ActivityManager: 	at android.os.BinderProxy.sendDeathNotice(Binder.java:688)
01-14 14:20:36.904  1729  3157 W ActivityManager: Failure disconnecting service ComponentInfo{com.tencent.tim/com.tencent.mobileqq.msf.service.MsfService} to connection android.os.BinderProxy@463c009 (in com.tencent.tim:Daemon)
01-14 14:20:36.904  1729  3157 W ActivityManager: android.os.DeadObjectException
01-14 14:20:36.904  1729  3157 W ActivityManager: 	at android.os.BinderProxy.transactNative(Native Method)
01-14 14:20:36.904  1729  3157 W ActivityManager: 	at android.os.BinderProxy.transact(Binder.java:615)
01-14 14:20:36.904  1729  3157 W ActivityManager: 	at android.app.IServiceConnection$Stub$Proxy.connected(IServiceConnection.java:93)
01-14 14:20:36.904  1729  3157 W ActivityManager: 	at com.android.server.am.ActiveServices.bringDownServiceLocked(ActiveServices.java:2387)
01-14 14:20:36.904  1729  3157 W ActivityManager: 	at com.android.server.am.ActiveServices.killServicesLocked(ActiveServices.java:3088)
01-14 14:20:36.904  1729  3157 W ActivityManager: 	at com.android.server.am.ActivityManagerService.cleanUpApplicationRecordLocked(ActivityManagerService.java:19685)
01-14 14:20:36.904  1729  3157 W ActivityManager: 	at com.android.server.am.ActivityManagerService.handleAppDiedLocked(ActivityManagerService.java:6004)
01-14 14:20:36.904  1729  3157 W ActivityManager: 	at com.android.server.am.ActivityManagerService.appDiedLocked(ActivityManagerService.java:6186)
01-14 14:20:36.904  1729  3157 W ActivityManager: 	at com.android.server.am.ActivityManagerService$AppDeathRecipient.binderDied(ActivityManagerService.java:1714)
01-14 14:20:36.904  1729  3157 W ActivityManager: 	at android.os.BinderProxy.sendDeathNotice(Binder.java:688)
01-14 14:20:36.905  1729  3157 W ActivityManager: Failure disconnecting service ComponentInfo{com.tencent.tim/com.tencent.mobileqq.msf.service.MsfService} to connection android.os.BinderProxy@463c009 (in com.tencent.tim:Daemon)
01-14 14:20:36.905  1729  3157 W ActivityManager: android.os.DeadObjectException
01-14 14:20:36.905  1729  3157 W ActivityManager: 	at android.os.BinderProxy.transactNative(Native Method)
01-14 14:20:36.905  1729  3157 W ActivityManager: 	at android.os.BinderProxy.transact(Binder.java:615)
01-14 14:20:36.905  1729  3157 W ActivityManager: 	at android.app.IServiceConnection$Stub$Proxy.connected(IServiceConnection.java:93)
01-14 14:20:36.905  1729  3157 W ActivityManager: 	at com.android.server.am.ActiveServices.bringDownServiceLocked(ActiveServices.java:2387)
01-14 14:20:36.905  1729  3157 W ActivityManager: 	at com.android.server.am.ActiveServices.killServicesLocked(ActiveServices.java:3088)
01-14 14:20:36.905  1729  3157 W ActivityManager: 	at com.android.server.am.ActivityManagerService.cleanUpApplicationRecordLocked(ActivityManagerService.java:19685)
01-14 14:20:36.905  1729  3157 W ActivityManager: 	at com.android.server.am.ActivityManagerService.handleAppDiedLocked(ActivityManagerService.java:6004)
01-14 14:20:36.905  1729  3157 W ActivityManager: 	at com.android.server.am.ActivityManagerService.appDiedLocked(ActivityManagerService.java:6186)
01-14 14:20:36.905  1729  3157 W ActivityManager: 	at com.android.server.am.ActivityManagerService$AppDeathRecipient.binderDied(ActivityManagerService.java:1714)
01-14 14:20:36.905  1729  3157 W ActivityManager: 	at android.os.BinderProxy.sendDeathNotice(Binder.java:688)
01-14 14:20:36.908  1729  3351 I ActivityManager: Process com.tencent.tim:Daemon (pid 12559) has died
01-14 14:20:36.909  1729  3351 D ActivityManager: cleanUpApplicationRecord -- 12559
01-14 14:20:36.909  1729  3351 W ActivityManager: Service crashed 0 times, stopping: ServiceRecord{ff3e46b u0 com.tencent.tim/com.tencent.mobileqq.app.DaemonAssistService}this is not core appcom.tencent.tim:Daemon
01-14 14:20:36.921  1729  4291 I LocationManagerService: remove ca587d9
01-14 14:20:36.923  1729 24261 D ConnectivityService: ConnectivityService NetworkRequestInfo binderDied(NetworkRequest [ LISTEN id=132, [ Capabilities: INTERNET&NOT_RESTRICTED&TRUSTED] ], android.os.BinderProxy@561b70d)
01-14 14:20:36.925  1729  2229 E ConnectivityService: RemoteException caught trying to send a callback msg for NetworkRequest [ LISTEN id=132, [ Capabilities: INTERNET&NOT_RESTRICTED&TRUSTED] ]
01-14 14:20:36.928  1729  4288 I ActivityManager: Start proc 14377:com.tencent.tim:Daemon/u0a121 for service com.tencent.tim/com.tencent.mobileqq.app.DaemonAssistService
01-14 14:20:36.929  1729  1729 I OppoPhoneWindowManager: KeyLockModeReceiver KeyLockMode: 0 ProcessName: com.tencent.tim:MSF
01-14 14:20:36.929  1729  1729 I OppoPhoneWindowManager: KeyLockModeReceiver KeyLockMode: 0 ProcessName: com.tencent.tim:Daemon
01-14 14:20:36.929  1729 17562 I ActivityManager: Process com.tencent.tim (pid 12613) has died
01-14 14:20:36.929  1729 17562 D ActivityManager: cleanUpApplicationRecord -- 12613
01-14 14:20:36.930  1729 17562 W Process : Unable to open /proc/13066/status
01-14 14:20:36.930  1729 17562 W ActivityManager: Process 13066 does not match uid 10121 ignore setting hits oom adj
01-14 14:20:36.931  1729 17562 W ActivityManager: Exception when unbinding service com.tencent.tim/cooperation.mailplugin.MailPluginProxyService
01-14 14:20:36.931  1729 17562 W ActivityManager: android.os.DeadObjectException
01-14 14:20:36.931  1729 17562 W ActivityManager: 	at android.os.BinderProxy.transactNative(Native Method)
01-14 14:20:36.931  1729 17562 W ActivityManager: 	at android.os.BinderProxy.transact(Binder.java:615)
01-14 14:20:36.931  1729 17562 W ActivityManager: 	at android.app.ApplicationThreadProxy.scheduleUnbindService(ApplicationThreadNative.java:1059)
01-14 14:20:36.931  1729 17562 W ActivityManager: 	at com.android.server.am.ActiveServices.removeConnectionLocked(ActiveServices.java:2568)
01-14 14:20:36.931  1729 17562 W ActivityManager: 	at com.android.server.am.ActiveServices.killServicesLocked(ActiveServices.java:2970)
01-14 14:20:36.931  1729 17562 W ActivityManager: 	at com.android.server.am.ActivityManagerService.cleanUpApplicationRecordLocked(ActivityManagerService.java:19685)
01-14 14:20:36.931  1729 17562 W ActivityManager: 	at com.android.server.am.ActivityManagerService.handleAppDiedLocked(ActivityManagerService.java:6004)
01-14 14:20:36.931  1729 17562 W ActivityManager: 	at com.android.server.am.ActivityManagerService.appDiedLocked(ActivityManagerService.java:6186)
01-14 14:20:36.931  1729 17562 W ActivityManager: 	at com.android.server.am.ActivityManagerService$AppDeathRecipient.binderDied(ActivityManagerService.java:1714)
01-14 14:20:36.931  1729 17562 W ActivityManager: 	at android.os.BinderProxy.sendDeathNotice(Binder.java:688)
01-14 14:20:36.933  1729 17562 W Process : Unable to open /proc/13066/status
01-14 14:20:36.933  1729 17562 W ActivityManager: Process 13066 does not match uid 10121 ignore setting hits oom adj
01-14 14:20:36.935  1729 17562 I ActivityManager: Killing 8272:com.coloros.oppomultiapp/1000 (adj 906): empty #17
01-14 14:20:36.937  1729 17562 W ActivityManager: Service crashed 0 times, stopping: ServiceRecord{b816560 u0 com.tencent.tim/com.tencent.mobileqq.app.CoreService}this is not core appcom.tencent.tim
01-14 14:20:36.940  1729  1739 I ActivityManager: Process com.tencent.tim:mail (pid 13066) has died
01-14 14:20:36.941  1729  1739 D ActivityManager: cleanUpApplicationRecord -- 13066
01-14 14:20:36.950  1729  1729 I OppoPhoneWindowManager: KeyLockModeReceiver KeyLockMode: 0 ProcessName: com.tencent.tim
01-14 14:20:36.950  1729  1729 I OppoPhoneWindowManager: KeyLockModeReceiver KeyLockMode: 0 ProcessName: com.tencent.tim:mail
01-14 14:20:36.961  1729  4295 D ActivityManager: cleanUpApplicationRecord -- 8272
01-14 14:20:37.013 14364 14364 I chatty  : uid=10121 com.tencent.tim:assist expire 34 lines
01-14 14:20:37.017 14377 14377 I chatty  : uid=10121 com.tencent.tim:Daemon expire 27 lines
01-14 14:20:37.050 14364 14400 I chatty  : uid=10121 com.tencent.tim:assist expire 20 lines
01-14 14:20:37.054 14377 14402 I chatty  : uid=10121 com.tencent.tim:Daemon expire 20 lines
01-14 14:20:37.061 14364 14403 I chatty  : uid=10121 com.tencent.tim:assist expire 7 lines
01-14 14:20:37.069  1729  3379 I ActivityManager: Start proc 14406:com.tencent.tim:MSF/u0a121 for service com.tencent.tim/com.tencent.mobileqq.app.DaemonMsfService
01-14 14:20:37.070 14377 14405 I chatty  : uid=10121 com.tencent.tim:Daemon expire 3 lines
01-14 14:20:37.104  1729  1757 I ActivityManager: Start proc 14428:com.tencent.tim/u0a121 for content provider com.tencent.tim/com.tencent.mqq.shared_file_accessor.ContentProviderImpl
01-14 14:20:37.134 14462 14462 I chatty  : uid=10121(com.tencent.tim) app_d expire 13 lines
01-14 14:20:37.137 14462 14464 I chatty  : uid=10121(com.tencent.tim) app_d expire 1 line
01-14 14:20:37.138 14465 14465 I chatty  : uid=10121(com.tencent.tim) app_d expire 13 lines
01-14 14:20:37.141 14465 14466 I chatty  : uid=10121(com.tencent.tim) app_d expire 1 line
01-14 14:20:37.164  6761  6761 I chromium: [INFO:CONSOLE(1)] "TypeError: a.slidersWrap.scrollTo is not a function", source: https://static001.geekbang.org/static/time/js/19.5e672bf32c46a84a1baa.js (1)
01-14 14:20:37.179 14406 14406 I chatty  : uid=10121 com.tencent.tim:MSF expire 24 lines
01-14 14:20:37.194 14428 14428 I chatty  : uid=10121(com.tencent.tim) expire 8 lines
01-14 14:20:37.211 14406 14477 I chatty  : uid=10121 com.tencent.tim:MSF expire 20 lines
01-14 14:20:37.230 14406 14479 I chatty  : uid=10121 com.tencent.tim:MSF expire 3 lines
01-14 14:20:37.247  1729  4309 E Process : get_ion_cache_memory: Unable to open /d/ion/heaps/ion_mm_heap
01-14 14:20:37.254 14428 14491 I chatty  : uid=10121(com.tencent.tim) expire 6 lines
01-14 14:20:37.281  1729 17563 D elsa    : app is ProcessRecord{3077479 14406:com.tencent.tim:MSF/u0a121}, isInBlackList is false, isNeedSetProcessGroup is true
01-14 14:20:37.288 14516 14516 I chatty  : uid=10121(com.tencent.tim) app_d expire 13 lines
01-14 14:20:37.290 14516 14517 I chatty  : uid=10121(com.tencent.tim) app_d expire 1 line
01-14 14:20:37.293  1729 24321 D elsa    : app is ProcessRecord{3077479 14406:com.tencent.tim:MSF/u0a121}, isInBlackList is false, isNeedSetProcessGroup is true
01-14 14:20:37.330 14377 14524 I chatty  : uid=10121 com.tencent.tim:Daemon expire 3 lines
01-14 14:20:37.333 14364 14525 I chatty  : uid=10121 com.tencent.tim:assist expire 3 lines
01-14 14:20:37.388 14532 14532 I chatty  : uid=10121 com.tencent.tim:assist expire 1 line
01-14 14:20:37.392 14364 14532 I chatty  : uid=10121 com.tencent.tim:assist expire 2 lines
01-14 14:20:37.398 14534 14534 I chatty  : uid=10121 com.tencent.tim:Daemon expire 1 line
01-14 14:20:37.406 14377 14534 I chatty  : uid=10121 com.tencent.tim:Daemon expire 2 lines
01-14 14:20:37.456 14377 14377 I chatty  : uid=10121 com.tencent.tim:Daemon expire 8 lines
01-14 14:20:37.461  1729  4309 D elsa    : app is ProcessRecord{28dee04 14364:com.tencent.tim:assist/u0a121}, isInBlackList is false, isNeedSetProcessGroup is true
01-14 14:20:37.472  1729  1757 D elsa    : app is ProcessRecord{2fe39b1 14377:com.tencent.tim:Daemon/u0a121}, isInBlackList is false, isNeedSetProcessGroup is true
01-14 14:20:37.474  1729  4287 D elsa    : app is ProcessRecord{3077479 14406:com.tencent.tim:MSF/u0a121}, isInBlackList is false, isNeedSetProcessGroup is true
01-14 14:20:37.477  1729  4287 D elsa    : app is ProcessRecord{abb8cd 14428:com.tencent.tim/u0a121}, isInBlackList is false, isNeedSetProcessGroup is true
01-14 14:20:37.763 14406 14406 I chatty  : uid=10121 com.tencent.tim:MSF expire 64 lines
01-14 14:20:38.036 14406 14584 I chatty  : uid=10121 com.tencent.tim:MSF expire 31 lines
01-14 14:20:38.080 14406 14596 I chatty  : uid=10121 com.tencent.tim:MSF expire 20 lines
01-14 14:20:38.090 14406 14595 I chatty  : uid=10121 com.tencent.tim:MSF expire 2 lines
01-14 14:20:38.163  6761  6761 I chromium: [INFO:CONSOLE(1)] "TypeError: a.slidersWrap.scrollTo is not a function", source: https://static001.geekbang.org/static/time/js/19.5e672bf32c46a84a1baa.js (1)
01-14 14:20:38.170 14364 14364 I chatty  : uid=10121 com.tencent.tim:assist expire 1 line
01-14 14:20:38.175 14406 14604 I chatty  : uid=10121 com.tencent.tim:MSF expire 13 lines
01-14 14:20:38.191 14406 14427 I chatty  : uid=10121 com.tencent.tim:MSF expire 4 lines
01-14 14:20:38.193 14406 14426 I chatty  : uid=10121 com.tencent.tim:MSF expire 2 lines
01-14 14:20:38.201 14406 14608 I chatty  : uid=10121 com.tencent.tim:MSF expire 2 lines
01-14 14:20:38.243 14406 14610 I chatty  : uid=10121 com.tencent.tim:MSF expire 2 lines
01-14 14:20:38.238 14610 14610 I chatty  : uid=10121 com.tencent.tim:MSF expire 4 lines
01-14 14:20:38.258 14596 14596 I chatty  : uid=10121 com.tencent.tim:MSF expire 1 line
01-14 14:20:38.388  1729  4288 W SensorService: SensorEventConnection sensor handle=20, package = com.tencent.mobileqq.msf.core.aa enable
01-14 14:20:38.389  1729  4288 D SensorService: enable sensor send lastEvent 20
01-14 14:20:38.389  1729  4288 D SensorService: Calling batch handle==20 flags=0rate=200000000 timeout== 360000000000
01-14 14:20:38.389  1729  4288 D SensorService: SensorDevice::batch: ident=0x7f56713ba0, handle=0x00000014, flags=0, period_ns=200000000 timeout=360000000000
01-14 14:20:38.389  1729  4288 D SensorService: 	>>> curr_period=600000000 min_period=200000000 curr_timeout=0 min_timeout=0
01-14 14:20:38.389  1729  4288 D SensorService: 	>>> actuating h/w BATCH 20 0 200000000 0
01-14 14:20:38.389  1729  4288 E qti_sensors_hal: batch:sensor(android.sensor.step_counter) handle:5 enabled:1 flags:0x0 period_ns 200000000
01-14 14:20:38.389  1729  4288 E qti_sensors_hal: batch:sensor(android.sensor.step_counter) sample_rate=5.000000Hz report_rate_f=0.000000Hz curr sample rate:5.000000 cur rpt rate:0 max:5.000000 min:0.100000
01-14 14:20:38.389  1729  4288 D SensorService: Calling activate on 20
01-14 14:20:38.389  1729  4288 D SensorService: SensorDevice::activate: ident=0x7f56713ba0, handle=0x00000014, enabled=1, count=2
01-14 14:20:38.389  1729  4288 D SensorService: enable index=1
01-14 14:20:38.399 14406 14635 I chatty  : uid=10121 com.tencent.tim:MSF expire 1 line
01-14 14:20:38.439 14428 14483 I chatty  : uid=10121(com.tencent.tim) expire 20 lines
01-14 14:20:38.560 14377 14558 I chatty  : uid=10121 com.tencent.tim:Daemon expire 2 lines
01-14 14:20:38.583 14364 14555 I chatty  : uid=10121 com.tencent.tim:assist expire 2 lines
01-14 14:20:38.691 14428 14428 I chatty  : uid=10121(com.tencent.tim) expire 39 lines
01-14 14:20:38.719 14406 14406 I chatty  : uid=10121 com.tencent.tim:MSF expire 2 lines
01-14 14:20:38.834 14428 14652 I chatty  : uid=10121(com.tencent.tim) expire 2 lines
01-14 14:20:38.828 14652 14652 I chatty  : uid=10121(com.tencent.tim) expire 1 line
01-14 14:20:38.942 14428 14648 I chatty  : uid=10121(com.tencent.tim) expire 4 lines
01-14 14:20:38.950  1729  4288 E Process : get_ion_cache_memory: Unable to open /d/ion/heaps/ion_mm_heap
01-14 14:20:38.953  1729  2857 E Process : get_ion_cache_memory: Unable to open /d/ion/heaps/ion_mm_heap
01-14 14:20:38.974 14406 14426 I chatty  : uid=10121 com.tencent.tim:MSF expire 2 lines
01-14 14:20:38.989 14406 14427 I chatty  : uid=10121 com.tencent.tim:MSF expire 7 lines
01-14 14:20:38.990 14428 14670 I chatty  : uid=10121(com.tencent.tim) expire 84 lines
01-14 14:20:39.165  6761  6761 I chromium: [INFO:CONSOLE(1)] "TypeError: a.slidersWrap.scrollTo is not a function", source: https://static001.geekbang.org/static/time/js/19.5e672bf32c46a84a1baa.js (1)
01-14 14:20:39.183 14428 14688 I chatty  : uid=10121(com.tencent.tim) expire 7 lines
01-14 14:20:39.201 14428 14487 I chatty  : uid=10121(com.tencent.tim) expire 7 lines
01-14 14:20:39.248 14428 14691 I chatty  : uid=10121(com.tencent.tim) expire 1 line
01-14 14:20:39.423 14428 14667 I chatty  : uid=10121(com.tencent.tim) expire 2 lines
01-14 14:20:39.460 14406 14611 I chatty  : uid=10121 com.tencent.tim:MSF expire 6 lines
01-14 14:20:39.448 14611 14611 I chatty  : uid=10121 com.tencent.tim:MSF expire 2 lines
01-14 14:20:39.509 14406 14608 I chatty  : uid=10121 com.tencent.tim:MSF expire 2 lines
01-14 14:20:39.510 14406 14584 I chatty  : uid=10121 com.tencent.tim:MSF expire 18 lines
01-14 14:20:39.579 14428 14712 I chatty  : uid=10121(com.tencent.tim) expire 9 lines
01-14 14:20:39.588 14406 14610 I chatty  : uid=10121 com.tencent.tim:MSF expire 1 line
01-14 14:20:39.626 14406 14604 I chatty  : uid=10121 com.tencent.tim:MSF expire 10 lines
01-14 14:20:39.891 14406 14612 I chatty  : uid=10121 com.tencent.tim:MSF expire 2 lines
01-14 14:20:39.898   686   732 D         : power_monitor upthreshold 0, downthreshold 0 , temp1 388, temp2 356
01-14 14:20:40.173  6761  6761 I chromium: [INFO:CONSOLE(1)] "TypeError: a.slidersWrap.scrollTo is not a function", source: https://static001.geekbang.org/static/time/js/19.5e672bf32c46a84a1baa.js (1)
01-14 14:20:40.238 14428 14649 I chatty  : uid=10121(com.tencent.tim) expire 4 lines
01-14 14:20:40.249  2673 20952 E DatabaseUtils: Writing exception to parcel
01-14 14:20:40.249  2673 20952 E DatabaseUtils: java.lang.SecurityException: No permission to write APN settings
01-14 14:20:40.249  2673 20952 E DatabaseUtils: 	at com.android.providers.telephony.TelephonyProvider.checkPermission(TelephonyProvider.java:2983)
01-14 14:20:40.249  2673 20952 E DatabaseUtils: 	at com.android.providers.telephony.TelephonyProvider.query(TelephonyProvider.java:2412)
01-14 14:20:40.249  2673 20952 E DatabaseUtils: 	at android.content.ContentProvider.query(ContentProvider.java:1052)
01-14 14:20:40.249  2673 20952 E DatabaseUtils: 	at android.content.ContentProvider$Transport.query(ContentProvider.java:243)
01-14 14:20:40.249  2673 20952 E DatabaseUtils: 	at android.content.ContentProviderNative.onTransact(ContentProviderNative.java:112)
01-14 14:20:40.249  2673 20952 E DatabaseUtils: 	at android.os.Binder.execTransact(Binder.java:565)
01-14 14:20:40.258  2673  3006 E DatabaseUtils: Writing exception to parcel
01-14 14:20:40.258  2673  3006 E DatabaseUtils: java.lang.SecurityException: No permission to write APN settings
01-14 14:20:40.258  2673  3006 E DatabaseUtils: 	at com.android.providers.telephony.TelephonyProvider.checkPermission(TelephonyProvider.java:2983)
01-14 14:20:40.258  2673  3006 E DatabaseUtils: 	at com.android.providers.telephony.TelephonyProvider.query(TelephonyProvider.java:2412)
01-14 14:20:40.258  2673  3006 E DatabaseUtils: 	at android.content.ContentProvider.query(ContentProvider.java:1052)
01-14 14:20:40.258  2673  3006 E DatabaseUtils: 	at android.content.ContentProvider$Transport.query(ContentProvider.java:243)
01-14 14:20:40.258  2673  3006 E DatabaseUtils: 	at android.content.ContentProviderNative.onTransact(ContentProviderNative.java:112)
01-14 14:20:40.258  2673  3006 E DatabaseUtils: 	at android.os.Binder.execTransact(Binder.java:565)
01-14 14:20:40.266 14377 14500 I chatty  : uid=10121 com.tencent.tim:Daemon expire 2 lines
01-14 14:20:40.267 14364 14501 I chatty  : uid=10121 com.tencent.tim:assist expire 2 lines
01-14 14:20:40.272 14428 14772 I chatty  : uid=10121(com.tencent.tim) expire 7 lines
01-14 14:20:40.300 14428 14775 I chatty  : uid=10121(com.tencent.tim) expire 2 lines
01-14 14:20:40.305 14428 14774 I chatty  : uid=10121(com.tencent.tim) expire 7 lines
01-14 14:20:40.412 14364 14531 I chatty  : uid=10121 com.tencent.tim:assist expire 4 lines
01-14 14:20:40.408 14531 14531 I chatty  : uid=10121 com.tencent.tim:assist expire 1 line
01-14 14:20:40.425 14428 14448 I chatty  : uid=10121(com.tencent.tim) expire 1 line
01-14 14:20:40.418 14535 14535 I chatty  : uid=10121 com.tencent.tim:Daemon expire 1 line
01-14 14:20:40.428 14377 14535 I chatty  : uid=10121 com.tencent.tim:Daemon expire 4 lines
01-14 14:20:40.585 14428 14794 I chatty  : uid=10121(com.tencent.tim) expire 5 lines
01-14 14:20:40.739 14428 14670 I chatty  : uid=10121(com.tencent.tim) expire 34 lines
01-14 14:20:40.739  1729  3378 D LocationManagerService: request ad65f68 passive Request[POWER_NONE passive fastest=+5s0ms] from com.tencent.tim(10121)
01-14 14:20:40.742 14406 14584 I chatty  : uid=10121 com.tencent.tim:MSF expire 38 lines
01-14 14:20:40.800 14406 14604 I chatty  : uid=10121 com.tencent.tim:MSF expire 22 lines
01-14 14:20:40.850 14428 14841 I chatty  : uid=10121(com.tencent.tim) expire 2 lines
01-14 14:20:40.859 14428 14775 I chatty  : uid=10121(com.tencent.tim) expire 1 line
01-14 14:20:41.165  6761  6761 I chromium: [INFO:CONSOLE(1)] "TypeError: a.slidersWrap.scrollTo is not a function", source: https://static001.geekbang.org/static/time/js/19.5e672bf32c46a84a1baa.js (1)
01-14 14:20:41.390  2673  2673 E libc    : Access denied finding property "oppo.hide.navigationbar"
01-14 14:20:41.378  2673  2673 W m.android.phone: type=1400 audit(0.0:9912): avc: denied { read } for name="u:object_r:oppo_prop:s0" dev="tmpfs" ino=19245 scontext=u:r:radio:s0 tcontext=u:object_r:oppo_prop:s0 tclass=file permissive=0
01-14 14:20:41.393  1729  1751 E BatteryStatsService: no controller energy info supplied
01-14 14:20:41.388  2673  2673 W m.android.phone: type=1400 audit(0.0:9913): avc: denied { read } for name="u:object_r:oppo_prop:s0" dev="tmpfs" ino=19245 scontext=u:r:radio:s0 tcontext=u:object_r:oppo_prop:s0 tclass=file permissive=0
01-14 14:20:41.394  2673  2673 E libc    : Access denied finding property "oppo.hide.navigationbar"
01-14 14:20:41.396  2673  2673 E PhoneInterfaceManager: [PhoneIntfMgr] getIccId: ICC ID is null or empty.
01-14 14:20:41.408  1729  1751 E BatteryStatsService: power: Missing API
01-14 14:20:41.423  1729  1751 E BatteryStatsService: modem info is invalid: ModemActivityInfo{ mTimestamp=36570122 mSleepTimeMs=105063 mIdleTimeMs=-21056 mTxTimeMs[]=[5744, 14603, 13405, 1923, 484] mRxTimeMs=199872 mEnergyUsed=0}
01-14 14:20:41.606 14428 14667 I chatty  : uid=10121(com.tencent.tim) expire 11 lines
01-14 14:20:41.616  2673  2685 E DatabaseUtils: Writing exception to parcel
01-14 14:20:41.616  2673  2685 E DatabaseUtils: java.lang.SecurityException: No permission to write APN settings
01-14 14:20:41.616  2673  2685 E DatabaseUtils: 	at com.android.providers.telephony.TelephonyProvider.checkPermission(TelephonyProvider.java:2983)
01-14 14:20:41.616  2673  2685 E DatabaseUtils: 	at com.android.providers.telephony.TelephonyProvider.query(TelephonyProvider.java:2412)
01-14 14:20:41.616  2673  2685 E DatabaseUtils: 	at android.content.ContentProvider.query(ContentProvider.java:1052)
01-14 14:20:41.616  2673  2685 E DatabaseUtils: 	at android.content.ContentProvider$Transport.query(ContentProvider.java:243)
01-14 14:20:41.616  2673  2685 E DatabaseUtils: 	at android.content.ContentProviderNative.onTransact(ContentProviderNative.java:112)
01-14 14:20:41.616  2673  2685 E DatabaseUtils: 	at android.os.Binder.execTransact(Binder.java:565)
01-14 14:20:41.625  2673  4305 E DatabaseUtils: Writing exception to parcel
01-14 14:20:41.625  2673  4305 E DatabaseUtils: java.lang.SecurityException: No permission to write APN settings
01-14 14:20:41.625  2673  4305 E DatabaseUtils: 	at com.android.providers.telephony.TelephonyProvider.checkPermission(TelephonyProvider.java:2983)
01-14 14:20:41.625  2673  4305 E DatabaseUtils: 	at com.android.providers.telephony.TelephonyProvider.query(TelephonyProvider.java:2412)
01-14 14:20:41.625  2673  4305 E DatabaseUtils: 	at android.content.ContentProvider.query(ContentProvider.java:1052)
01-14 14:20:41.625  2673  4305 E DatabaseUtils: 	at android.content.ContentProvider$Transport.query(ContentProvider.java:243)
