01-14 14:20:41.625  2673  4305 E DatabaseUtils: 	at android.content.ContentProviderNative.onTransact(ContentProviderNative.java:112)
01-14 14:20:41.625  2673  4305 E DatabaseUtils: 	at android.os.Binder.execTransact(Binder.java:565)
01-14 14:20:41.788 14428 14867 I chatty  : uid=10121(com.tencent.tim) expire 1 line
01-14 14:20:41.823 14428 14703 I chatty  : uid=10121(com.tencent.tim) expire 1 line
01-14 14:20:41.877 14428 14653 I chatty  : uid=10121(com.tencent.tim) expire 4 lines
01-14 14:20:41.868 14653 14653 I chatty  : uid=10121(com.tencent.tim) expire 1 line
01-14 14:20:41.888 14428 14883 I chatty  : uid=10121(com.tencent.tim) expire 1 line
01-14 14:20:41.889  1729  1753 D BluetoothManagerService: Message: 20
01-14 14:20:41.890  1729  1753 D BluetoothManagerService: Added callback: android.bluetooth.IBluetoothManagerCallback$Stub$Proxy@4a3b380:true
01-14 14:20:41.945 14406 14426 I chatty  : uid=10121 com.tencent.tim:MSF expire 1 line
01-14 14:20:41.956 14428 14868 I chatty  : uid=10121(com.tencent.tim) expire 39 lines
01-14 14:20:42.164  6761  6761 I chromium: [INFO:CONSOLE(1)] "TypeError: a.slidersWrap.scrollTo is not a function", source: https://static001.geekbang.org/static/time/js/19.5e672bf32c46a84a1baa.js (1)
01-14 14:20:42.179 14428 14890 I chatty  : uid=10121(com.tencent.tim) expire 1 line
01-14 14:20:42.342 14428 14888 I chatty  : uid=10121(com.tencent.tim) expire 73 lines
01-14 14:20:42.402  1729  2975 I ActivityManager: Start proc 14896:com.tencent.tim:mail/u0a121 for service com.tencent.tim/cooperation.mailplugin.MailPluginProxyService
01-14 14:20:42.430 14406 14584 I chatty  : uid=10121 com.tencent.tim:MSF expire 6 lines
01-14 14:20:42.441  1729 24321 D elsa    : app is ProcessRecord{a5e86d6 14896:com.tencent.tim:mail/u0a121}, isInBlackList is false, isNeedSetProcessGroup is true
01-14 14:20:42.497 14896 14896 I chatty  : uid=10121 com.tencent.tim:mail expire 67 lines
01-14 14:20:42.535 14896 14918 I chatty  : uid=10121 com.tencent.tim:mail expire 20 lines
01-14 14:20:42.586 14406 14406 I chatty  : uid=10121 com.tencent.tim:MSF expire 1 line
01-14 14:20:42.644 14896 14896 W PackageParser: Unknown element under <manifest>: meta-data at /data/data/com.tencent.tim/app_installed_plugin/mail_plugin.apk Binary XML file line #102
01-14 14:20:42.666 14406 14604 I chatty  : uid=10121 com.tencent.tim:MSF expire 3 lines
01-14 14:20:42.680 14428 14670 I chatty  : uid=10121(com.tencent.tim) expire 1 line
01-14 14:20:42.818 14896 14931 I chatty  : uid=10121 com.tencent.tim:mail expire 8 lines
01-14 14:20:42.829 14896 14930 I chatty  : uid=10121 com.tencent.tim:mail expire 60 lines
01-14 14:20:42.869 14428 14487 I chatty  : uid=10121(com.tencent.tim) expire 6 lines
01-14 14:20:43.067 14896 14952 I chatty  : uid=10121 com.tencent.tim:mail expire 4 lines
01-14 14:20:43.119 14428 14667 I chatty  : uid=10121(com.tencent.tim) expire 1 line
01-14 14:20:43.129 14896 14932 I chatty  : uid=10121 com.tencent.tim:mail expire 10 lines
01-14 14:20:43.164  6761  6761 I chromium: [INFO:CONSOLE(1)] "TypeError: a.slidersWrap.scrollTo is not a function", source: https://static001.geekbang.org/static/time/js/19.5e672bf32c46a84a1baa.js (1)
01-14 14:20:43.188 14896 14953 I chatty  : uid=10121 com.tencent.tim:mail expire 3 lines
01-14 14:20:43.281 14896 14930 I chatty  : uid=10121 com.tencent.tim:mail expire 25 lines
01-14 14:20:43.282 14896 14896 I chatty  : uid=10121 com.tencent.tim:mail expire 25 lines
01-14 14:20:43.296 14406 14624 I chatty  : uid=10121 com.tencent.tim:MSF expire 21 lines
01-14 14:20:43.374 14406 14584 I chatty  : uid=10121 com.tencent.tim:MSF expire 4 lines
01-14 14:20:43.434 14896 14968 I chatty  : uid=10121 com.tencent.tim:mail expire 2 lines
01-14 14:20:43.450 14406 14406 I chatty  : uid=10121 com.tencent.tim:MSF expire 3 lines
01-14 14:20:43.465 14896 14983 I chatty  : uid=10121 com.tencent.tim:mail expire 3 lines
01-14 14:20:43.479 14406 14610 I chatty  : uid=10121 com.tencent.tim:MSF expire 1 line
01-14 14:20:43.500 14406 14604 I chatty  : uid=10121 com.tencent.tim:MSF expire 2 lines
01-14 14:20:43.518 14991 14991 I chatty  : uid=10121 com.tencent.tim:mail expire 1 line
01-14 14:20:43.529 14896 14991 I chatty  : uid=10121 com.tencent.tim:mail expire 2 lines
01-14 14:20:43.621 14896 14896 W PackageParser: Unknown element under <manifest>: meta-data at /data/user/0/com.tencent.tim/app_installed_plugin/mail_plugin.apk Binary XML file line #102
01-14 14:20:43.644 14896 14910 I chatty  : uid=10121 com.tencent.tim:mail expire 9 lines
01-14 14:20:43.649 14896 14911 I chatty  : uid=10121 com.tencent.tim:mail expire 6 lines
01-14 14:20:43.659 14406 14427 I chatty  : uid=10121 com.tencent.tim:MSF expire 2 lines
01-14 14:20:43.668 14406 14612 I chatty  : uid=10121 com.tencent.tim:MSF expire 2 lines
01-14 14:20:43.721 14428 14487 I chatty  : uid=10121(com.tencent.tim) expire 2 lines
01-14 14:20:43.998 14896 15005 I chatty  : uid=10121 com.tencent.tim:mail expire 1 line
01-14 14:20:44.166  6761  6761 I chromium: [INFO:CONSOLE(1)] "TypeError: a.slidersWrap.scrollTo is not a function", source: https://static001.geekbang.org/static/time/js/19.5e672bf32c46a84a1baa.js (1)
01-14 14:20:44.446 14896 14931 I chatty  : uid=10121 com.tencent.tim:mail expire 7 lines
01-14 14:20:45.166  6761  6761 I chromium: [INFO:CONSOLE(1)] "TypeError: a.slidersWrap.scrollTo is not a function", source: https://static001.geekbang.org/static/time/js/19.5e672bf32c46a84a1baa.js (1)
01-14 14:20:45.565 14896 14923 I chatty  : uid=10121 com.tencent.tim:mail expire 2 lines
01-14 14:20:45.751  1729  2612 W Watchdog_N: !@WatchDog_438;
01-14 14:20:46.163  6761  6761 I chromium: [INFO:CONSOLE(1)] "TypeError: a.slidersWrap.scrollTo is not a function", source: https://static001.geekbang.org/static/time/js/19.5e672bf32c46a84a1baa.js (1)
01-14 14:20:46.275 14896 14933 I chatty  : uid=10121 com.tencent.tim:mail expire 3 lines
01-14 14:20:46.307 14896 14932 I chatty  : uid=10121 com.tencent.tim:mail expire 8 lines
01-14 14:20:46.311 14896 14955 I chatty  : uid=10121 com.tencent.tim:mail expire 4 lines
01-14 14:20:46.560 14896 14993 I chatty  : uid=10121 com.tencent.tim:mail expire 4 lines
01-14 14:20:46.548 14993 14993 I chatty  : uid=10121 com.tencent.tim:mail expire 1 line
01-14 14:20:46.833 17703 17767 W Settings: Setting airplane_mode_on has moved from android.provider.Settings.System to android.provider.Settings.Global, returning read-only value.
01-14 14:20:46.878 14428 14428 I chatty  : uid=10121(com.tencent.tim) expire 3 lines
01-14 14:20:47.166  6761  6761 I chromium: [INFO:CONSOLE(1)] "TypeError: a.slidersWrap.scrollTo is not a function", source: https://static001.geekbang.org/static/time/js/19.5e672bf32c46a84a1baa.js (1)
01-14 14:20:48.166  6761  6761 I chromium: [INFO:CONSOLE(1)] "TypeError: a.slidersWrap.scrollTo is not a function", source: https://static001.geekbang.org/static/time/js/19.5e672bf32c46a84a1baa.js (1)
01-14 14:20:48.686  3336  3336 D nscore  : abnormal alarm number: 2
01-14 14:20:49.165  6761  6761 I chromium: [INFO:CONSOLE(1)] "TypeError: a.slidersWrap.scrollTo is not a function", source: https://static001.geekbang.org/static/time/js/19.5e672bf32c46a84a1baa.js (1)
01-14 14:20:50.167  6761  6761 I chromium: [INFO:CONSOLE(1)] "TypeError: a.slidersWrap.scrollTo is not a function", source: https://static001.geekbang.org/static/time/js/19.5e672bf32c46a84a1baa.js (1)
01-14 14:20:50.273 14428 15125 I chatty  : uid=10121(com.tencent.tim) expire 1 line
01-14 14:20:50.275 14428 15126 I chatty  : uid=10121(com.tencent.tim) expire 1 line
01-14 14:20:51.073  1729  1740 E Process : get_ion_cache_memory: Unable to open /d/ion/heaps/ion_mm_heap
01-14 14:20:51.164  6761  6761 I chromium: [INFO:CONSOLE(1)] "TypeError: a.slidersWrap.scrollTo is not a function", source: https://static001.geekbang.org/static/time/js/19.5e672bf32c46a84a1baa.js (1)
01-14 14:20:51.704  1729  2687 D OppoListManager: no romupdate, use default
01-14 14:20:51.706   980  1587 D AudioFlinger: getActiveAudioPids pids :
01-14 14:20:51.710  3336  5678 I Process : Sending signal. PID: 14406 SIG: 9
01-14 14:20:51.711  3336  5678 I Process : Sending signal. PID: 14428 SIG: 9
01-14 14:20:51.713  3336  5678 I Process : Sending signal. PID: 14896 SIG: 9
01-14 14:20:51.714  3336  5678 I Process : Sending signal. PID: 14377 SIG: 9
01-14 14:20:51.715  3336  5678 I Process : Sending signal. PID: 14364 SIG: 9
01-14 14:20:51.718  3336  5678 D nscore  : ns(susph/kill): com.tencent.tim
01-14 14:20:51.754  1729  1757 I ActivityManager: Process com.tencent.tim:Daemon (pid 14377) has died
01-14 14:20:51.755  1729  1746 I libprocessgroup: Killing pid 14465 in uid 10121 as part of process group 14377
01-14 14:20:51.755  1729  1757 D ActivityManager: cleanUpApplicationRecord -- 14377
01-14 14:20:51.755  1729  1757 W ActivityManager: Service crashed 0 times, stopping: ServiceRecord{8e12010 u0 com.tencent.tim/com.tencent.mobileqq.app.DaemonAssistService}this is not core appcom.tencent.tim:Daemon
01-14 14:20:51.758  1729  1729 I OppoPhoneWindowManager: KeyLockModeReceiver KeyLockMode: 0 ProcessName: com.tencent.tim:Daemon
01-14 14:20:51.762 14516 14516 I chatty  : uid=10121(com.tencent.tim) app_d expire 4 lines
01-14 14:20:51.772 14462 14462 I chatty  : uid=10121(com.tencent.tim) app_d expire 4 lines
01-14 14:20:51.774  1729 17563 D SensorService: ~SensorEventConnection(0x7f56713ba0)
01-14 14:20:51.774  1729 17563 D SensorService: 1 active sensors
01-14 14:20:51.774  1729 17563 D SensorService: 0: disabling handle=0x00000014
01-14 14:20:51.774  1729 17563 D SensorService: SensorDevice::activate: ident=0x7f56713ba0, handle=0x00000014, enabled=0, count=2
01-14 14:20:51.774  1729 17563 D SensorService: disable index=1
01-14 14:20:51.774  1729 17563 D SensorService: 	>>> actuating h/w batch 20 0 600000000 0
01-14 14:20:51.774  1729 17563 E qti_sensors_hal: batch:sensor(android.sensor.step_counter) handle:5 enabled:1 flags:0x0 period_ns 600000000
01-14 14:20:51.774  1729 17563 E qti_sensors_hal: batch:sensor(android.sensor.step_counter) sample_rate=5.000000Hz report_rate_f=0.000000Hz curr sample rate:5.000000 cur rpt rate:0 max:5.000000 min:0.100000
01-14 14:20:51.774  1729 17563 D SensorService: removing connection 0x7f56713ba0 for sensor[0].handle=0x00000014
01-14 14:20:51.784  1729  2857 I ActivityManager: Start proc 15156:com.tencent.tim:Daemon/u0a121 for service com.tencent.tim/com.tencent.mobileqq.app.DaemonAssistService
01-14 14:20:51.785  1729  1760 I ActivityManager: Process com.tencent.tim:assist (pid 14364) has died
01-14 14:20:51.786  1729  1760 D ActivityManager: cleanUpApplicationRecord -- 14364
01-14 14:20:51.786  1729  1760 W ActivityManager: Service crashed 0 times, stopping: ServiceRecord{147fcd3 u0 com.tencent.tim/com.tencent.mobileqq.app.DaemonAssistService2}this is not core appcom.tencent.tim:assist
01-14 14:20:51.789  1729 26221 I ActivityManager: Process com.tencent.tim:MSF (pid 14406) has died
01-14 14:20:51.790  1729 26221 D ActivityManager: cleanUpApplicationRecord -- 14406
01-14 14:20:51.790  1729 26221 W ActivityManager: Service crashed 0 times, stopping: ServiceRecord{bffb709 u0 com.tencent.tim/com.tencent.mobileqq.app.DaemonMsfService}this is not core appcom.tencent.tim:MSF
01-14 14:20:51.790  1729 26221 W ActivityManager: Service crashed 0 times, stopping: ServiceRecord{8a2e458 u0 com.tencent.tim/com.tencent.mobileqq.msf.service.MsfService}this is not core appcom.tencent.tim:MSF
01-14 14:20:51.794  1729  1729 I OppoPhoneWindowManager: KeyLockModeReceiver KeyLockMode: 0 ProcessName: com.tencent.tim:assist
01-14 14:20:51.794  1729  1729 I OppoPhoneWindowManager: KeyLockModeReceiver KeyLockMode: 0 ProcessName: com.tencent.tim:MSF
01-14 14:20:51.805  1729  4308 D ConnectivityService: ConnectivityService NetworkRequestInfo binderDied(NetworkRequest [ LISTEN id=133, [ Capabilities: INTERNET&NOT_RESTRICTED&TRUSTED] ], android.os.BinderProxy@a42dfc3)
01-14 14:20:51.806  1729  2229 E ConnectivityService: RemoteException caught trying to send a callback msg for NetworkRequest [ LISTEN id=133, [ Capabilities: INTERNET&NOT_RESTRICTED&TRUSTED] ]
01-14 14:20:51.807  1729  2857 I ActivityManager: Start proc 15169:com.tencent.tim:MSF/u0a121 for service com.tencent.tim/com.tencent.mobileqq.app.DaemonMsfService
01-14 14:20:51.816  1729  4287 I ActivityManager: Process com.tencent.tim:mail (pid 14896) has died
01-14 14:20:51.817  1729  4287 D ActivityManager: cleanUpApplicationRecord -- 14896
01-14 14:20:51.817  1729  4287 W ActivityManager: Service crashed 0 times, stopping: ServiceRecord{e2f4af1 u0 com.tencent.tim/cooperation.mailplugin.MailPluginProxyService}this is not core appcom.tencent.tim:mail
01-14 14:20:51.817  1729  4287 E JavaBinder: !!! FAILED BINDER TRANSACTION !!!  (parcel size = 232)
01-14 14:20:51.818  1729  4287 W ActivityManager: Failure disconnecting service ComponentInfo{com.tencent.tim/cooperation.mailplugin.MailPluginProxyService} to connection android.os.BinderProxy@292647b (in com.tencent.tim)
01-14 14:20:51.818  1729  4287 W ActivityManager: android.os.DeadObjectException: Transaction failed on small parcel; remote process probably died
01-14 14:20:51.818  1729  4287 W ActivityManager: 	at android.os.BinderProxy.transactNative(Native Method)
01-14 14:20:51.818  1729  4287 W ActivityManager: 	at android.os.BinderProxy.transact(Binder.java:615)
01-14 14:20:51.818  1729  4287 W ActivityManager: 	at android.app.IServiceConnection$Stub$Proxy.connected(IServiceConnection.java:93)
01-14 14:20:51.818  1729  4287 W ActivityManager: 	at com.android.server.am.ActiveServices.bringDownServiceLocked(ActiveServices.java:2387)
01-14 14:20:51.818  1729  4287 W ActivityManager: 	at com.android.server.am.ActiveServices.killServicesLocked(ActiveServices.java:3088)
01-14 14:20:51.818  1729  4287 W ActivityManager: 	at com.android.server.am.ActivityManagerService.cleanUpApplicationRecordLocked(ActivityManagerService.java:19685)
01-14 14:20:51.818  1729  4287 W ActivityManager: 	at com.android.server.am.ActivityManagerService.handleAppDiedLocked(ActivityManagerService.java:6004)
01-14 14:20:51.818  1729  4287 W ActivityManager: 	at com.android.server.am.ActivityManagerService.appDiedLocked(ActivityManagerService.java:6186)
01-14 14:20:51.818  1729  4287 W ActivityManager: 	at com.android.server.am.ActivityManagerService$AppDeathRecipient.binderDied(ActivityManagerService.java:1714)
01-14 14:20:51.818  1729  4287 W ActivityManager: 	at android.os.BinderProxy.sendDeathNotice(Binder.java:688)
01-14 14:20:51.821  1729  2975 I LocationManagerService: remove ad65f68
01-14 14:20:51.821  1729 24261 I ActivityManager: Process com.tencent.tim (pid 14428) has died
01-14 14:20:51.822  1729 24261 D ActivityManager: cleanUpApplicationRecord -- 14428
01-14 14:20:51.823  1729 24261 W ActivityManager: Service crashed 0 times, stopping: ServiceRecord{9f2a9c1 u0 com.tencent.tim/com.tencent.mobileqq.app.CoreService}this is not core appcom.tencent.tim
01-14 14:20:51.834  1729  1729 I OppoPhoneWindowManager: KeyLockModeReceiver KeyLockMode: 0 ProcessName: com.tencent.tim:mail
01-14 14:20:51.834  1729  1729 I OppoPhoneWindowManager: KeyLockModeReceiver KeyLockMode: 0 ProcessName: com.tencent.tim
01-14 14:20:51.878 15156 15156 I chatty  : uid=10121 com.tencent.tim:Daemon expire 7 lines
01-14 14:20:51.897 15169 15169 I chatty  : uid=10121 com.tencent.tim:MSF expire 6 lines
01-14 14:20:51.917 15156 15188 I chatty  : uid=10121 com.tencent.tim:Daemon expire 20 lines
01-14 14:20:51.933 15156 15193 I chatty  : uid=10121 com.tencent.tim:Daemon expire 3 lines
01-14 14:20:51.939 15169 15196 I chatty  : uid=10121 com.tencent.tim:MSF expire 1 line
01-14 14:20:51.945  1729 26221 I ActivityManager: Start proc 15198:com.tencent.tim:assist/u0a121 for service com.tencent.tim/com.tencent.mobileqq.app.DaemonAssistService2
01-14 14:20:51.970 15169 15216 I chatty  : uid=10121 com.tencent.tim:MSF expire 3 lines
01-14 14:20:51.980  1729  1739 I ActivityManager: Start proc 15228:com.tencent.tim/u0a121 for content provider com.tencent.tim/com.tencent.mqq.shared_file_accessor.ContentProviderImpl
01-14 14:20:52.007 15244 15244 I chatty  : uid=10121(com.tencent.tim) app_d expire 11 lines
01-14 14:20:52.012 15244 15246 I chatty  : uid=10121(com.tencent.tim) app_d expire 1 line
01-14 14:20:52.030 15249 15249 I chatty  : uid=10121(com.tencent.tim) app_d expire 13 lines
01-14 14:20:52.031 15249 15250 I chatty  : uid=10121(com.tencent.tim) app_d expire 1 line
01-14 14:20:52.059 15198 15198 I chatty  : uid=10121 com.tencent.tim:assist expire 7 lines
01-14 14:20:52.075 15228 15228 I chatty  : uid=10121(com.tencent.tim) expire 8 lines
01-14 14:20:52.098 15198 15257 I chatty  : uid=10121 com.tencent.tim:assist expire 19 lines
01-14 14:20:52.123 15198 15259 I chatty  : uid=10121 com.tencent.tim:assist expire 3 lines
01-14 14:20:52.144 15198 15257 I chatty  : uid=10121 com.tencent.tim:assist expire 1 line
01-14 14:20:52.152  1729  1740 E Process : get_ion_cache_memory: Unable to open /d/ion/heaps/ion_mm_heap
01-14 14:20:52.156 15228 15269 I chatty  : uid=10121(com.tencent.tim) expire 6 lines
01-14 14:20:52.169 15156 15156 I chatty  : uid=10121 com.tencent.tim:Daemon expire 28 lines
01-14 14:20:52.169 15169 15169 I chatty  : uid=10121 com.tencent.tim:MSF expire 81 lines
01-14 14:20:52.173 15169 15196 I chatty  : uid=10121 com.tencent.tim:MSF expire 19 lines
01-14 14:20:52.177 15198 15198 I chatty  : uid=10121 com.tencent.tim:assist expire 28 lines
01-14 14:20:52.186 15284 15284 I chatty  : uid=10121(com.tencent.tim) app_d expire 13 lines
01-14 14:20:52.191 15284 15286 I chatty  : uid=10121(com.tencent.tim) app_d expire 1 line
01-14 14:20:52.196 15244 15244 I chatty  : uid=10121(com.tencent.tim) app_d expire 2 lines
01-14 14:20:52.197  6761  6761 I chromium: [INFO:CONSOLE(1)] "TypeError: a.slidersWrap.scrollTo is not a function", source: https://static001.geekbang.org/static/time/js/19.5e672bf32c46a84a1baa.js (1)
01-14 14:20:52.204  1729  1760 D elsa    : app is ProcessRecord{af0240f 15169:com.tencent.tim:MSF/u0a121}, isInBlackList is false, isNeedSetProcessGroup is true
01-14 14:20:52.218  1729 24321 D elsa    : app is ProcessRecord{af0240f 15169:com.tencent.tim:MSF/u0a121}, isInBlackList is false, isNeedSetProcessGroup is true
01-14 14:20:52.262 15156 15298 I chatty  : uid=10121 com.tencent.tim:Daemon expire 3 lines
01-14 14:20:52.264 15198 15299 I chatty  : uid=10121 com.tencent.tim:assist expire 3 lines
01-14 14:20:52.330 15156 15309 I chatty  : uid=10121 com.tencent.tim:Daemon expire 2 lines
01-14 14:20:52.318 15309 15309 I chatty  : uid=10121 com.tencent.tim:Daemon expire 1 line
01-14 14:20:52.338 15315 15315 I chatty  : uid=10121 com.tencent.tim:assist expire 1 line
01-14 14:20:52.345 15198 15315 I chatty  : uid=10121 com.tencent.tim:assist expire 2 lines
01-14 14:20:52.372  1729  4310 D elsa    : app is ProcessRecord{76e8607 15198:com.tencent.tim:assist/u0a121}, isInBlackList is false, isNeedSetProcessGroup is true
01-14 14:20:52.392  1729  3157 D elsa    : app is ProcessRecord{d985e32 15228:com.tencent.tim/u0a121}, isInBlackList is false, isNeedSetProcessGroup is true
01-14 14:20:52.401  1729  4284 D elsa    : app is ProcessRecord{d985e32 15228:com.tencent.tim/u0a121}, isInBlackList is false, isNeedSetProcessGroup is true
01-14 14:20:52.409  1729  4287 D elsa    : app is ProcessRecord{4010ed2 15156:com.tencent.tim:Daemon/u0a121}, isInBlackList is false, isNeedSetProcessGroup is true
01-14 14:20:52.412  1729  1757 D elsa    : app is ProcessRecord{d985e32 15228:com.tencent.tim/u0a121}, isInBlackList is false, isNeedSetProcessGroup is true
01-14 14:20:52.415  1729  1757 D elsa    : app is ProcessRecord{af0240f 15169:com.tencent.tim:MSF/u0a121}, isInBlackList is false, isNeedSetProcessGroup is true
01-14 14:20:52.417  2673  2673 D OppoSpnOverride: getXmlFile
01-14 14:20:52.418  2673  2673 D OppoSpnOverride: mSpnInfoDataPath=/data/data/com.android.phone/spn_zh_cn.xml
01-14 14:20:52.418  2673  2673 D OppoSpnOverride: getXmlFile
01-14 14:20:52.418  2673  2673 D OppoSpnOverride: mSpnInfoDataPath=/data/data/com.android.phone/spn_en.xml
01-14 14:20:52.423 18516 18533 I Kgd.AsyncKeyguardUpdateMonitor: onReceive SPN_STRINGS_UPDATED_ACTION on sub = 0, we need Update = false
01-14 14:20:52.469  2673  2673 D CdmaVolteServiceChecker: onReceive, action = android.intent.action.SERVICE_STATE
01-14 14:20:52.469  2673  2673 D CdmaVolteServiceChecker: updateState, checking = false
01-14 14:20:52.469  2673  2673 D CdmaVolteServiceChecker: getMainCapabilitySubId = 3
01-14 14:20:52.497  1729  1742 V CountryDetector:     getCountry is Country {ISO=CN, source=0, time=36581212}
01-14 14:20:53.011 15169 15367 I chatty  : uid=10121 com.tencent.tim:MSF expire 8 lines
01-14 14:20:53.050 15169 15379 I chatty  : uid=10121 com.tencent.tim:MSF expire 3 lines
01-14 14:20:53.062 15169 15375 I chatty  : uid=10121 com.tencent.tim:MSF expire 2 lines
01-14 14:20:53.154 15169 15385 I chatty  : uid=10121 com.tencent.tim:MSF expire 2 lines
01-14 14:20:53.164  6761  6761 I chromium: [INFO:CONSOLE(1)] "TypeError: a.slidersWrap.scrollTo is not a function", source: https://static001.geekbang.org/static/time/js/19.5e672bf32c46a84a1baa.js (1)
01-14 14:20:53.185 15169 15395 I chatty  : uid=10121 com.tencent.tim:MSF expire 2 lines
01-14 14:20:53.185 15169 15180 I chatty  : uid=10121 com.tencent.tim:MSF expire 2 lines
01-14 14:20:53.202 15169 15393 I chatty  : uid=10121 com.tencent.tim:MSF expire 2 lines
01-14 14:20:53.204 15169 15182 I chatty  : uid=10121 com.tencent.tim:MSF expire 2 lines
01-14 14:20:53.198 15393 15393 I chatty  : uid=10121 com.tencent.tim:MSF expire 4 lines
01-14 14:20:53.210 15169 15181 I chatty  : uid=10121 com.tencent.tim:MSF expire 2 lines
01-14 14:20:53.228 15379 15379 I chatty  : uid=10121 com.tencent.tim:MSF expire 1 line
01-14 14:20:53.254 15169 15379 I chatty  : uid=10121 com.tencent.tim:MSF expire 17 lines
01-14 14:20:53.261 15228 15260 I chatty  : uid=10121(com.tencent.tim) expire 20 lines
01-14 14:20:53.305 15169 15367 I chatty  : uid=10121 com.tencent.tim:MSF expire 21 lines
01-14 14:20:53.377  1729  2913 W SensorService: SensorEventConnection sensor handle=20, package = com.tencent.mobileqq.msf.core.aa enable
01-14 14:20:53.377  1729  2913 D SensorService: enable sensor send lastEvent 20
01-14 14:20:53.377  1729  2913 D SensorService: Calling batch handle==20 flags=0rate=200000000 timeout== 360000000000
01-14 14:20:53.377  1729  2913 D SensorService: SensorDevice::batch: ident=0x7f6a994c80, handle=0x00000014, flags=0, period_ns=200000000 timeout=360000000000
01-14 14:20:53.377  1729  2913 D SensorService: 	>>> curr_period=600000000 min_period=200000000 curr_timeout=0 min_timeout=0
01-14 14:20:53.377  1729  2913 D SensorService: 	>>> actuating h/w BATCH 20 0 200000000 0
01-14 14:20:53.377  1729  2913 E qti_sensors_hal: batch:sensor(android.sensor.step_counter) handle:5 enabled:1 flags:0x0 period_ns 200000000
01-14 14:20:53.377  1729  2913 E qti_sensors_hal: batch:sensor(android.sensor.step_counter) sample_rate=5.000000Hz report_rate_f=0.000000Hz curr sample rate:5.000000 cur rpt rate:0 max:5.000000 min:0.100000
01-14 14:20:53.377  1729  2913 D SensorService: Calling activate on 20
01-14 14:20:53.377  1729  2913 D SensorService: SensorDevice::activate: ident=0x7f6a994c80, handle=0x00000014, enabled=1, count=2
01-14 14:20:53.377  1729  2913 D SensorService: enable index=1
01-14 14:20:53.381 15169 15169 I chatty  : uid=10121 com.tencent.tim:MSF expire 1 line
01-14 14:20:53.414 15169 15414 I chatty  : uid=10121 com.tencent.tim:MSF expire 1 line
01-14 14:20:53.415 15169 15385 I chatty  : uid=10121 com.tencent.tim:MSF expire 3 lines
01-14 14:20:53.556 15156 15341 I chatty  : uid=10121 com.tencent.tim:Daemon expire 2 lines
01-14 14:20:53.562 15169 15385 I chatty  : uid=10121 com.tencent.tim:MSF expire 4 lines
01-14 14:20:53.567 15169 15367 I chatty  : uid=10121 com.tencent.tim:MSF expire 2 lines
01-14 14:20:53.569 15198 15328 I chatty  : uid=10121 com.tencent.tim:assist expire 2 lines
01-14 14:20:53.573 15169 15385 I chatty  : uid=10121 com.tencent.tim:MSF expire 4 lines
01-14 14:20:53.673 15228 15228 I chatty  : uid=10121(com.tencent.tim) expire 12 lines
01-14 14:20:53.688 15169 15169 I chatty  : uid=10121 com.tencent.tim:MSF expire 2 lines
01-14 14:20:53.708 15228 15228 I chatty  : uid=10121(com.tencent.tim) expire 9 lines
01-14 14:20:53.798 15438 15438 I chatty  : uid=10121(com.tencent.tim) expire 1 line
01-14 14:20:53.811 15228 15438 I chatty  : uid=10121(com.tencent.tim) expire 2 lines
01-14 14:20:53.835 15228 15228 I chatty  : uid=10121(com.tencent.tim) expire 12 lines
01-14 14:20:53.891 15169 15169 I chatty  : uid=10121 com.tencent.tim:MSF expire 1 line
01-14 14:20:53.893 15228 15228 I chatty  : uid=10121(com.tencent.tim) expire 5 lines
01-14 14:20:53.904 15169 15181 I chatty  : uid=10121 com.tencent.tim:MSF expire 4 lines
01-14 14:20:53.946 15169 15182 I chatty  : uid=10121 com.tencent.tim:MSF expire 2 lines
01-14 14:20:53.978 15228 15452 I chatty  : uid=10121(com.tencent.tim) expire 114 lines
01-14 14:20:54.163  6761  6761 I chromium: [INFO:CONSOLE(1)] "TypeError: a.slidersWrap.scrollTo is not a function", source: https://static001.geekbang.org/static/time/js/19.5e672bf32c46a84a1baa.js (1)
01-14 14:20:54.191 15228 15475 I chatty  : uid=10121(com.tencent.tim) expire 11 lines
01-14 14:20:54.219 15228 15478 I chatty  : uid=10121(com.tencent.tim) expire 1 line
01-14 14:20:54.226 15228 15266 I chatty  : uid=10121(com.tencent.tim) expire 7 lines
01-14 14:20:54.312 15228 15449 I chatty  : uid=10121(com.tencent.tim) expire 2 lines
01-14 14:20:54.423 15169 15394 I chatty  : uid=10121 com.tencent.tim:MSF expire 6 lines
01-14 14:20:54.418 15394 15394 I chatty  : uid=10121 com.tencent.tim:MSF expire 2 lines
01-14 14:20:54.501 15169 15395 I chatty  : uid=10121 com.tencent.tim:MSF expire 2 lines
01-14 14:20:54.501 15169 15367 I chatty  : uid=10121 com.tencent.tim:MSF expire 33 lines
01-14 14:20:54.535 15169 15180 I chatty  : uid=10121 com.tencent.tim:MSF expire 5 lines
01-14 14:20:54.548 15169 15393 I chatty  : uid=10121 com.tencent.tim:MSF expire 1 line
01-14 14:20:54.589 15228 15495 I chatty  : uid=10121(com.tencent.tim) expire 9 lines
01-14 14:20:54.613 15169 15385 I chatty  : uid=10121 com.tencent.tim:MSF expire 20 lines
01-14 14:20:55.134  2673  2673 D OppoSpnOverride: getXmlFile
01-14 14:20:55.134  2673  2673 D OppoSpnOverride: mSpnInfoDataPath=/data/data/com.android.phone/spn_zh_cn.xml
01-14 14:20:55.134  2673  2673 D OppoSpnOverride: getXmlFile
01-14 14:20:55.134  2673  2673 D OppoSpnOverride: mSpnInfoDataPath=/data/data/com.android.phone/spn_en.xml
01-14 14:20:55.141 18516 18533 I Kgd.AsyncKeyguardUpdateMonitor: onReceive SPN_STRINGS_UPDATED_ACTION on sub = 0, we need Update = false
01-14 14:20:55.170  1729  1742 V CountryDetector:     getCountry is Country {ISO=CN, source=0, time=36583886}
01-14 14:20:55.176  2673  2673 D CdmaVolteServiceChecker: onReceive, action = android.intent.action.SERVICE_STATE
01-14 14:20:55.176  2673  2673 D CdmaVolteServiceChecker: updateState, checking = false
01-14 14:20:55.176  2673  2673 D CdmaVolteServiceChecker: getMainCapabilitySubId = 3
01-14 14:20:55.177  6761  6761 I chromium: [INFO:CONSOLE(1)] "TypeError: a.slidersWrap.scrollTo is not a function", source: https://static001.geekbang.org/static/time/js/19.5e672bf32c46a84a1baa.js (1)
01-14 14:20:55.186 15198 15282 I chatty  : uid=10121 com.tencent.tim:assist expire 2 lines
01-14 14:20:55.187 15156 15281 I chatty  : uid=10121 com.tencent.tim:Daemon expire 2 lines
01-14 14:20:55.272  2673  2933 E DatabaseUtils: Writing exception to parcel
01-14 14:20:55.272  2673  2933 E DatabaseUtils: java.lang.SecurityException: No permission to write APN settings
01-14 14:20:55.272  2673  2933 E DatabaseUtils: 	at com.android.providers.telephony.TelephonyProvider.checkPermission(TelephonyProvider.java:2983)
01-14 14:20:55.272  2673  2933 E DatabaseUtils: 	at com.android.providers.telephony.TelephonyProvider.query(TelephonyProvider.java:2412)
01-14 14:20:55.272  2673  2933 E DatabaseUtils: 	at android.content.ContentProvider.query(ContentProvider.java:1052)
01-14 14:20:55.272  2673  2933 E DatabaseUtils: 	at android.content.ContentProvider$Transport.query(ContentProvider.java:243)
01-14 14:20:55.272  2673  2933 E DatabaseUtils: 	at android.content.ContentProviderNative.onTransact(ContentProviderNative.java:112)
01-14 14:20:55.272  2673  2933 E DatabaseUtils: 	at android.os.Binder.execTransact(Binder.java:565)
01-14 14:20:55.286  2673 18298 E DatabaseUtils: Writing exception to parcel
01-14 14:20:55.286  2673 18298 E DatabaseUtils: java.lang.SecurityException: No permission to write APN settings
01-14 14:20:55.286  2673 18298 E DatabaseUtils: 	at com.android.providers.telephony.TelephonyProvider.checkPermission(TelephonyProvider.java:2983)
01-14 14:20:55.286  2673 18298 E DatabaseUtils: 	at com.android.providers.telephony.TelephonyProvider.query(TelephonyProvider.java:2412)
01-14 14:20:55.286  2673 18298 E DatabaseUtils: 	at android.content.ContentProvider.query(ContentProvider.java:1052)
01-14 14:20:55.286  2673 18298 E DatabaseUtils: 	at android.content.ContentProvider$Transport.query(ContentProvider.java:243)
01-14 14:20:55.286  2673 18298 E DatabaseUtils: 	at android.content.ContentProviderNative.onTransact(ContentProviderNative.java:112)
01-14 14:20:55.286  2673 18298 E DatabaseUtils: 	at android.os.Binder.execTransact(Binder.java:565)
01-14 14:20:55.309  1729  1738 I art     : Background partial concurrent mark sweep GC freed 594421(23MB) AllocSpace objects, 16(336KB) LOS objects, 29% free, 75MB/107MB, paused 1.615ms total 182.860ms
01-14 14:20:55.326 15228 15558 I chatty  : uid=10121(com.tencent.tim) expire 7 lines
01-14 14:20:55.353 15156 15310 I chatty  : uid=10121 com.tencent.tim:Daemon expire 4 lines
01-14 14:20:55.348 15310 15310 I chatty  : uid=10121 com.tencent.tim:Daemon expire 1 line
01-14 14:20:55.383 15198 15314 I chatty  : uid=10121 com.tencent.tim:assist expire 4 lines
01-14 14:20:55.378 15314 15314 I chatty  : uid=10121 com.tencent.tim:assist expire 1 line
01-14 14:20:55.404 15228 15562 I chatty  : uid=10121(com.tencent.tim) expire 3 lines
01-14 14:20:55.472 15228 15565 I chatty  : uid=10121(com.tencent.tim) expire 7 lines
01-14 14:20:55.749 15228 15228 I chatty  : uid=10121(com.tencent.tim) expire 1 line
01-14 14:20:55.794 15228 15597 I chatty  : uid=10121(com.tencent.tim) expire 5 lines
01-14 14:20:55.832  1729  2913 D LocationManagerService: request 165637b passive Request[POWER_NONE passive fastest=+5s0ms] from com.tencent.tim(10121)
01-14 14:20:56.167  6761  6761 I chromium: [INFO:CONSOLE(1)] "TypeError: a.slidersWrap.scrollTo is not a function", source: https://static001.geekbang.org/static/time/js/19.5e672bf32c46a84a1baa.js (1)
01-14 14:20:56.452 15169 15367 I chatty  : uid=10121 com.tencent.tim:MSF expire 25 lines
01-14 14:20:56.485 15228 15452 I chatty  : uid=10121(com.tencent.tim) expire 4 lines
01-14 14:20:56.497 15169 15385 I chatty  : uid=10121 com.tencent.tim:MSF expire 13 lines
01-14 14:20:56.569 15228 15449 I chatty  : uid=10121(com.tencent.tim) expire 11 lines
01-14 14:20:56.580  2673  2685 E DatabaseUtils: Writing exception to parcel
01-14 14:20:56.580  2673  2685 E DatabaseUtils: java.lang.SecurityException: No permission to write APN settings
01-14 14:20:56.580  2673  2685 E DatabaseUtils: 	at com.android.providers.telephony.TelephonyProvider.checkPermission(TelephonyProvider.java:2983)
01-14 14:20:56.580  2673  2685 E DatabaseUtils: 	at com.android.providers.telephony.TelephonyProvider.query(TelephonyProvider.java:2412)
01-14 14:20:56.580  2673  2685 E DatabaseUtils: 	at android.content.ContentProvider.query(ContentProvider.java:1052)
01-14 14:20:56.580  2673  2685 E DatabaseUtils: 	at android.content.ContentProvider$Transport.query(ContentProvider.java:243)
01-14 14:20:56.580  2673  2685 E DatabaseUtils: 	at android.content.ContentProviderNative.onTransact(ContentProviderNative.java:112)
01-14 14:20:56.580  2673  2685 E DatabaseUtils: 	at android.os.Binder.execTransact(Binder.java:565)
01-14 14:20:56.588  2673  3006 E DatabaseUtils: Writing exception to parcel
01-14 14:20:56.588  2673  3006 E DatabaseUtils: java.lang.SecurityException: No permission to write APN settings
01-14 14:20:56.588  2673  3006 E DatabaseUtils: 	at com.android.providers.telephony.TelephonyProvider.checkPermission(TelephonyProvider.java:2983)
01-14 14:20:56.588  2673  3006 E DatabaseUtils: 	at com.android.providers.telephony.TelephonyProvider.query(TelephonyProvider.java:2412)
01-14 14:20:56.588  2673  3006 E DatabaseUtils: 	at android.content.ContentProvider.query(ContentProvider.java:1052)
01-14 14:20:56.588  2673  3006 E DatabaseUtils: 	at android.content.ContentProvider$Transport.query(ContentProvider.java:243)
01-14 14:20:56.588  2673  3006 E DatabaseUtils: 	at android.content.ContentProviderNative.onTransact(ContentProviderNative.java:112)
01-14 14:20:56.588  2673  3006 E DatabaseUtils: 	at android.os.Binder.execTransact(Binder.java:565)
01-14 14:20:56.847 15228 15439 I chatty  : uid=10121(com.tencent.tim) expire 4 lines
01-14 14:20:56.838 15439 15439 I chatty  : uid=10121(com.tencent.tim) expire 1 line
01-14 14:20:56.935 15169 15395 I chatty  : uid=10121 com.tencent.tim:MSF expire 2 lines
01-14 14:20:56.935 15169 15182 I chatty  : uid=10121 com.tencent.tim:MSF expire 2 lines
01-14 14:20:57.011 15228 15638 I chatty  : uid=10121(com.tencent.tim) expire 1 line
01-14 14:20:57.165  6761  6761 I chromium: [INFO:CONSOLE(1)] "TypeError: a.slidersWrap.scrollTo is not a function", source: https://static001.geekbang.org/static/time/js/19.5e672bf32c46a84a1baa.js (1)
01-14 14:20:57.208 15228 15655 I chatty  : uid=10121(com.tencent.tim) expire 1 line
01-14 14:20:57.209  1729  1753 D BluetoothManagerService: Message: 20
01-14 14:20:57.209  1729  1753 D BluetoothManagerService: Added callback: android.bluetooth.IBluetoothManagerCallback$Stub$Proxy@99045ae:true
01-14 14:20:57.213 15228 15454 I chatty  : uid=10121(com.tencent.tim) expire 1 line
01-14 14:20:57.220 15169 15180 I chatty  : uid=10121 com.tencent.tim:MSF expire 1 line
01-14 14:20:57.225 15228 15639 I chatty  : uid=10121(com.tencent.tim) expire 40 lines
01-14 14:20:57.339 15228 15659 I chatty  : uid=10121(com.tencent.tim) expire 73 lines
01-14 14:20:57.349 15228 15661 I chatty  : uid=10121(com.tencent.tim) expire 1 line
01-14 14:20:57.406  1729  4287 I ActivityManager: Start proc 15666:com.tencent.tim:mail/u0a121 for service com.tencent.tim/cooperation.mailplugin.MailPluginProxyService
01-14 14:20:57.435  1729  2688 D elsa    : app is ProcessRecord{9ada574 15666:com.tencent.tim:mail/u0a121}, isInBlackList is false, isNeedSetProcessGroup is true
01-14 14:20:57.506  2673  2673 D OppoSpnOverride: getXmlFile
01-14 14:20:57.506  2673  2673 D OppoSpnOverride: mSpnInfoDataPath=/data/data/com.android.phone/spn_zh_cn.xml
01-14 14:20:57.506  2673  2673 D OppoSpnOverride: getXmlFile
01-14 14:20:57.506  2673  2673 D OppoSpnOverride: mSpnInfoDataPath=/data/data/com.android.phone/spn_en.xml
01-14 14:20:57.510 18516 18533 I Kgd.AsyncKeyguardUpdateMonitor: onReceive SPN_STRINGS_UPDATED_ACTION on sub = 0, we need Update = false
01-14 14:20:57.520 15666 15666 I chatty  : uid=10121 com.tencent.tim:mail expire 6 lines
01-14 14:20:57.541  2673  2673 D CdmaVolteServiceChecker: onReceive, action = android.intent.action.SERVICE_STATE
01-14 14:20:57.541  2673  2673 D CdmaVolteServiceChecker: updateState, checking = false
01-14 14:20:57.541  2673  2673 D CdmaVolteServiceChecker: getMainCapabilitySubId = 3
01-14 14:20:57.546  1729  1742 V CountryDetector:     getCountry is Country {ISO=CN, source=0, time=36586262}
01-14 14:20:57.569 15666 15691 I chatty  : uid=10121 com.tencent.tim:mail expire 20 lines
01-14 14:20:57.593 15666 15666 I chatty  : uid=10121 com.tencent.tim:mail expire 86 lines
01-14 14:20:57.619 15169 15169 I chatty  : uid=10121 com.tencent.tim:MSF expire 3 lines
01-14 14:20:57.678 15666 15666 W PackageParser: Unknown element under <manifest>: meta-data at /data/data/com.tencent.tim/app_installed_plugin/mail_plugin.apk Binary XML file line #102
01-14 14:20:57.703 15169 15367 I chatty  : uid=10121 com.tencent.tim:MSF expire 6 lines
01-14 14:20:57.708 15228 15452 I chatty  : uid=10121(com.tencent.tim) expire 1 line
01-14 14:20:57.815 15169 15385 I chatty  : uid=10121 com.tencent.tim:MSF expire 3 lines
01-14 14:20:57.844 15666 15703 I chatty  : uid=10121 com.tencent.tim:mail expire 80 lines
01-14 14:20:57.850 15666 15702 I chatty  : uid=10121 com.tencent.tim:mail expire 5 lines
01-14 14:20:58.014 15228 15266 I chatty  : uid=10121(com.tencent.tim) expire 6 lines
01-14 14:20:58.103 15666 15722 I chatty  : uid=10121 com.tencent.tim:mail expire 4 lines
01-14 14:20:58.164  6761  6761 I chromium: [INFO:CONSOLE(1)] "TypeError: a.slidersWrap.scrollTo is not a function", source: https://static001.geekbang.org/static/time/js/19.5e672bf32c46a84a1baa.js (1)
01-14 14:20:58.174 15666 15705 I chatty  : uid=10121 com.tencent.tim:mail expire 10 lines
01-14 14:20:58.239 15228 15449 I chatty  : uid=10121(com.tencent.tim) expire 1 line
01-14 14:20:58.278 15169 15408 I chatty  : uid=10121 com.tencent.tim:MSF expire 18 lines
01-14 14:20:58.285 15666 15724 I chatty  : uid=10121 com.tencent.tim:mail expire 3 lines
01-14 14:20:58.463 15169 15393 I chatty  : uid=10121 com.tencent.tim:MSF expire 1 line
01-14 14:20:58.496 15666 15735 I chatty  : uid=10121 com.tencent.tim:mail expire 2 lines
01-14 14:20:58.521 15666 15746 I chatty  : uid=10121 com.tencent.tim:mail expire 3 lines
01-14 14:20:58.608 15754 15754 I chatty  : uid=10121 com.tencent.tim:mail expire 1 line
01-14 14:20:58.618 15666 15754 I chatty  : uid=10121 com.tencent.tim:mail expire 2 lines
01-14 14:20:58.695 15666 15666 W PackageParser: Unknown element under <manifest>: meta-data at /data/user/0/com.tencent.tim/app_installed_plugin/mail_plugin.apk Binary XML file line #102
01-14 14:20:58.740 15666 15677 I chatty  : uid=10121 com.tencent.tim:mail expire 9 lines
01-14 14:20:58.747 15666 15678 I chatty  : uid=10121 com.tencent.tim:mail expire 6 lines
01-14 14:20:58.748 15169 15182 I chatty  : uid=10121 com.tencent.tim:MSF expire 2 lines
01-14 14:20:58.757 15169 15181 I chatty  : uid=10121 com.tencent.tim:MSF expire 2 lines
01-14 14:20:58.873 17703 17767 W Settings: Setting airplane_mode_on has moved from android.provider.Settings.System to android.provider.Settings.Global, returning read-only value.
01-14 14:20:59.127  2673  2673 D OppoSpnOverride: getXmlFile
01-14 14:20:59.127  2673  2673 D OppoSpnOverride: mSpnInfoDataPath=/data/data/com.android.phone/spn_zh_cn.xml
01-14 14:20:59.127  2673  2673 D OppoSpnOverride: getXmlFile
01-14 14:20:59.127  2673  2673 D OppoSpnOverride: mSpnInfoDataPath=/data/data/com.android.phone/spn_en.xml
01-14 14:20:59.131 15666 15766 I chatty  : uid=10121 com.tencent.tim:mail expire 1 line
01-14 14:20:59.134 18516 18533 I Kgd.AsyncKeyguardUpdateMonitor: onReceive SPN_STRINGS_UPDATED_ACTION on sub = 0, we need Update = false
01-14 14:20:59.155  1729  1742 V CountryDetector:     getCountry is Country {ISO=CN, source=0, time=36587871}
01-14 14:20:59.161  2673  2673 D CdmaVolteServiceChecker: onReceive, action = android.intent.action.SERVICE_STATE
01-14 14:20:59.161  2673  2673 D CdmaVolteServiceChecker: updateState, checking = false
01-14 14:20:59.161  2673  2673 D CdmaVolteServiceChecker: getMainCapabilitySubId = 3
01-14 14:20:59.168  6761  6761 I chromium: [INFO:CONSOLE(1)] "TypeError: a.slidersWrap.scrollTo is not a function", source: https://static001.geekbang.org/static/time/js/19.5e672bf32c46a84a1baa.js (1)
01-14 14:20:59.507 15666 15702 I chatty  : uid=10121 com.tencent.tim:mail expire 6 lines
01-14 14:20:59.899   686   732 D         : power_monitor upthreshold 0, downthreshold 0 , temp1 375, temp2 356
01-14 14:20:59.932   980  1587 D AudioFlinger: getActiveAudioPids pids :
01-14 14:20:59.966  1729  4309 D OppoListManager: no romupdate, use default
01-14 14:20:59.968  3336  5678 D nscore  : PollingHandler package freeze: org.geekbang.geekTime oomAdj:9 cpuLoad:0.07677122 packageRecord:10185
01-14 14:21:00.008  2513  2513 D PhoneStatusBar: recevie time tick broadcast
01-14 14:21:00.022   980  2934 D AudioFlinger: getActiveAudioPids pids :
01-14 14:21:00.023  1729  2687 D OppoBroadcastManager: skip broadcast for pkg:com.greenpoint.android.mc10086.activity, action:android.intent.action.TIME_TICK , app:ProcessRecord{1716ca9 22978:com.greenpoint.android.mc10086.activity:channel/u0a127}
01-14 14:21:00.026   980  1586 D AudioFlinger: getActiveAudioPids pids :
01-14 14:21:00.027  1729  1745 D OppoBroadcastManager: skip broadcast for pkg:com.greenpoint.android.mc10086.activity, action:android.intent.action.TIME_TICK , app:ProcessRecord{a182093 29938:com.greenpoint.android.mc10086.activity/u0a127}
01-14 14:21:00.035   980   980 D AudioFlinger: getActiveAudioPids pids :
01-14 14:21:00.035  1729  1745 D OppoBroadcastManager: skip broadcast for pkg:com.greenpoint.android.mc10086.activity, action:android.intent.action.TIME_TICK , app:ProcessRecord{13a2962 4925:com.water.richprocess.push.keepaliveservice/u0a127}
01-14 14:21:00.167  6761  6761 I chromium: [INFO:CONSOLE(1)] "TypeError: a.slidersWrap.scrollTo is not a function", source: https://static001.geekbang.org/static/time/js/19.5e672bf32c46a84a1baa.js (1)
01-14 14:21:00.378  2673  2673 D OppoSpnOverride: getXmlFile
01-14 14:21:00.378  2673  2673 D OppoSpnOverride: mSpnInfoDataPath=/data/data/com.android.phone/spn_zh_cn.xml
01-14 14:21:00.378  2673  2673 D OppoSpnOverride: getXmlFile
01-14 14:21:00.378  2673  2673 D OppoSpnOverride: mSpnInfoDataPath=/data/data/com.android.phone/spn_en.xml
01-14 14:21:00.384 18516 18533 I Kgd.AsyncKeyguardUpdateMonitor: onReceive SPN_STRINGS_UPDATED_ACTION on sub = 0, we need Update = false
01-14 14:21:00.407  2673  2673 D CdmaVolteServiceChecker: onReceive, action = android.intent.action.SERVICE_STATE
01-14 14:21:00.407  2673  2673 D CdmaVolteServiceChecker: updateState, checking = false
01-14 14:21:00.407  2673  2673 D CdmaVolteServiceChecker: getMainCapabilitySubId = 3
01-14 14:21:00.408  1729  1742 V CountryDetector:     getCountry is Country {ISO=CN, source=0, time=36589124}
01-14 14:21:00.600 15666 15696 I chatty  : uid=10121 com.tencent.tim:mail expire 2 lines
01-14 14:21:00.891 15228 15266 I chatty  : uid=10121(com.tencent.tim) expire 1 line
01-14 14:21:01.171  6761  6761 I chromium: [INFO:CONSOLE(1)] "TypeError: a.slidersWrap.scrollTo is not a function", source: https://static001.geekbang.org/static/time/js/19.5e672bf32c46a84a1baa.js (1)
01-14 14:21:01.377 15666 15704 I chatty  : uid=10121 com.tencent.tim:mail expire 3 lines
01-14 14:21:01.403 15666 15726 I chatty  : uid=10121 com.tencent.tim:mail expire 4 lines
01-14 14:21:01.407 15666 15705 I chatty  : uid=10121 com.tencent.tim:mail expire 8 lines
01-14 14:21:01.417 15666 15703 I chatty  : uid=10121 com.tencent.tim:mail expire 9 lines
01-14 14:21:01.664 15666 15753 I chatty  : uid=10121 com.tencent.tim:mail expire 4 lines
01-14 14:21:01.658 15753 15753 I chatty  : uid=10121 com.tencent.tim:mail expire 1 line
01-14 14:21:01.955 15169 15367 I chatty  : uid=10121 com.tencent.tim:MSF expire 2 lines
01-14 14:21:02.068 15169 15385 I chatty  : uid=10121 com.tencent.tim:MSF expire 1 line
01-14 14:21:02.090 15228 15228 I chatty  : uid=10121(com.tencent.tim) expire 3 lines
01-14 14:21:02.118 15169 15169 I chatty  : uid=10121 com.tencent.tim:MSF expire 1 line
01-14 14:21:02.165  6761  6761 I chromium: [INFO:CONSOLE(1)] "TypeError: a.slidersWrap.scrollTo is not a function", source: https://static001.geekbang.org/static/time/js/19.5e672bf32c46a84a1baa.js (1)
01-14 14:21:03.172  6761  6761 I chromium: [INFO:CONSOLE(1)] "TypeError: a.slidersWrap.scrollTo is not a function", source: https://static001.geekbang.org/static/time/js/19.5e672bf32c46a84a1baa.js (1)
01-14 14:21:03.366 15169 15408 I chatty  : uid=10121 com.tencent.tim:MSF expire 3 lines
01-14 14:21:03.665  3336  3336 D nscore  : abnormal alarm number: 2
01-14 14:21:04.165  6761  6761 I chromium: [INFO:CONSOLE(1)] "TypeError: a.slidersWrap.scrollTo is not a function", source: https://static001.geekbang.org/static/time/js/19.5e672bf32c46a84a1baa.js (1)
01-14 14:21:05.166  6761  6761 I chromium: [INFO:CONSOLE(1)] "TypeError: a.slidersWrap.scrollTo is not a function", source: https://static001.geekbang.org/static/time/js/19.5e672bf32c46a84a1baa.js (1)
01-14 14:21:05.318 15228 15889 I chatty  : uid=10121(com.tencent.tim) expire 1 line
01-14 14:21:05.320 15228 15890 I chatty  : uid=10121(com.tencent.tim) expire 1 line
01-14 14:21:06.027  1729 24321 E Process : get_ion_cache_memory: Unable to open /d/ion/heaps/ion_mm_heap
01-14 14:21:06.166  6761  6761 I chromium: [INFO:CONSOLE(1)] "TypeError: a.slidersWrap.scrollTo is not a function", source: https://static001.geekbang.org/static/time/js/19.5e672bf32c46a84a1baa.js (1)
01-14 14:21:06.681  1729 24261 D OppoListManager: no romupdate, use default
01-14 14:21:06.683   980  1587 D AudioFlinger: getActiveAudioPids pids :
01-14 14:21:07.168  6761  6761 I chromium: [INFO:CONSOLE(1)] "TypeError: a.slidersWrap.scrollTo is not a function", source: https://static001.geekbang.org/static/time/js/19.5e672bf32c46a84a1baa.js (1)
01-14 14:21:08.167  6761  6761 I chromium: [INFO:CONSOLE(1)] "TypeError: a.slidersWrap.scrollTo is not a function", source: https://static001.geekbang.org/static/time/js/19.5e672bf32c46a84a1baa.js (1)
01-14 14:21:09.164  6761  6761 I chromium: [INFO:CONSOLE(1)] "TypeError: a.slidersWrap.scrollTo is not a function", source: https://static001.geekbang.org/static/time/js/19.5e672bf32c46a84a1baa.js (1)
01-14 14:21:10.165  6761  6761 I chromium: [INFO:CONSOLE(1)] "TypeError: a.slidersWrap.scrollTo is not a function", source: https://static001.geekbang.org/static/time/js/19.5e672bf32c46a84a1baa.js (1)
01-14 14:21:10.873  2673  2673 D OppoSpnOverride: getXmlFile
01-14 14:21:10.873  2673  2673 D OppoSpnOverride: mSpnInfoDataPath=/data/data/com.android.phone/spn_zh_cn.xml
01-14 14:21:10.873  2673  2673 D OppoSpnOverride: getXmlFile
01-14 14:21:10.873  2673  2673 D OppoSpnOverride: mSpnInfoDataPath=/data/data/com.android.phone/spn_en.xml
01-14 14:21:10.878 18516 18533 I Kgd.AsyncKeyguardUpdateMonitor: onReceive SPN_STRINGS_UPDATED_ACTION on sub = 0, we need Update = false
01-14 14:21:10.910  2673  2673 D CdmaVolteServiceChecker: onReceive, action = android.intent.action.SERVICE_STATE
01-14 14:21:10.910  2673  2673 D CdmaVolteServiceChecker: updateState, checking = false
01-14 14:21:10.910  2673  2673 D CdmaVolteServiceChecker: getMainCapabilitySubId = 3
01-14 14:21:10.918  1729  1742 V CountryDetector:     getCountry is Country {ISO=CN, source=0, time=36599634}
01-14 14:21:10.928 17703 17767 W Settings: Setting airplane_mode_on has moved from android.provider.Settings.System to android.provider.Settings.Global, returning read-only value.
01-14 14:21:11.166  6761  6761 I chromium: [INFO:CONSOLE(1)] "TypeError: a.slidersWrap.scrollTo is not a function", source: https://static001.geekbang.org/static/time/js/19.5e672bf32c46a84a1baa.js (1)
01-14 14:21:12.167  6761  6761 I chromium: [INFO:CONSOLE(1)] "TypeError: a.slidersWrap.scrollTo is not a function", source: https://static001.geekbang.org/static/time/js/19.5e672bf32c46a84a1baa.js (1)
01-14 14:21:13.166  6761  6761 I chromium: [INFO:CONSOLE(1)] "TypeError: a.slidersWrap.scrollTo is not a function", source: https://static001.geekbang.org/static/time/js/19.5e672bf32c46a84a1baa.js (1)
01-14 14:21:14.165  6761  6761 I chromium: [INFO:CONSOLE(1)] "TypeError: a.slidersWrap.scrollTo is not a function", source: https://static001.geekbang.org/static/time/js/19.5e672bf32c46a84a1baa.js (1)
01-14 14:21:15.165  6761  6761 I chromium: [INFO:CONSOLE(1)] "TypeError: a.slidersWrap.scrollTo is not a function", source: https://static001.geekbang.org/static/time/js/19.5e672bf32c46a84a1baa.js (1)
01-14 14:21:15.754  1729  2612 W Watchdog_N: !@WatchDog_439;
01-14 14:21:16.166  6761  6761 I chromium: [INFO:CONSOLE(1)] "TypeError: a.slidersWrap.scrollTo is not a function", source: https://static001.geekbang.org/static/time/js/19.5e672bf32c46a84a1baa.js (1)
01-14 14:21:17.170  6761  6761 I chromium: [INFO:CONSOLE(1)] "TypeError: a.slidersWrap.scrollTo is not a function", source: https://static001.geekbang.org/static/time/js/19.5e672bf32c46a84a1baa.js (1)
01-14 14:21:18.165  6761  6761 I chromium: [INFO:CONSOLE(1)] "TypeError: a.slidersWrap.scrollTo is not a function", source: https://static001.geekbang.org/static/time/js/19.5e672bf32c46a84a1baa.js (1)
01-14 14:21:19.166  6761  6761 I chromium: [INFO:CONSOLE(1)] "TypeError: a.slidersWrap.scrollTo is not a function", source: https://static001.geekbang.org/static/time/js/19.5e672bf32c46a84a1baa.js (1)
01-14 14:21:19.901   686   732 D         : power_monitor upthreshold 0, downthreshold 0 , temp1 356, temp2 339
01-14 14:21:20.167  6761  6761 I chromium: [INFO:CONSOLE(1)] "TypeError: a.slidersWrap.scrollTo is not a function", source: https://static001.geekbang.org/static/time/js/19.5e672bf32c46a84a1baa.js (1)
01-14 14:21:21.168  6761  6761 I chromium: [INFO:CONSOLE(1)] "TypeError: a.slidersWrap.scrollTo is not a function", source: https://static001.geekbang.org/static/time/js/19.5e672bf32c46a84a1baa.js (1)
01-14 14:21:22.167  6761  6761 I chromium: [INFO:CONSOLE(1)] "TypeError: a.slidersWrap.scrollTo is not a function", source: https://static001.geekbang.org/static/time/js/19.5e672bf32c46a84a1baa.js (1)
01-14 14:21:23.032 17703 17767 W Settings: Setting airplane_mode_on has moved from android.provider.Settings.System to android.provider.Settings.Global, returning read-only value.
01-14 14:21:23.169  6761  6761 I chromium: [INFO:CONSOLE(1)] "TypeError: a.slidersWrap.scrollTo is not a function", source: https://static001.geekbang.org/static/time/js/19.5e672bf32c46a84a1baa.js (1)
01-14 14:21:23.907  1729  4310 E Process : get_ion_cache_memory: Unable to open /d/ion/heaps/ion_mm_heap
